Archive member included to satisfy reference by file (symbol)

e:/compiler/bin/../lib/gcc/arm-none-eabi/10.2.1/thumb/v7e-m+fp/hard\libgcc.a(_arm_muldf3.o)
                              CMakeFiles/FOC_Control.elf.dir/Core/Src/freertos.c.obj (__aeabi_dmul)
e:/compiler/bin/../lib/gcc/arm-none-eabi/10.2.1/thumb/v7e-m+fp/hard\libgcc.a(_arm_addsubdf3.o)
                              CMakeFiles/FOC_Control.elf.dir/UserApp/FOC/FOC.c.obj (__aeabi_dsub)
e:/compiler/bin/../lib/gcc/arm-none-eabi/10.2.1/thumb/v7e-m+fp/hard\libgcc.a(_arm_muldivdf3.o)
                              CMakeFiles/FOC_Control.elf.dir/UserApp/FOC/FOC.c.obj (__aeabi_ddiv)
e:/compiler/bin/../lib/gcc/arm-none-eabi/10.2.1/thumb/v7e-m+fp/hard\libgcc.a(_arm_cmpdf2.o)
                              CMakeFiles/FOC_Control.elf.dir/UserApp/FOC/FOC.c.obj (__aeabi_dcmplt)
e:/compiler/bin/../lib/gcc/arm-none-eabi/10.2.1/thumb/v7e-m+fp/hard\libgcc.a(_arm_truncdfsf2.o)
                              CMakeFiles/FOC_Control.elf.dir/UserApp/FOC/FOC.c.obj (__aeabi_d2f)
e:/compiler/bin/../lib/gcc/arm-none-eabi/10.2.1/thumb/v7e-m+fp/hard\libgcc.a(_aeabi_uldivmod.o)
                              CMakeFiles/FOC_Control.elf.dir/Drivers/STM32H7xx_HAL_Driver/Src/stm32h7xx_hal_uart.c.obj (__aeabi_uldivmod)
e:/compiler/bin/../lib/gcc/arm-none-eabi/10.2.1/thumb/v7e-m+fp/hard\libgcc.a(_udivmoddi4.o)
                              e:/compiler/bin/../lib/gcc/arm-none-eabi/10.2.1/thumb/v7e-m+fp/hard\libgcc.a(_aeabi_uldivmod.o) (__udivmoddi4)
e:/compiler/bin/../lib/gcc/arm-none-eabi/10.2.1/thumb/v7e-m+fp/hard\libgcc.a(_dvmd_tls.o)
                              e:/compiler/bin/../lib/gcc/arm-none-eabi/10.2.1/thumb/v7e-m+fp/hard\libgcc.a(_aeabi_uldivmod.o) (__aeabi_ldiv0)
e:/compiler/bin/../lib/gcc/arm-none-eabi/10.2.1/../../../../arm-none-eabi/lib/thumb/v7e-m+fp/hard\libg.a(lib_a-atof.o)
                              CMakeFiles/FOC_Control.elf.dir/UserApp/retarget/retarget.c.obj (atof)
e:/compiler/bin/../lib/gcc/arm-none-eabi/10.2.1/../../../../arm-none-eabi/lib/thumb/v7e-m+fp/hard\libg.a(lib_a-errno.o)
                              CMakeFiles/FOC_Control.elf.dir/Core/Src/syscalls.c.obj (__errno)
e:/compiler/bin/../lib/gcc/arm-none-eabi/10.2.1/../../../../arm-none-eabi/lib/thumb/v7e-m+fp/hard\libg.a(lib_a-exit.o)
                              e:/compiler/bin/../lib/gcc/arm-none-eabi/10.2.1/../../../../arm-none-eabi/lib/thumb/v7e-m+fp/hard/crt0.o (exit)
e:/compiler/bin/../lib/gcc/arm-none-eabi/10.2.1/../../../../arm-none-eabi/lib/thumb/v7e-m+fp/hard\libg.a(lib_a-impure.o)
                              e:/compiler/bin/../lib/gcc/arm-none-eabi/10.2.1/../../../../arm-none-eabi/lib/thumb/v7e-m+fp/hard\libg.a(lib_a-exit.o) (_global_impure_ptr)
e:/compiler/bin/../lib/gcc/arm-none-eabi/10.2.1/../../../../arm-none-eabi/lib/thumb/v7e-m+fp/hard\libg.a(lib_a-init.o)
                              e:/compiler/bin/../lib/gcc/arm-none-eabi/10.2.1/../../../../arm-none-eabi/lib/thumb/v7e-m+fp/hard/crt0.o (__libc_init_array)
e:/compiler/bin/../lib/gcc/arm-none-eabi/10.2.1/../../../../arm-none-eabi/lib/thumb/v7e-m+fp/hard\libg.a(lib_a-malloc.o)
                              CMakeFiles/FOC_Control.elf.dir/UserApp/FOC/lowpassFilter.c.obj (malloc)
e:/compiler/bin/../lib/gcc/arm-none-eabi/10.2.1/../../../../arm-none-eabi/lib/thumb/v7e-m+fp/hard\libg.a(lib_a-mallocr.o)
                              e:/compiler/bin/../lib/gcc/arm-none-eabi/10.2.1/../../../../arm-none-eabi/lib/thumb/v7e-m+fp/hard\libg.a(lib_a-malloc.o) (_malloc_r)
e:/compiler/bin/../lib/gcc/arm-none-eabi/10.2.1/../../../../arm-none-eabi/lib/thumb/v7e-m+fp/hard\libg.a(lib_a-memcpy.o)
                              CMakeFiles/FOC_Control.elf.dir/Middlewares/Third_Party/FreeRTOS/Source/queue.c.obj (memcpy)
e:/compiler/bin/../lib/gcc/arm-none-eabi/10.2.1/../../../../arm-none-eabi/lib/thumb/v7e-m+fp/hard\libg.a(lib_a-memset.o)
                              e:/compiler/bin/../lib/gcc/arm-none-eabi/10.2.1/../../../../arm-none-eabi/lib/thumb/v7e-m+fp/hard/crt0.o (memset)
e:/compiler/bin/../lib/gcc/arm-none-eabi/10.2.1/../../../../arm-none-eabi/lib/thumb/v7e-m+fp/hard\libg.a(lib_a-mlock.o)
                              e:/compiler/bin/../lib/gcc/arm-none-eabi/10.2.1/../../../../arm-none-eabi/lib/thumb/v7e-m+fp/hard\libg.a(lib_a-mallocr.o) (__malloc_lock)
e:/compiler/bin/../lib/gcc/arm-none-eabi/10.2.1/../../../../arm-none-eabi/lib/thumb/v7e-m+fp/hard\libg.a(lib_a-reent.o)
                              CMakeFiles/FOC_Control.elf.dir/Middlewares/Third_Party/FreeRTOS/Source/tasks.c.obj (_reclaim_reent)
e:/compiler/bin/../lib/gcc/arm-none-eabi/10.2.1/../../../../arm-none-eabi/lib/thumb/v7e-m+fp/hard\libg.a(lib_a-sbrkr.o)
                              e:/compiler/bin/../lib/gcc/arm-none-eabi/10.2.1/../../../../arm-none-eabi/lib/thumb/v7e-m+fp/hard\libg.a(lib_a-mallocr.o) (_sbrk_r)
e:/compiler/bin/../lib/gcc/arm-none-eabi/10.2.1/../../../../arm-none-eabi/lib/thumb/v7e-m+fp/hard\libg.a(lib_a-strchr.o)
[...]
Memory Configuration

Name             Origin             Length             Attributes
FLASH            0x08000000         0x00020000         xr
DTCMRAM          0x20000000         0x00020000         xrw
RAM_D1           0x24000000         0x00080000         xrw
RAM_D2           0x30000000         0x00048000         xrw
RAM_D3           0x38000000         0x00010000         xrw
ITCMRAM          0x00000000         0x00010000         xrw
*default*        0x00000000         0xffffffff

Linker script and memory map

LOAD e:/compiler/bin/../lib/gcc/arm-none-eabi/10.2.1/thumb/v7e-m+fp/hard/crti.o
LOAD e:/compiler/bin/../lib/gcc/arm-none-eabi/10.2.1/thumb/v7e-m+fp/hard/crtbegin.o
LOAD e:/compiler/bin/../lib/gcc/arm-none-eabi/10.2.1/../../../../arm-none-eabi/lib/thumb/v7e-m+fp/hard/crt0.o
LOAD CMakeFiles/FOC_Control.elf.dir/Core/Src/freertos.c.obj
LOAD CMakeFiles/FOC_Control.elf.dir/Core/Src/main.c.obj
LOAD CMakeFiles/FOC_Control.elf.dir/Core/Src/stm32h7xx_hal_msp.c.obj
LOAD CMakeFiles/FOC_Control.elf.dir/Core/Src/stm32h7xx_it.c.obj
LOAD CMakeFiles/FOC_Control.elf.dir/Core/Src/syscalls.c.obj
LOAD CMakeFiles/FOC_Control.elf.dir/Core/Src/sysmem.c.obj
LOAD CMakeFiles/FOC_Control.elf.dir/Core/Src/system_stm32h7xx.c.obj
LOAD CMakeFiles/FOC_Control.elf.dir/Core/Startup/startup_stm32h750vbtx.s.obj
LOAD CMakeFiles/FOC_Control.elf.dir/Drivers/STM32H7xx_HAL_Driver/Src/stm32h7xx_hal.c.obj
LOAD CMakeFiles/FOC_Control.elf.dir/Drivers/STM32H7xx_HAL_Driver/Src/stm32h7xx_hal_cortex.c.obj
LOAD CMakeFiles/FOC_Control.elf.dir/Drivers/STM32H7xx_HAL_Driver/Src/stm32h7xx_hal_crc.c.obj
LOAD CMakeFiles/FOC_Control.elf.dir/Drivers/STM32H7xx_HAL_Driver/Src/stm32h7xx_hal_crc_ex.c.obj
LOAD CMakeFiles/FOC_Control.elf.dir/Drivers/STM32H7xx_HAL_Driver/Src/stm32h7xx_hal_dma.c.obj
LOAD CMakeFiles/FOC_Control.elf.dir/Drivers/STM32H7xx_HAL_Driver/Src/stm32h7xx_hal_dma_ex.c.obj
LOAD CMakeFiles/FOC_Control.elf.dir/Drivers/STM32H7xx_HAL_Driver/Src/stm32h7xx_hal_exti.c.obj
LOAD CMakeFiles/FOC_Control.elf.dir/Drivers/STM32H7xx_HAL_Driver/Src/stm32h7xx_hal_flash.c.obj
LOAD CMakeFiles/FOC_Control.elf.dir/Drivers/STM32H7xx_HAL_Driver/Src/stm32h7xx_hal_flash_ex.c.obj
LOAD CMakeFiles/FOC_Control.elf.dir/Drivers/STM32H7xx_HAL_Driver/Src/stm32h7xx_hal_gpio.c.obj
LOAD CMakeFiles/FOC_Control.elf.dir/Drivers/STM32H7xx_HAL_Driver/Src/stm32h7xx_hal_hsem.c.obj
LOAD CMakeFiles/FOC_Control.elf.dir/Drivers/STM32H7xx_HAL_Driver/Src/stm32h7xx_hal_i2c.c.obj
LOAD CMakeFiles/FOC_Control.elf.dir/Drivers/STM32H7xx_HAL_Driver/Src/stm32h7xx_hal_i2c_ex.c.obj
LOAD CMakeFiles/FOC_Control.elf.dir/Drivers/STM32H7xx_HAL_Driver/Src/stm32h7xx_hal_mdma.c.obj
LOAD CMakeFiles/FOC_Control.elf.dir/Drivers/STM32H7xx_HAL_Driver/Src/stm32h7xx_hal_pwr.c.obj
LOAD CMakeFiles/FOC_Control.elf.dir/Drivers/STM32H7xx_HAL_Driver/Src/stm32h7xx_hal_pwr_ex.c.obj
LOAD CMakeFiles/FOC_Control.elf.dir/Drivers/STM32H7xx_HAL_Driver/Src/stm32h7xx_hal_rcc.c.obj
LOAD CMakeFiles/FOC_Control.elf.dir/Drivers/STM32H7xx_HAL_Driver/Src/stm32h7xx_hal_rcc_ex.c.obj
LOAD CMakeFiles/FOC_Control.elf.dir/Drivers/STM32H7xx_HAL_Driver/Src/stm32h7xx_hal_spi.c.obj
LOAD CMakeFiles/FOC_Control.elf.dir/Drivers/STM32H7xx_HAL_Driver/Src/stm32h7xx_hal_spi_ex.c.obj
LOAD CMakeFiles/FOC_Control.elf.dir/Drivers/STM32H7xx_HAL_Driver/Src/stm32h7xx_hal_tim.c.obj
LOAD CMakeFiles/FOC_Control.elf.dir/Drivers/STM32H7xx_HAL_Driver/Src/stm32h7xx_hal_tim_ex.c.obj
LOAD CMakeFiles/FOC_Control.elf.dir/Drivers/STM32H7xx_HAL_Driver/Src/stm32h7xx_hal_uart.c.obj
LOAD CMakeFiles/FOC_Control.elf.dir/Drivers/STM32H7xx_HAL_Driver/Src/stm32h7xx_hal_uart_ex.c.obj
LOAD CMakeFiles/FOC_Control.elf.dir/Middlewares/Third_Party/FreeRTOS/Source/CMSIS_RTOS/cmsis_os.c.obj
LOAD CMakeFiles/FOC_Control.elf.dir/Middlewares/Third_Party/FreeRTOS/Source/croutine.c.obj
LOAD CMakeFiles/FOC_Control.elf.dir/Middlewares/Third_Party/FreeRTOS/Source/event_groups.c.obj
LOAD CMakeFiles/FOC_Control.elf.dir/Middlewares/Third_Party/FreeRTOS/Source/list.c.obj
LOAD CMakeFiles/FOC_Control.elf.dir/Middlewares/Third_Party/FreeRTOS/Source/portable/GCC/ARM_CM4F/port.c.obj
LOAD CMakeFiles/FOC_Control.elf.dir/Middlewares/Third_Party/FreeRTOS/Source/portable/MemMang/heap_4.c.obj
LOAD CMakeFiles/FOC_Control.elf.dir/Middlewares/Third_Party/FreeRTOS/Source/queue.c.obj
LOAD CMakeFiles/FOC_Control.elf.dir/Middlewares/Third_Party/FreeRTOS/Source/stream_buffer.c.obj
LOAD CMakeFiles/FOC_Control.elf.dir/Middlewares/Third_Party/FreeRTOS/Source/tasks.c.obj
LOAD CMakeFiles/FOC_Control.elf.dir/Middlewares/Third_Party/FreeRTOS/Source/timers.c.obj
LOAD CMakeFiles/FOC_Control.elf.dir/UserApp/FOC/FOC.c.obj
LOAD CMakeFiles/FOC_Control.elf.dir/UserApp/FOC/Filter.c.obj
LOAD CMakeFiles/FOC_Control.elf.dir/UserApp/FOC/lowpassFilter.c.obj
LOAD CMakeFiles/FOC_Control.elf.dir/UserApp/FOC/my_PID.c.obj
LOAD CMakeFiles/FOC_Control.elf.dir/UserApp/FOC/pid.c.obj
LOAD CMakeFiles/FOC_Control.elf.dir/UserApp/MT6701/MT6701.c.obj
LOAD CMakeFiles/FOC_Control.elf.dir/UserApp/retarget/retarget.c.obj
START GROUP
LOAD e:/compiler/bin/../lib/gcc/arm-none-eabi/10.2.1/thumb/v7e-m+fp/hard\libgcc.a
LOAD e:/compiler/bin/../lib/gcc/arm-none-eabi/10.2.1/../../../../arm-none-eabi/lib/thumb/v7e-m+fp/hard\libg.a
LOAD e:/compiler/bin/../lib/gcc/arm-none-eabi/10.2.1/../../../../arm-none-eabi/lib/thumb/v7e-m+fp/hard\libc.a
END GROUP
LOAD e:/compiler/bin/../lib/gcc/arm-none-eabi/10.2.1/thumb/v7e-m+fp/hard/crtend.o
LOAD e:/compiler/bin/../lib/gcc/arm-none-eabi/10.2.1/thumb/v7e-m+fp/hard/crtn.o
                0x24080000                _estack = (ORIGIN (RAM_D1) + LENGTH (RAM_D1))
                0x00004000                _Min_Heap_Size = 0x4000
                0x00004000                _Min_Stack_Size = 0x4000

.isr_vector     0x08000000      0x298
                0x08000000                . = ALIGN (0x4)
 *(.isr_vector)
 .isr_vector    0x08000000      0x298 CMakeFiles/FOC_Control.elf.dir/Core/Startup/startup_stm32h750vbtx.s.obj
                0x08000000                g_pfnVectors
                0x08000298                . = ALIGN (0x4)

.text           0x080002c0    0x11a14
                0x080002c0                . = ALIGN (0x4)
 *(.text)
 .text          0x080002c0       0x40 e:/compiler/bin/../lib/gcc/arm-none-eabi/10.2.1/thumb/v7e-m+fp/hard/crtbegin.o
 .text          0x08000300      0x378 e:/compiler/bin/../lib/gcc/arm-none-eabi/10.2.1/thumb/v7e-m+fp/hard\libgcc.a(_arm_addsubdf3.o)
                0x08000300                __aeabi_drsub
                0x08000308                __aeabi_dsub
                0x08000308                __subdf3
                0x0800030c                __aeabi_dadd
                0x0800030c                __adddf3
                0x08000584                __floatunsidf
                0x08000584                __aeabi_ui2d
                0x080005a4                __floatsidf
                0x080005a4                __aeabi_i2d
                0x080005c8                __aeabi_f2d
                0x080005c8                __extendsfdf2
                0x0800060c                __floatundidf
                0x0800060c                __aeabi_ul2d
                0x0800061c                __floatdidf
                0x0800061c                __aeabi_l2d
 .text          0x08000678      0x424 e:/compiler/bin/../lib/gcc/arm-none-eabi/10.2.1/thumb/v7e-m+fp/hard\libgcc.a(_arm_muldivdf3.o)
                0x08000678                __aeabi_dmul
                0x08000678                __muldf3
                0x080008cc                __divdf3
                0x080008cc                __aeabi_ddiv
 .text          0x08000a9c      0x110 e:/compiler/bin/../lib/gcc/arm-none-eabi/10.2.1/thumb/v7e-m+fp/hard\libgcc.a(_arm_cmpdf2.o)
                0x08000a9c                __gtdf2
                0x08000a9c                __gedf2
                0x08000aa4                __ltdf2
                0x08000aa4                __ledf2
                0x08000aac                __nedf2
                0x08000aac                __eqdf2
                0x08000aac                __cmpdf2
                0x08000b28                __aeabi_cdrcmple
                0x08000b38                __aeabi_cdcmpeq
                0x08000b38                __aeabi_cdcmple
                0x08000b48                __aeabi_dcmpeq
                0x08000b5c                __aeabi_dcmplt
                0x08000b70                __aeabi_dcmple
                0x08000b84                __aeabi_dcmpge
                0x08000b98                __aeabi_dcmpgt
 .text          0x08000bac       0xa0 e:/compiler/bin/../lib/gcc/arm-none-eabi/10.2.1/thumb/v7e-m+fp/hard\libgcc.a(_arm_truncdfsf2.o)
                0x08000bac                __truncdfsf2
                0x08000bac                __aeabi_d2f
 .text          0x08000c4c       0x30 e:/compiler/bin/../lib/gcc/arm-none-eabi/10.2.1/thumb/v7e-m+fp/hard\libgcc.a(_aeabi_uldivmod.o)
                0x08000c4c                __aeabi_uldivmod
 .text          0x08000c7c      0x2d0 e:/compiler/bin/../lib/gcc/arm-none-eabi/10.2.1/thumb/v7e-m+fp/hard\libgcc.a(_udivmoddi4.o)
                0x08000c7c                __udivmoddi4
 .text          0x08000f4c        0x4 e:/compiler/bin/../lib/gcc/arm-none-eabi/10.2.1/thumb/v7e-m+fp/hard\libgcc.a(_dvmd_tls.o)
                0x08000f4c                __aeabi_idiv0
                0x08000f4c                __aeabi_ldiv0
 .text          0x08000f50      0x134 e:/compiler/bin/../lib/gcc/arm-none-eabi/10.2.1/../../../../arm-none-eabi/lib/thumb/v7e-m+fp/hard\libg.a(lib_a-memcpy.o)
                0x08000f50                memcpy
 *fill*         0x08001084       0x3c 
 .text          0x080010c0       0xdc e:/compiler/bin/../lib/gcc/arm-none-eabi/10.2.1/../../../../arm-none-eabi/lib/thumb/v7e-m+fp/hard\libg.a(lib_a-strlen.o)
                0x080010c0                strlen
 *fill*         0x0800119c        0x4 
 .text          0x080011a0       0xa0 e:/compiler/bin/../lib/gcc/arm-none-eabi/10.2.1/../../../../arm-none-eabi/lib/thumb/v7e-m+fp/hard\libg.a(lib_a-memchr.o)
                0x080011a0                memchr
 .text          0x08001240       0x2c e:/compiler/bin/../lib/gcc/arm-none-eabi/10.2.1/thumb/v7e-m+fp/hard\libgcc.a(_arm_unorddf2.o)
                0x08001240                __unorddf2
                0x08001240                __aeabi_dcmpun
 .text          0x0800126c       0x50 e:/compiler/bin/../lib/gcc/arm-none-eabi/10.2.1/thumb/v7e-m+fp/hard\libgcc.a(_arm_fixdfsi.o)
                0x0800126c                __aeabi_d2iz
                0x0800126c                __fixdfsi
 *(.text*)
 .text.vApplicationTickHook
                0x080012bc        0x2 CMakeFiles/FOC_Control.elf.dir/Core/Src/freertos.c.obj
                0x080012bc                vApplicationTickHook
 *fill*         0x080012be        0x2 
 .text.vApplicationGetIdleTaskMemory
                0x080012c0       0x18 CMakeFiles/FOC_Control.elf.dir/Core/Src/freertos.c.obj
                0x080012c0                vApplicationGetIdleTaskMemory
 .text.FOCTask  0x080012d8      0x12c CMakeFiles/FOC_Control.elf.dir/Core/Src/freertos.c.obj
                0x080012d8                FOCTask
 .text.SensorTask
                0x08001404        0xc CMakeFiles/FOC_Control.elf.dir/Core/Src/freertos.c.obj
                0x08001404                SensorTask
 .text.ModeSwitchTask
                0x08001410        0xc CMakeFiles/FOC_Control.elf.dir/Core/Src/freertos.c.obj
                0x08001410                ModeSwitchTask
 .text.UARTTask
                0x0800141c       0xfc CMakeFiles/FOC_Control.elf.dir/Core/Src/freertos.c.obj
                0x0800141c                UARTTask
 .text.MX_GPIO_Init
                0x08001518      0x1a0 CMakeFiles/FOC_Control.elf.dir/Core/Src/main.c.obj
 .text.MX_DMA_Init
                0x080016b8       0x48 CMakeFiles/FOC_Control.elf.dir/Core/Src/main.c.obj
 .text.StartDefaultTask
                0x08001700       0x7c CMakeFiles/FOC_Control.elf.dir/Core/Src/main.c.obj
                0x08001700                StartDefaultTask
 .text.Error_Handler
                0x0800177c        0x4 CMakeFiles/FOC_Control.elf.dir/Core/Src/main.c.obj
                0x0800177c                Error_Handler
 .text.MX_CRC_Init
                0x08001780       0x2c CMakeFiles/FOC_Control.elf.dir/Core/Src/main.c.obj
 .text.MX_SPI1_Init
                0x080017ac       0x60 CMakeFiles/FOC_Control.elf.dir/Core/Src/main.c.obj
 .text.MX_TIM3_Init
                0x0800180c       0x80 CMakeFiles/FOC_Control.elf.dir/Core/Src/main.c.obj
 .text.MX_TIM4_Init
                0x0800188c       0x80 CMakeFiles/FOC_Control.elf.dir/Core/Src/main.c.obj
 .text.MX_TIM5_Init
                0x0800190c       0x80 CMakeFiles/FOC_Control.elf.dir/Core/Src/main.c.obj
 .text.MX_USART1_UART_Init
                0x0800198c       0x60 CMakeFiles/FOC_Control.elf.dir/Core/Src/main.c.obj
 .text.MX_I2C2_Init
                0x080019ec       0x54 CMakeFiles/FOC_Control.elf.dir/Core/Src/main.c.obj
 .text.SystemClock_Config
                0x08001a40       0xc8 CMakeFiles/FOC_Control.elf.dir/Core/Src/main.c.obj
                0x08001a40                SystemClock_Config
 .text.main     0x08001b08       0x70 CMakeFiles/FOC_Control.elf.dir/Core/Src/main.c.obj
                0x08001b08                main
 .text.HAL_MspInit
                0x08001b78       0x34 CMakeFiles/FOC_Control.elf.dir/Core/Src/stm32h7xx_hal_msp.c.obj
                0x08001b78                HAL_MspInit
 .text.HAL_CRC_MspInit
                0x08001bac       0x30 CMakeFiles/FOC_Control.elf.dir/Core/Src/stm32h7xx_hal_msp.c.obj
                0x08001bac                HAL_CRC_MspInit
 .text.HAL_I2C_MspInit
                0x08001bdc       0x98 CMakeFiles/FOC_Control.elf.dir/Core/Src/stm32h7xx_hal_msp.c.obj
                0x08001bdc                HAL_I2C_MspInit
 .text.HAL_SPI_MspInit
                0x08001c74      0x104 CMakeFiles/FOC_Control.elf.dir/Core/Src/stm32h7xx_hal_msp.c.obj
                0x08001c74                HAL_SPI_MspInit
 .text.HAL_TIM_PWM_MspInit
                0x08001d78       0x80 CMakeFiles/FOC_Control.elf.dir/Core/Src/stm32h7xx_hal_msp.c.obj
                0x08001d78                HAL_TIM_PWM_MspInit
 .text.HAL_TIM_MspPostInit
                0x08001df8       0xd0 CMakeFiles/FOC_Control.elf.dir/Core/Src/stm32h7xx_hal_msp.c.obj
                0x08001df8                HAL_TIM_MspPostInit
 .text.HAL_UART_MspInit
                0x08001ec8       0xd8 CMakeFiles/FOC_Control.elf.dir/Core/Src/stm32h7xx_hal_msp.c.obj
                0x08001ec8                HAL_UART_MspInit
 .text.NMI_Handler
                0x08001fa0        0x2 CMakeFiles/FOC_Control.elf.dir/Core/Src/stm32h7xx_it.c.obj
                0x08001fa0                NMI_Handler
 .text.HardFault_Handler
                0x08001fa2        0x2 CMakeFiles/FOC_Control.elf.dir/Core/Src/stm32h7xx_it.c.obj
                0x08001fa2                HardFault_Handler
 .text.MemManage_Handler
                0x08001fa4        0x2 CMakeFiles/FOC_Control.elf.dir/Core/Src/stm32h7xx_it.c.obj
                0x08001fa4                MemManage_Handler
 .text.BusFault_Handler
                0x08001fa6        0x2 CMakeFiles/FOC_Control.elf.dir/Core/Src/stm32h7xx_it.c.obj
                0x08001fa6                BusFault_Handler
 .text.UsageFault_Handler
                0x08001fa8        0x2 CMakeFiles/FOC_Control.elf.dir/Core/Src/stm32h7xx_it.c.obj
                0x08001fa8                UsageFault_Handler
 .text.DebugMon_Handler
                0x08001faa        0x2 CMakeFiles/FOC_Control.elf.dir/Core/Src/stm32h7xx_it.c.obj
                0x08001faa                DebugMon_Handler
 .text.SysTick_Handler
                0x08001fac       0x16 CMakeFiles/FOC_Control.elf.dir/Core/Src/stm32h7xx_it.c.obj
                0x08001fac                SysTick_Handler
 .text.EXTI4_IRQHandler
                0x08001fc2        0xa CMakeFiles/FOC_Control.elf.dir/Core/Src/stm32h7xx_it.c.obj
                0x08001fc2                EXTI4_IRQHandler
 .text.DMA1_Stream0_IRQHandler
                0x08001fcc       0x10 CMakeFiles/FOC_Control.elf.dir/Core/Src/stm32h7xx_it.c.obj
                0x08001fcc                DMA1_Stream0_IRQHandler
 .text.DMA1_Stream3_IRQHandler
                0x08001fdc       0x10 CMakeFiles/FOC_Control.elf.dir/Core/Src/stm32h7xx_it.c.obj
                0x08001fdc                DMA1_Stream3_IRQHandler
 .text.SPI1_IRQHandler
                0x08001fec       0x10 CMakeFiles/FOC_Control.elf.dir/Core/Src/stm32h7xx_it.c.obj
                0x08001fec                SPI1_IRQHandler
 .text._getpid  0x08001ffc        0x4 CMakeFiles/FOC_Control.elf.dir/Core/Src/syscalls.c.obj
                0x08001ffc                _getpid
 .text._kill    0x08002000       0x10 CMakeFiles/FOC_Control.elf.dir/Core/Src/syscalls.c.obj
                0x08002000                _kill
 .text._exit    0x08002010        0xc CMakeFiles/FOC_Control.elf.dir/Core/Src/syscalls.c.obj
                0x08002010                _exit
 .text._read    0x0800201c       0x20 CMakeFiles/FOC_Control.elf.dir/Core/Src/syscalls.c.obj
                0x0800201c                _read
 .text._write   0x0800203c       0x1c CMakeFiles/FOC_Control.elf.dir/Core/Src/syscalls.c.obj
                0x0800203c                _write
 .text._close   0x08002058        0x6 CMakeFiles/FOC_Control.elf.dir/Core/Src/syscalls.c.obj
                0x08002058                _close
 .text._fstat   0x0800205e        0xa CMakeFiles/FOC_Control.elf.dir/Core/Src/syscalls.c.obj
                0x0800205e                _fstat
 .text._isatty  0x08002068        0x4 CMakeFiles/FOC_Control.elf.dir/Core/Src/syscalls.c.obj
                0x08002068                _isatty
 .text._lseek   0x0800206c        0x4 CMakeFiles/FOC_Control.elf.dir/Core/Src/syscalls.c.obj
                0x0800206c                _lseek
 .text._sbrk    0x08002070       0x48 CMakeFiles/FOC_Control.elf.dir/Core/Src/sysmem.c.obj
                0x08002070                _sbrk
 .text.SystemInit
                0x080020b8       0xcc CMakeFiles/FOC_Control.elf.dir/Core/Src/system_stm32h7xx.c.obj
                0x080020b8                SystemInit
 .text.Reset_Handler
                0x08002184       0x50 CMakeFiles/FOC_Control.elf.dir/Core/Startup/startup_stm32h750vbtx.s.obj
                0x08002184                Reset_Handler
 .text.Default_Handler
                0x080021d4        0x2 CMakeFiles/FOC_Control.elf.dir/Core/Startup/startup_stm32h750vbtx.s.obj
                0x080021d4                RTC_Alarm_IRQHandler
                0x080021d4                HASH_RNG_IRQHandler
                0x080021d4                EXTI2_IRQHandler
                0x080021d4                TIM8_CC_IRQHandler
                0x080021d4                HRTIM1_Master_IRQHandler
                0x080021d4                UART8_IRQHandler
                0x080021d4                SPI4_IRQHandler
                0x080021d4                TIM1_CC_IRQHandler
                0x080021d4                BDMA_Channel6_IRQHandler
                0x080021d4                DMA2_Stream5_IRQHandler
                0x080021d4                HRTIM1_FLT_IRQHandler
                0x080021d4                JPEG_IRQHandler
                0x080021d4                DMA1_Stream5_IRQHandler
                0x080021d4                BDMA_Channel1_IRQHandler
                0x080021d4                HRTIM1_TIMD_IRQHandler
                0x080021d4                TAMP_STAMP_IRQHandler
                0x080021d4                EXTI3_IRQHandler
                0x080021d4                LPTIM4_IRQHandler
                0x080021d4                TIM8_TRG_COM_TIM14_IRQHandler
                0x080021d4                LPTIM2_IRQHandler
                0x080021d4                DFSDM1_FLT1_IRQHandler
                0x080021d4                DMAMUX2_OVR_IRQHandler
                0x080021d4                TIM8_UP_TIM13_IRQHandler
                0x080021d4                I2C3_ER_IRQHandler
                0x080021d4                DFSDM1_FLT2_IRQHandler
                0x080021d4                MDMA_IRQHandler
                0x080021d4                LPTIM3_IRQHandler
                0x080021d4                HSEM1_IRQHandler
                0x080021d4                EXTI0_IRQHandler
                0x080021d4                I2C2_EV_IRQHandler
                0x080021d4                DMA1_Stream2_IRQHandler
                0x080021d4                FPU_IRQHandler
                0x080021d4                OTG_HS_WKUP_IRQHandler
                0x080021d4                FDCAN1_IT1_IRQHandler
                0x080021d4                LTDC_ER_IRQHandler
                0x080021d4                DMA2_Stream2_IRQHandler
                0x080021d4                HRTIM1_TIME_IRQHandler
                0x080021d4                TIM6_DAC_IRQHandler
                0x080021d4                DCMI_IRQHandler
                0x080021d4                HRTIM1_TIMC_IRQHandler
                0x080021d4                DMA2_Stream3_IRQHandler
                0x080021d4                SAI2_IRQHandler
                0x080021d4                DFSDM1_FLT3_IRQHandler
                0x080021d4                USART6_IRQHandler
                0x080021d4                TIM17_IRQHandler
                0x080021d4                USART3_IRQHandler
                0x080021d4                BDMA_Channel7_IRQHandler
                0x080021d4                CRYP_IRQHandler
                0x080021d4                LPTIM5_IRQHandler
                0x080021d4                UART5_IRQHandler
                0x080021d4                ADC3_IRQHandler
                0x080021d4                DMA2_Stream0_IRQHandler
                0x080021d4                TIM4_IRQHandler
                0x080021d4                BDMA_Channel2_IRQHandler
                0x080021d4                QUADSPI_IRQHandler
                0x080021d4                I2C1_EV_IRQHandler
                0x080021d4                DMA1_Stream6_IRQHandler
                0x080021d4                DMAMUX1_OVR_IRQHandler
                0x080021d4                DMA1_Stream1_IRQHandler
                0x080021d4                TIM16_IRQHandler
                0x080021d4                UART4_IRQHandler
                0x080021d4                BDMA_Channel5_IRQHandler
                0x080021d4                TIM3_IRQHandler
                0x080021d4                RCC_IRQHandler
                0x080021d4                TIM8_BRK_TIM12_IRQHandler
                0x080021d4                TIM1_TRG_COM_IRQHandler
                0x080021d4                Default_Handler
                0x080021d4                ECC_IRQHandler
                0x080021d4                CEC_IRQHandler
                0x080021d4                EXTI15_10_IRQHandler
                0x080021d4                BDMA_Channel0_IRQHandler
                0x080021d4                ADC_IRQHandler
                0x080021d4                DMA1_Stream7_IRQHandler
                0x080021d4                HRTIM1_TIMA_IRQHandler
                0x080021d4                SPI5_IRQHandler
                0x080021d4                TIM7_IRQHandler
                0x080021d4                SDMMC1_IRQHandler
                0x080021d4                TIM5_IRQHandler
                0x080021d4                DMA2_Stream7_IRQHandler
                0x080021d4                TIM15_IRQHandler
                0x080021d4                PVD_AVD_IRQHandler
                0x080021d4                I2C3_EV_IRQHandler
                0x080021d4                EXTI9_5_IRQHandler
                0x080021d4                RTC_WKUP_IRQHandler
                0x080021d4                LTDC_IRQHandler
                0x080021d4                SAI3_IRQHandler
                0x080021d4                ETH_WKUP_IRQHandler
                0x080021d4                SPDIF_RX_IRQHandler
                0x080021d4                SPI2_IRQHandler
                0x080021d4                OTG_HS_EP1_IN_IRQHandler
                0x080021d4                CRS_IRQHandler
                0x080021d4                HRTIM1_TIMB_IRQHandler
                0x080021d4                FDCAN2_IT1_IRQHandler
                0x080021d4                ETH_IRQHandler
                0x080021d4                TIM1_UP_IRQHandler
                0x080021d4                BDMA_Channel4_IRQHandler
                0x080021d4                OTG_HS_EP1_OUT_IRQHandler
                0x080021d4                WWDG_IRQHandler
                0x080021d4                SPI6_IRQHandler
                0x080021d4                MDIOS_IRQHandler
                0x080021d4                I2C4_EV_IRQHandler
                0x080021d4                FDCAN2_IT0_IRQHandler
                0x080021d4                LPUART1_IRQHandler
                0x080021d4                FDCAN1_IT0_IRQHandler
                0x080021d4                TIM2_IRQHandler
                0x080021d4                OTG_FS_WKUP_IRQHandler
                0x080021d4                OTG_HS_IRQHandler
                0x080021d4                DMA2D_IRQHandler
                0x080021d4                TIM1_BRK_IRQHandler
                0x080021d4                EXTI1_IRQHandler
                0x080021d4                SDMMC2_IRQHandler
                0x080021d4                OTG_FS_EP1_OUT_IRQHandler
                0x080021d4                BDMA_Channel3_IRQHandler
                0x080021d4                UART7_IRQHandler
                0x080021d4                MDIOS_WKUP_IRQHandler
                0x080021d4                USART2_IRQHandler
                0x080021d4                DFSDM1_FLT0_IRQHandler
                0x080021d4                SAI4_IRQHandler
                0x080021d4                I2C2_ER_IRQHandler
                0x080021d4                DMA2_Stream1_IRQHandler
                0x080021d4                FLASH_IRQHandler
                0x080021d4                DMA2_Stream4_IRQHandler
                0x080021d4                USART1_IRQHandler
                0x080021d4                OTG_FS_IRQHandler
                0x080021d4                SPI3_IRQHandler
                0x080021d4                WAKEUP_PIN_IRQHandler
                0x080021d4                DMA1_Stream4_IRQHandler
                0x080021d4                OTG_FS_EP1_IN_IRQHandler
                0x080021d4                I2C1_ER_IRQHandler
                0x080021d4                FMC_IRQHandler
                0x080021d4                FDCAN_CAL_IRQHandler
                0x080021d4                SWPMI1_IRQHandler
                0x080021d4                COMP1_IRQHandler
                0x080021d4                LPTIM1_IRQHandler
                0x080021d4                I2C4_ER_IRQHandler
                0x080021d4                DMA2_Stream6_IRQHandler
                0x080021d4                SAI1_IRQHandler
 *fill*         0x080021d6        0x2 
 .text.HAL_InitTick
                0x080021d8       0x50 CMakeFiles/FOC_Control.elf.dir/Drivers/STM32H7xx_HAL_Driver/Src/stm32h7xx_hal.c.obj
                0x080021d8                HAL_InitTick
 .text.HAL_Init
                0x08002228       0x5c CMakeFiles/FOC_Control.elf.dir/Drivers/STM32H7xx_HAL_Driver/Src/stm32h7xx_hal.c.obj
                0x08002228                HAL_Init
 .text.HAL_IncTick
                0x08002284       0x18 CMakeFiles/FOC_Control.elf.dir/Drivers/STM32H7xx_HAL_Driver/Src/stm32h7xx_hal.c.obj
                0x08002284                HAL_IncTick
 .text.HAL_GetTick
                0x0800229c        0xc CMakeFiles/FOC_Control.elf.dir/Drivers/STM32H7xx_HAL_Driver/Src/stm32h7xx_hal.c.obj
                0x0800229c                HAL_GetTick
 .text.HAL_Delay
                0x080022a8       0x28 CMakeFiles/FOC_Control.elf.dir/Drivers/STM32H7xx_HAL_Driver/Src/stm32h7xx_hal.c.obj
                0x080022a8                HAL_Delay
 .text.HAL_GetREVID
                0x080022d0        0xc CMakeFiles/FOC_Control.elf.dir/Drivers/STM32H7xx_HAL_Driver/Src/stm32h7xx_hal.c.obj
                0x080022d0                HAL_GetREVID
 .text.HAL_NVIC_SetPriorityGrouping
                0x080022dc       0x24 CMakeFiles/FOC_Control.elf.dir/Drivers/STM32H7xx_HAL_Driver/Src/stm32h7xx_hal_cortex.c.obj
                0x080022dc                HAL_NVIC_SetPriorityGrouping
 .text.HAL_NVIC_SetPriority
                0x08002300       0x6c CMakeFiles/FOC_Control.elf.dir/Drivers/STM32H7xx_HAL_Driver/Src/stm32h7xx_hal_cortex.c.obj
                0x08002300                HAL_NVIC_SetPriority
 .text.HAL_NVIC_EnableIRQ
                0x0800236c       0x1c CMakeFiles/FOC_Control.elf.dir/Drivers/STM32H7xx_HAL_Driver/Src/stm32h7xx_hal_cortex.c.obj
                0x0800236c                HAL_NVIC_EnableIRQ
 .text.HAL_SYSTICK_Config
                0x08002388       0x28 CMakeFiles/FOC_Control.elf.dir/Drivers/STM32H7xx_HAL_Driver/Src/stm32h7xx_hal_cortex.c.obj
                0x08002388                HAL_SYSTICK_Config
 .text.HAL_CRC_Init
                0x080023b0       0x80 CMakeFiles/FOC_Control.elf.dir/Drivers/STM32H7xx_HAL_Driver/Src/stm32h7xx_hal_crc.c.obj
                0x080023b0                HAL_CRC_Init
 .text.HAL_CRCEx_Polynomial_Set
                0x08002430       0x78 CMakeFiles/FOC_Control.elf.dir/Drivers/STM32H7xx_HAL_Driver/Src/stm32h7xx_hal_crc_ex.c.obj
                0x08002430                HAL_CRCEx_Polynomial_Set
 .text.DMA_SetConfig
                0x080024a8      0x1b4 CMakeFiles/FOC_Control.elf.dir/Drivers/STM32H7xx_HAL_Driver/Src/stm32h7xx_hal_dma.c.obj
 .text.DMA_CalcBaseAndBitshift
                0x0800265c       0xb4 CMakeFiles/FOC_Control.elf.dir/Drivers/STM32H7xx_HAL_Driver/Src/stm32h7xx_hal_dma.c.obj
 .text.DMA_CheckFifoParam
                0x08002710       0x92 CMakeFiles/FOC_Control.elf.dir/Drivers/STM32H7xx_HAL_Driver/Src/stm32h7xx_hal_dma.c.obj
 *fill*         0x080027a2        0x2 
 .text.DMA_CalcDMAMUXChannelBaseAndMask
                0x080027a4       0xb0 CMakeFiles/FOC_Control.elf.dir/Drivers/STM32H7xx_HAL_Driver/Src/stm32h7xx_hal_dma.c.obj
 .text.DMA_CalcDMAMUXRequestGenBaseAndMask
                0x08002854       0x7c CMakeFiles/FOC_Control.elf.dir/Drivers/STM32H7xx_HAL_Driver/Src/stm32h7xx_hal_dma.c.obj
 .text.HAL_DMA_Init
                0x080028d0      0x3a4 CMakeFiles/FOC_Control.elf.dir/Drivers/STM32H7xx_HAL_Driver/Src/stm32h7xx_hal_dma.c.obj
                0x080028d0                HAL_DMA_Init
 .text.HAL_DMA_Start_IT
                0x08002c74      0x298 CMakeFiles/FOC_Control.elf.dir/Drivers/STM32H7xx_HAL_Driver/Src/stm32h7xx_hal_dma.c.obj
                0x08002c74                HAL_DMA_Start_IT
 .text.HAL_DMA_Abort
                0x08002f0c      0x340 CMakeFiles/FOC_Control.elf.dir/Drivers/STM32H7xx_HAL_Driver/Src/stm32h7xx_hal_dma.c.obj
                0x08002f0c                HAL_DMA_Abort
 .text.HAL_DMA_Abort_IT
                0x0800324c      0x270 CMakeFiles/FOC_Control.elf.dir/Drivers/STM32H7xx_HAL_Driver/Src/stm32h7xx_hal_dma.c.obj
                0x0800324c                HAL_DMA_Abort_IT
 .text.HAL_DMA_IRQHandler
                0x080034bc      0x738 CMakeFiles/FOC_Control.elf.dir/Drivers/STM32H7xx_HAL_Driver/Src/stm32h7xx_hal_dma.c.obj
                0x080034bc                HAL_DMA_IRQHandler
 .text.HAL_DMA_GetError
                0x08003bf4        0x4 CMakeFiles/FOC_Control.elf.dir/Drivers/STM32H7xx_HAL_Driver/Src/stm32h7xx_hal_dma.c.obj
                0x08003bf4                HAL_DMA_GetError
 .text.HAL_GPIO_Init
                0x08003bf8      0x220 CMakeFiles/FOC_Control.elf.dir/Drivers/STM32H7xx_HAL_Driver/Src/stm32h7xx_hal_gpio.c.obj
                0x08003bf8                HAL_GPIO_Init
 .text.HAL_GPIO_WritePin
                0x08003e18        0xc CMakeFiles/FOC_Control.elf.dir/Drivers/STM32H7xx_HAL_Driver/Src/stm32h7xx_hal_gpio.c.obj
                0x08003e18                HAL_GPIO_WritePin
 .text.HAL_GPIO_TogglePin
                0x08003e24       0x12 CMakeFiles/FOC_Control.elf.dir/Drivers/STM32H7xx_HAL_Driver/Src/stm32h7xx_hal_gpio.c.obj
                0x08003e24                HAL_GPIO_TogglePin
 .text.HAL_GPIO_EXTI_Callback
                0x08003e36        0x2 CMakeFiles/FOC_Control.elf.dir/Drivers/STM32H7xx_HAL_Driver/Src/stm32h7xx_hal_gpio.c.obj
                0x08003e36                HAL_GPIO_EXTI_Callback
 .text.HAL_GPIO_EXTI_IRQHandler
                0x08003e38       0x1e CMakeFiles/FOC_Control.elf.dir/Drivers/STM32H7xx_HAL_Driver/Src/stm32h7xx_hal_gpio.c.obj
                0x08003e38                HAL_GPIO_EXTI_IRQHandler
 .text.I2C_Flush_TXDR
                0x08003e56       0x22 CMakeFiles/FOC_Control.elf.dir/Drivers/STM32H7xx_HAL_Driver/Src/stm32h7xx_hal_i2c.c.obj
 .text.I2C_TransferConfig
                0x08003e78       0x3c CMakeFiles/FOC_Control.elf.dir/Drivers/STM32H7xx_HAL_Driver/Src/stm32h7xx_hal_i2c.c.obj
 .text.I2C_IsErrorOccurred
                0x08003eb4      0x118 CMakeFiles/FOC_Control.elf.dir/Drivers/STM32H7xx_HAL_Driver/Src/stm32h7xx_hal_i2c.c.obj
 .text.I2C_WaitOnTXISFlagUntilTimeout
                0x08003fcc       0x60 CMakeFiles/FOC_Control.elf.dir/Drivers/STM32H7xx_HAL_Driver/Src/stm32h7xx_hal_i2c.c.obj
 .text.I2C_WaitOnFlagUntilTimeout
                0x0800402c       0x6e CMakeFiles/FOC_Control.elf.dir/Drivers/STM32H7xx_HAL_Driver/Src/stm32h7xx_hal_i2c.c.obj
 *fill*         0x0800409a        0x2 
 .text.I2C_RequestMemoryRead
                0x0800409c       0x78 CMakeFiles/FOC_Control.elf.dir/Drivers/STM32H7xx_HAL_Driver/Src/stm32h7xx_hal_i2c.c.obj
 .text.I2C_WaitOnSTOPFlagUntilTimeout
                0x08004114       0x5e CMakeFiles/FOC_Control.elf.dir/Drivers/STM32H7xx_HAL_Driver/Src/stm32h7xx_hal_i2c.c.obj
 *fill*         0x08004172        0x2 
 .text.HAL_I2C_Init
                0x08004174       0xbc CMakeFiles/FOC_Control.elf.dir/Drivers/STM32H7xx_HAL_Driver/Src/stm32h7xx_hal_i2c.c.obj
                0x08004174                HAL_I2C_Init
 .text.HAL_I2C_Mem_Read
                0x08004230      0x1b0 CMakeFiles/FOC_Control.elf.dir/Drivers/STM32H7xx_HAL_Driver/Src/stm32h7xx_hal_i2c.c.obj
                0x08004230                HAL_I2C_Mem_Read
 .text.HAL_I2CEx_ConfigAnalogFilter
                0x080043e0       0x5c CMakeFiles/FOC_Control.elf.dir/Drivers/STM32H7xx_HAL_Driver/Src/stm32h7xx_hal_i2c_ex.c.obj
                0x080043e0                HAL_I2CEx_ConfigAnalogFilter
 .text.HAL_I2CEx_ConfigDigitalFilter
                0x0800443c       0x58 CMakeFiles/FOC_Control.elf.dir/Drivers/STM32H7xx_HAL_Driver/Src/stm32h7xx_hal_i2c_ex.c.obj
                0x0800443c                HAL_I2CEx_ConfigDigitalFilter
 .text.HAL_PWREx_ConfigSupply
                0x08004494       0x54 CMakeFiles/FOC_Control.elf.dir/Drivers/STM32H7xx_HAL_Driver/Src/stm32h7xx_hal_pwr_ex.c.obj
                0x08004494                HAL_PWREx_ConfigSupply
 .text.HAL_RCC_OscConfig
                0x080044e8      0x6b4 CMakeFiles/FOC_Control.elf.dir/Drivers/STM32H7xx_HAL_Driver/Src/stm32h7xx_hal_rcc.c.obj
                0x080044e8                HAL_RCC_OscConfig
 .text.HAL_RCC_GetSysClockFreq
                0x08004b9c      0x1f4 CMakeFiles/FOC_Control.elf.dir/Drivers/STM32H7xx_HAL_Driver/Src/stm32h7xx_hal_rcc.c.obj
                0x08004b9c                HAL_RCC_GetSysClockFreq
 .text.HAL_RCC_ClockConfig
                0x08004d90      0x294 CMakeFiles/FOC_Control.elf.dir/Drivers/STM32H7xx_HAL_Driver/Src/stm32h7xx_hal_rcc.c.obj
                0x08004d90                HAL_RCC_ClockConfig
 .text.HAL_RCC_GetHCLKFreq
                0x08005024       0x44 CMakeFiles/FOC_Control.elf.dir/Drivers/STM32H7xx_HAL_Driver/Src/stm32h7xx_hal_rcc.c.obj
                0x08005024                HAL_RCC_GetHCLKFreq
 .text.HAL_RCC_GetPCLK1Freq
                0x08005068       0x24 CMakeFiles/FOC_Control.elf.dir/Drivers/STM32H7xx_HAL_Driver/Src/stm32h7xx_hal_rcc.c.obj
                0x08005068                HAL_RCC_GetPCLK1Freq
 .text.HAL_RCC_GetPCLK2Freq
                0x0800508c       0x24 CMakeFiles/FOC_Control.elf.dir/Drivers/STM32H7xx_HAL_Driver/Src/stm32h7xx_hal_rcc.c.obj
                0x0800508c                HAL_RCC_GetPCLK2Freq
 .text.RCCEx_PLL2_Config
                0x080050b0      0x10c CMakeFiles/FOC_Control.elf.dir/Drivers/STM32H7xx_HAL_Driver/Src/stm32h7xx_hal_rcc_ex.c.obj
 .text.RCCEx_PLL3_Config
                0x080051bc      0x10c CMakeFiles/FOC_Control.elf.dir/Drivers/STM32H7xx_HAL_Driver/Src/stm32h7xx_hal_rcc_ex.c.obj
 .text.HAL_RCCEx_PeriphCLKConfig
                0x080052c8      0xa8c CMakeFiles/FOC_Control.elf.dir/Drivers/STM32H7xx_HAL_Driver/Src/stm32h7xx_hal_rcc_ex.c.obj
                0x080052c8                HAL_RCCEx_PeriphCLKConfig
 .text.HAL_RCCEx_GetD3PCLK1Freq
                0x08005d54       0x24 CMakeFiles/FOC_Control.elf.dir/Drivers/STM32H7xx_HAL_Driver/Src/stm32h7xx_hal_rcc_ex.c.obj
                0x08005d54                HAL_RCCEx_GetD3PCLK1Freq
 .text.HAL_RCCEx_GetPLL2ClockFreq
                0x08005d78      0x1f8 CMakeFiles/FOC_Control.elf.dir/Drivers/STM32H7xx_HAL_Driver/Src/stm32h7xx_hal_rcc_ex.c.obj
                0x08005d78                HAL_RCCEx_GetPLL2ClockFreq
 .text.HAL_RCCEx_GetPLL3ClockFreq
                0x08005f70      0x1f8 CMakeFiles/FOC_Control.elf.dir/Drivers/STM32H7xx_HAL_Driver/Src/stm32h7xx_hal_rcc_ex.c.obj
                0x08005f70                HAL_RCCEx_GetPLL3ClockFreq
 .text.SPI_CloseTransfer
                0x08006168       0xd0 CMakeFiles/FOC_Control.elf.dir/Drivers/STM32H7xx_HAL_Driver/Src/stm32h7xx_hal_spi.c.obj
 .text.SPI_GetPacketSize
                0x08006238       0x10 CMakeFiles/FOC_Control.elf.dir/Drivers/STM32H7xx_HAL_Driver/Src/stm32h7xx_hal_spi.c.obj
 .text.HAL_SPI_Init
                0x08006248      0x190 CMakeFiles/FOC_Control.elf.dir/Drivers/STM32H7xx_HAL_Driver/Src/stm32h7xx_hal_spi.c.obj
                0x08006248                HAL_SPI_Init
 .text.HAL_SPI_TxCpltCallback
                0x080063d8        0x2 CMakeFiles/FOC_Control.elf.dir/Drivers/STM32H7xx_HAL_Driver/Src/stm32h7xx_hal_spi.c.obj
                0x080063d8                HAL_SPI_TxCpltCallback
 .text.HAL_SPI_RxCpltCallback
                0x080063da        0x2 CMakeFiles/FOC_Control.elf.dir/Drivers/STM32H7xx_HAL_Driver/Src/stm32h7xx_hal_spi.c.obj
                0x080063da                HAL_SPI_RxCpltCallback
 .text.HAL_SPI_TxRxCpltCallback
                0x080063dc        0x2 CMakeFiles/FOC_Control.elf.dir/Drivers/STM32H7xx_HAL_Driver/Src/stm32h7xx_hal_spi.c.obj
                0x080063dc                HAL_SPI_TxRxCpltCallback
 .text.HAL_SPI_ErrorCallback
                0x080063de        0x2 CMakeFiles/FOC_Control.elf.dir/Drivers/STM32H7xx_HAL_Driver/Src/stm32h7xx_hal_spi.c.obj
                0x080063de                HAL_SPI_ErrorCallback
 .text.SPI_DMAAbortOnError
                0x080063e0       0x1a CMakeFiles/FOC_Control.elf.dir/Drivers/STM32H7xx_HAL_Driver/Src/stm32h7xx_hal_spi.c.obj
 .text.HAL_SPI_SuspendCallback
                0x080063fa        0x2 CMakeFiles/FOC_Control.elf.dir/Drivers/STM32H7xx_HAL_Driver/Src/stm32h7xx_hal_spi.c.obj
                0x080063fa                HAL_SPI_SuspendCallback
 .text.HAL_SPI_IRQHandler
                0x080063fc      0x240 CMakeFiles/FOC_Control.elf.dir/Drivers/STM32H7xx_HAL_Driver/Src/stm32h7xx_hal_spi.c.obj
                0x080063fc                HAL_SPI_IRQHandler
 .text.TIM_OC1_SetConfig
                0x0800663c       0xa8 CMakeFiles/FOC_Control.elf.dir/Drivers/STM32H7xx_HAL_Driver/Src/stm32h7xx_hal_tim.c.obj
 .text.TIM_OC3_SetConfig
                0x080066e4       0x94 CMakeFiles/FOC_Control.elf.dir/Drivers/STM32H7xx_HAL_Driver/Src/stm32h7xx_hal_tim.c.obj
 .text.TIM_OC4_SetConfig
                0x08006778       0x74 CMakeFiles/FOC_Control.elf.dir/Drivers/STM32H7xx_HAL_Driver/Src/stm32h7xx_hal_tim.c.obj
 .text.TIM_OC5_SetConfig
                0x080067ec       0x74 CMakeFiles/FOC_Control.elf.dir/Drivers/STM32H7xx_HAL_Driver/Src/stm32h7xx_hal_tim.c.obj
 .text.TIM_OC6_SetConfig
                0x08006860       0x74 CMakeFiles/FOC_Control.elf.dir/Drivers/STM32H7xx_HAL_Driver/Src/stm32h7xx_hal_tim.c.obj
 .text.TIM_Base_SetConfig
                0x080068d4      0x104 CMakeFiles/FOC_Control.elf.dir/Drivers/STM32H7xx_HAL_Driver/Src/stm32h7xx_hal_tim.c.obj
                0x080068d4                TIM_Base_SetConfig
 .text.HAL_TIM_PWM_Init
                0x080069d8       0x60 CMakeFiles/FOC_Control.elf.dir/Drivers/STM32H7xx_HAL_Driver/Src/stm32h7xx_hal_tim.c.obj
                0x080069d8                HAL_TIM_PWM_Init
 .text.TIM_OC2_SetConfig
                0x08006a38       0x94 CMakeFiles/FOC_Control.elf.dir/Drivers/STM32H7xx_HAL_Driver/Src/stm32h7xx_hal_tim.c.obj
                0x08006a38                TIM_OC2_SetConfig
 .text.HAL_TIM_PWM_ConfigChannel
                0x08006acc      0x13a CMakeFiles/FOC_Control.elf.dir/Drivers/STM32H7xx_HAL_Driver/Src/stm32h7xx_hal_tim.c.obj
                0x08006acc                HAL_TIM_PWM_ConfigChannel
 .text.TIM_CCxChannelCmd
                0x08006c06       0x1e CMakeFiles/FOC_Control.elf.dir/Drivers/STM32H7xx_HAL_Driver/Src/stm32h7xx_hal_tim.c.obj
                0x08006c06                TIM_CCxChannelCmd
 .text.HAL_TIM_PWM_Start
                0x08006c24      0x168 CMakeFiles/FOC_Control.elf.dir/Drivers/STM32H7xx_HAL_Driver/Src/stm32h7xx_hal_tim.c.obj
                0x08006c24                HAL_TIM_PWM_Start
 .text.HAL_TIMEx_MasterConfigSynchronization
                0x08006d8c       0xa0 CMakeFiles/FOC_Control.elf.dir/Drivers/STM32H7xx_HAL_Driver/Src/stm32h7xx_hal_tim_ex.c.obj
                0x08006d8c                HAL_TIMEx_MasterConfigSynchronization
 .text.UART_EndTxTransfer
                0x08006e2c       0x32 CMakeFiles/FOC_Control.elf.dir/Drivers/STM32H7xx_HAL_Driver/Src/stm32h7xx_hal_uart.c.obj
 *fill*         0x08006e5e        0x2 
 .text.UART_EndRxTransfer
                0x08006e60       0x58 CMakeFiles/FOC_Control.elf.dir/Drivers/STM32H7xx_HAL_Driver/Src/stm32h7xx_hal_uart.c.obj
 .text.HAL_UART_DMAStop
                0x08006eb8       0xb2 CMakeFiles/FOC_Control.elf.dir/Drivers/STM32H7xx_HAL_Driver/Src/stm32h7xx_hal_uart.c.obj
                0x08006eb8                HAL_UART_DMAStop
 .text.HAL_UART_RxCpltCallback
                0x08006f6a        0x2 CMakeFiles/FOC_Control.elf.dir/Drivers/STM32H7xx_HAL_Driver/Src/stm32h7xx_hal_uart.c.obj
                0x08006f6a                HAL_UART_RxCpltCallback
 .text.HAL_UART_RxHalfCpltCallback
                0x08006f6c        0x2 CMakeFiles/FOC_Control.elf.dir/Drivers/STM32H7xx_HAL_Driver/Src/stm32h7xx_hal_uart.c.obj
                0x08006f6c                HAL_UART_RxHalfCpltCallback
 .text.HAL_UART_ErrorCallback
                0x08006f6e        0x2 CMakeFiles/FOC_Control.elf.dir/Drivers/STM32H7xx_HAL_Driver/Src/stm32h7xx_hal_uart.c.obj
                0x08006f6e                HAL_UART_ErrorCallback
 .text.UART_DMAError
                0x08006f70       0x58 CMakeFiles/FOC_Control.elf.dir/Drivers/STM32H7xx_HAL_Driver/Src/stm32h7xx_hal_uart.c.obj
 .text.HAL_UARTEx_RxEventCallback
                0x08006fc8        0x2 CMakeFiles/FOC_Control.elf.dir/Drivers/STM32H7xx_HAL_Driver/Src/stm32h7xx_hal_uart.c.obj
                0x08006fc8                HAL_UARTEx_RxEventCallback
 .text.UART_DMARxHalfCplt
                0x08006fca       0x20 CMakeFiles/FOC_Control.elf.dir/Drivers/STM32H7xx_HAL_Driver/Src/stm32h7xx_hal_uart.c.obj
 .text.UART_DMAReceiveCplt
                0x08006fea       0x90 CMakeFiles/FOC_Control.elf.dir/Drivers/STM32H7xx_HAL_Driver/Src/stm32h7xx_hal_uart.c.obj
 *fill*         0x0800707a        0x2 
 .text.UART_SetConfig
                0x0800707c      0x5f4 CMakeFiles/FOC_Control.elf.dir/Drivers/STM32H7xx_HAL_Driver/Src/stm32h7xx_hal_uart.c.obj
                0x0800707c                UART_SetConfig
 .text.UART_AdvFeatureConfig
                0x08007670       0xca CMakeFiles/FOC_Control.elf.dir/Drivers/STM32H7xx_HAL_Driver/Src/stm32h7xx_hal_uart.c.obj
                0x08007670                UART_AdvFeatureConfig
 .text.UART_WaitOnFlagUntilTimeout
                0x0800773a       0x9a CMakeFiles/FOC_Control.elf.dir/Drivers/STM32H7xx_HAL_Driver/Src/stm32h7xx_hal_uart.c.obj
                0x0800773a                UART_WaitOnFlagUntilTimeout
 .text.HAL_UART_Transmit
                0x080077d4       0xd0 CMakeFiles/FOC_Control.elf.dir/Drivers/STM32H7xx_HAL_Driver/Src/stm32h7xx_hal_uart.c.obj
                0x080077d4                HAL_UART_Transmit
 .text.UART_CheckIdleState
                0x080078a4       0xca CMakeFiles/FOC_Control.elf.dir/Drivers/STM32H7xx_HAL_Driver/Src/stm32h7xx_hal_uart.c.obj
                0x080078a4                UART_CheckIdleState
 .text.HAL_UART_Init
                0x0800796e       0x66 CMakeFiles/FOC_Control.elf.dir/Drivers/STM32H7xx_HAL_Driver/Src/stm32h7xx_hal_uart.c.obj
                0x0800796e                HAL_UART_Init
 .text.UART_Start_Receive_DMA
                0x080079d4       0xb0 CMakeFiles/FOC_Control.elf.dir/Drivers/STM32H7xx_HAL_Driver/Src/stm32h7xx_hal_uart.c.obj
                0x080079d4                UART_Start_Receive_DMA
 .text.HAL_UART_Receive_DMA
                0x08007a84       0x4c CMakeFiles/FOC_Control.elf.dir/Drivers/STM32H7xx_HAL_Driver/Src/stm32h7xx_hal_uart.c.obj
                0x08007a84                HAL_UART_Receive_DMA
 .text.UARTEx_SetNbDataToProcess
                0x08007ad0       0x4c CMakeFiles/FOC_Control.elf.dir/Drivers/STM32H7xx_HAL_Driver/Src/stm32h7xx_hal_uart_ex.c.obj
 .text.HAL_UARTEx_DisableFifoMode
                0x08007b1c       0x3e CMakeFiles/FOC_Control.elf.dir/Drivers/STM32H7xx_HAL_Driver/Src/stm32h7xx_hal_uart_ex.c.obj
                0x08007b1c                HAL_UARTEx_DisableFifoMode
 .text.HAL_UARTEx_SetTxFifoThreshold
                0x08007b5a       0x4a CMakeFiles/FOC_Control.elf.dir/Drivers/STM32H7xx_HAL_Driver/Src/stm32h7xx_hal_uart_ex.c.obj
                0x08007b5a                HAL_UARTEx_SetTxFifoThreshold
 .text.HAL_UARTEx_SetRxFifoThreshold
                0x08007ba4       0x4a CMakeFiles/FOC_Control.elf.dir/Drivers/STM32H7xx_HAL_Driver/Src/stm32h7xx_hal_uart_ex.c.obj
                0x08007ba4                HAL_UARTEx_SetRxFifoThreshold
 .text.makeFreeRtosPriority
                0x08007bee        0xc CMakeFiles/FOC_Control.elf.dir/Middlewares/Third_Party/FreeRTOS/Source/CMSIS_RTOS/cmsis_os.c.obj
 .text.inHandlerMode
                0x08007bfa        0xc CMakeFiles/FOC_Control.elf.dir/Middlewares/Third_Party/FreeRTOS/Source/CMSIS_RTOS/cmsis_os.c.obj
 .text.osKernelStart
                0x08007c06        0xa CMakeFiles/FOC_Control.elf.dir/Middlewares/Third_Party/FreeRTOS/Source/CMSIS_RTOS/cmsis_os.c.obj
                0x08007c06                osKernelStart
 .text.osKernelSysTick
                0x08007c10       0x14 CMakeFiles/FOC_Control.elf.dir/Middlewares/Third_Party/FreeRTOS/Source/CMSIS_RTOS/cmsis_os.c.obj
                0x08007c10                osKernelSysTick
 .text.osThreadCreate
                0x08007c24       0x6a CMakeFiles/FOC_Control.elf.dir/Middlewares/Third_Party/FreeRTOS/Source/CMSIS_RTOS/cmsis_os.c.obj
                0x08007c24                osThreadCreate
 .text.osDelay  0x08007c8e        0xe CMakeFiles/FOC_Control.elf.dir/Middlewares/Third_Party/FreeRTOS/Source/CMSIS_RTOS/cmsis_os.c.obj
                0x08007c8e                osDelay
 .text.osMutexCreate
                0x08007c9c       0x16 CMakeFiles/FOC_Control.elf.dir/Middlewares/Third_Party/FreeRTOS/Source/CMSIS_RTOS/cmsis_os.c.obj
                0x08007c9c                osMutexCreate
 .text.osMutexWait
                0x08007cb2       0x60 CMakeFiles/FOC_Control.elf.dir/Middlewares/Third_Party/FreeRTOS/Source/CMSIS_RTOS/cmsis_os.c.obj
                0x08007cb2                osMutexWait
 .text.osMutexRelease
                0x08007d12       0x5a CMakeFiles/FOC_Control.elf.dir/Middlewares/Third_Party/FreeRTOS/Source/CMSIS_RTOS/cmsis_os.c.obj
                0x08007d12                osMutexRelease
 .text.vListInitialise
                0x08007d6c       0x16 CMakeFiles/FOC_Control.elf.dir/Middlewares/Third_Party/FreeRTOS/Source/list.c.obj
                0x08007d6c                vListInitialise
 .text.vListInitialiseItem
                0x08007d82        0x6 CMakeFiles/FOC_Control.elf.dir/Middlewares/Third_Party/FreeRTOS/Source/list.c.obj
                0x08007d82                vListInitialiseItem
 .text.vListInsertEnd
                0x08007d88       0x16 CMakeFiles/FOC_Control.elf.dir/Middlewares/Third_Party/FreeRTOS/Source/list.c.obj
                0x08007d88                vListInsertEnd
 .text.vListInsert
                0x08007d9e       0x32 CMakeFiles/FOC_Control.elf.dir/Middlewares/Third_Party/FreeRTOS/Source/list.c.obj
                0x08007d9e                vListInsert
 .text.uxListRemove
                0x08007dd0       0x26 CMakeFiles/FOC_Control.elf.dir/Middlewares/Third_Party/FreeRTOS/Source/list.c.obj
                0x08007dd0                uxListRemove
 *fill*         0x08007df6        0x2 
 .text.prvTaskExitError
                0x08007df8       0x40 CMakeFiles/FOC_Control.elf.dir/Middlewares/Third_Party/FreeRTOS/Source/portable/GCC/ARM_CM4F/port.c.obj
 .text.prvPortStartFirstTask
                0x08007e38       0x28 CMakeFiles/FOC_Control.elf.dir/Middlewares/Third_Party/FreeRTOS/Source/portable/GCC/ARM_CM4F/port.c.obj
 .text.vPortEnableVFP
                0x08007e60       0x14 CMakeFiles/FOC_Control.elf.dir/Middlewares/Third_Party/FreeRTOS/Source/portable/GCC/ARM_CM4F/port.c.obj
 .text.pxPortInitialiseStack
                0x08007e74       0x2c CMakeFiles/FOC_Control.elf.dir/Middlewares/Third_Party/FreeRTOS/Source/portable/GCC/ARM_CM4F/port.c.obj
                0x08007e74                pxPortInitialiseStack
 .text.SVC_Handler
                0x08007ea0       0x24 CMakeFiles/FOC_Control.elf.dir/Middlewares/Third_Party/FreeRTOS/Source/portable/GCC/ARM_CM4F/port.c.obj
                0x08007ea0                SVC_Handler
 .text.vPortEnterCritical
                0x08007ec4       0x44 CMakeFiles/FOC_Control.elf.dir/Middlewares/Third_Party/FreeRTOS/Source/portable/GCC/ARM_CM4F/port.c.obj
                0x08007ec4                vPortEnterCritical
 .text.vPortExitCritical
                0x08007f08       0x2c CMakeFiles/FOC_Control.elf.dir/Middlewares/Third_Party/FreeRTOS/Source/portable/GCC/ARM_CM4F/port.c.obj
                0x08007f08                vPortExitCritical
 *fill*         0x08007f34        0xc 
 .text.PendSV_Handler
                0x08007f40       0x64 CMakeFiles/FOC_Control.elf.dir/Middlewares/Third_Party/FreeRTOS/Source/portable/GCC/ARM_CM4F/port.c.obj
                0x08007f40                PendSV_Handler
 .text.xPortSysTickHandler
                0x08007fa4       0x2c CMakeFiles/FOC_Control.elf.dir/Middlewares/Third_Party/FreeRTOS/Source/portable/GCC/ARM_CM4F/port.c.obj
                0x08007fa4                xPortSysTickHandler
 .text.vPortSetupTimerInterrupt
                0x08007fd0       0x28 CMakeFiles/FOC_Control.elf.dir/Middlewares/Third_Party/FreeRTOS/Source/portable/GCC/ARM_CM4F/port.c.obj
                0x08007fd0                vPortSetupTimerInterrupt
 .text.xPortStartScheduler
                0x08007ff8      0x118 CMakeFiles/FOC_Control.elf.dir/Middlewares/Third_Party/FreeRTOS/Source/portable/GCC/ARM_CM4F/port.c.obj
                0x08007ff8                xPortStartScheduler
 .text.vPortValidateInterruptPriority
                0x08008110       0x5c CMakeFiles/FOC_Control.elf.dir/Middlewares/Third_Party/FreeRTOS/Source/portable/GCC/ARM_CM4F/port.c.obj
                0x08008110                vPortValidateInterruptPriority
 .text.prvHeapInit
                0x0800816c       0x64 CMakeFiles/FOC_Control.elf.dir/Middlewares/Third_Party/FreeRTOS/Source/portable/MemMang/heap_4.c.obj
 .text.prvInsertBlockIntoFreeList
                0x080081d0       0x64 CMakeFiles/FOC_Control.elf.dir/Middlewares/Third_Party/FreeRTOS/Source/portable/MemMang/heap_4.c.obj
 .text.pvPortMalloc
                0x08008234       0xfc CMakeFiles/FOC_Control.elf.dir/Middlewares/Third_Party/FreeRTOS/Source/portable/MemMang/heap_4.c.obj
                0x08008234                pvPortMalloc
 .text.vPortFree
                0x08008330       0x7c CMakeFiles/FOC_Control.elf.dir/Middlewares/Third_Party/FreeRTOS/Source/portable/MemMang/heap_4.c.obj
                0x08008330                vPortFree
 .text.prvGetDisinheritPriorityAfterTimeout
                0x080083ac       0x10 CMakeFiles/FOC_Control.elf.dir/Middlewares/Third_Party/FreeRTOS/Source/queue.c.obj
 .text.prvIsQueueFull
                0x080083bc       0x1e CMakeFiles/FOC_Control.elf.dir/Middlewares/Third_Party/FreeRTOS/Source/queue.c.obj
 .text.prvIsQueueEmpty
                0x080083da       0x1a CMakeFiles/FOC_Control.elf.dir/Middlewares/Third_Party/FreeRTOS/Source/queue.c.obj
 .text.prvCopyDataToQueue
                0x080083f4       0x76 CMakeFiles/FOC_Control.elf.dir/Middlewares/Third_Party/FreeRTOS/Source/queue.c.obj
 .text.prvCopyDataFromQueue
                0x0800846a       0x24 CMakeFiles/FOC_Control.elf.dir/Middlewares/Third_Party/FreeRTOS/Source/queue.c.obj
 .text.prvUnlockQueue
                0x0800848e       0x6e CMakeFiles/FOC_Control.elf.dir/Middlewares/Third_Party/FreeRTOS/Source/queue.c.obj
 .text.xQueueGenericReset
                0x080084fc       0x84 CMakeFiles/FOC_Control.elf.dir/Middlewares/Third_Party/FreeRTOS/Source/queue.c.obj
                0x080084fc                xQueueGenericReset
 .text.prvInitialiseNewQueue
                0x08008580       0x1c CMakeFiles/FOC_Control.elf.dir/Middlewares/Third_Party/FreeRTOS/Source/queue.c.obj
 .text.xQueueGenericCreateStatic
                0x0800859c       0xa6 CMakeFiles/FOC_Control.elf.dir/Middlewares/Third_Party/FreeRTOS/Source/queue.c.obj
                0x0800859c                xQueueGenericCreateStatic
 .text.xQueueGenericCreate
                0x08008642       0x48 CMakeFiles/FOC_Control.elf.dir/Middlewares/Third_Party/FreeRTOS/Source/queue.c.obj
                0x08008642                xQueueGenericCreate
 .text.xQueueGenericSend
                0x0800868a      0x188 CMakeFiles/FOC_Control.elf.dir/Middlewares/Third_Party/FreeRTOS/Source/queue.c.obj
                0x0800868a                xQueueGenericSend
 .text.prvInitialiseMutex
                0x08008812       0x18 CMakeFiles/FOC_Control.elf.dir/Middlewares/Third_Party/FreeRTOS/Source/queue.c.obj
 .text.xQueueCreateMutex
                0x0800882a       0x16 CMakeFiles/FOC_Control.elf.dir/Middlewares/Third_Party/FreeRTOS/Source/queue.c.obj
                0x0800882a                xQueueCreateMutex
 .text.xQueueCreateMutexStatic
                0x08008840       0x1e CMakeFiles/FOC_Control.elf.dir/Middlewares/Third_Party/FreeRTOS/Source/queue.c.obj
                0x08008840                xQueueCreateMutexStatic
 .text.xQueueGiveFromISR
                0x0800885e       0xb2 CMakeFiles/FOC_Control.elf.dir/Middlewares/Third_Party/FreeRTOS/Source/queue.c.obj
                0x0800885e                xQueueGiveFromISR
 .text.xQueueSemaphoreTake
                0x08008910      0x1a6 CMakeFiles/FOC_Control.elf.dir/Middlewares/Third_Party/FreeRTOS/Source/queue.c.obj
                0x08008910                xQueueSemaphoreTake
 .text.xQueueReceiveFromISR
                0x08008ab6       0xa8 CMakeFiles/FOC_Control.elf.dir/Middlewares/Third_Party/FreeRTOS/Source/queue.c.obj
                0x08008ab6                xQueueReceiveFromISR
 *fill*         0x08008b5e        0x2 
 .text.prvResetNextTaskUnblockTime
                0x08008b60       0x2c CMakeFiles/FOC_Control.elf.dir/Middlewares/Third_Party/FreeRTOS/Source/tasks.c.obj
 .text.prvInitialiseNewTask
                0x08008b8c       0xfe CMakeFiles/FOC_Control.elf.dir/Middlewares/Third_Party/FreeRTOS/Source/tasks.c.obj
 *fill*         0x08008c8a        0x2 
 .text.prvInitialiseTaskLists
                0x08008c8c       0x68 CMakeFiles/FOC_Control.elf.dir/Middlewares/Third_Party/FreeRTOS/Source/tasks.c.obj
 .text.prvAddNewTaskToReadyList
                0x08008cf4       0xa8 CMakeFiles/FOC_Control.elf.dir/Middlewares/Third_Party/FreeRTOS/Source/tasks.c.obj
 .text.prvDeleteTCB
                0x08008d9c       0x40 CMakeFiles/FOC_Control.elf.dir/Middlewares/Third_Party/FreeRTOS/Source/tasks.c.obj
 .text.prvCheckTasksWaitingTermination
                0x08008ddc       0x4c CMakeFiles/FOC_Control.elf.dir/Middlewares/Third_Party/FreeRTOS/Source/tasks.c.obj
 .text.prvIdleTask
                0x08008e28       0x28 CMakeFiles/FOC_Control.elf.dir/Middlewares/Third_Party/FreeRTOS/Source/tasks.c.obj
 .text.prvAddCurrentTaskToDelayedList
                0x08008e50       0xa0 CMakeFiles/FOC_Control.elf.dir/Middlewares/Third_Party/FreeRTOS/Source/tasks.c.obj
 .text.xTaskCreateStatic
                0x08008ef0       0x7a CMakeFiles/FOC_Control.elf.dir/Middlewares/Third_Party/FreeRTOS/Source/tasks.c.obj
                0x08008ef0                xTaskCreateStatic
 .text.xTaskCreate
                0x08008f6a       0x6a CMakeFiles/FOC_Control.elf.dir/Middlewares/Third_Party/FreeRTOS/Source/tasks.c.obj
                0x08008f6a                xTaskCreate
 .text.vTaskStartScheduler
                0x08008fd4       0x84 CMakeFiles/FOC_Control.elf.dir/Middlewares/Third_Party/FreeRTOS/Source/tasks.c.obj
                0x08008fd4                vTaskStartScheduler
 .text.vTaskSuspendAll
                0x08009058       0x10 CMakeFiles/FOC_Control.elf.dir/Middlewares/Third_Party/FreeRTOS/Source/tasks.c.obj
                0x08009058                vTaskSuspendAll
 .text.xTaskGetTickCount
                0x08009068        0xc CMakeFiles/FOC_Control.elf.dir/Middlewares/Third_Party/FreeRTOS/Source/tasks.c.obj
                0x08009068                xTaskGetTickCount
 .text.xTaskGetTickCountFromISR
                0x08009074       0x10 CMakeFiles/FOC_Control.elf.dir/Middlewares/Third_Party/FreeRTOS/Source/tasks.c.obj
                0x08009074                xTaskGetTickCountFromISR
 .text.xTaskIncrementTick
                0x08009084      0x12c CMakeFiles/FOC_Control.elf.dir/Middlewares/Third_Party/FreeRTOS/Source/tasks.c.obj
                0x08009084                xTaskIncrementTick
 .text.xTaskResumeAll
                0x080091b0       0xf8 CMakeFiles/FOC_Control.elf.dir/Middlewares/Third_Party/FreeRTOS/Source/tasks.c.obj
                0x080091b0                xTaskResumeAll
 .text.vTaskDelay
                0x080092a8       0x4c CMakeFiles/FOC_Control.elf.dir/Middlewares/Third_Party/FreeRTOS/Source/tasks.c.obj
                0x080092a8                vTaskDelay
 .text.vTaskSwitchContext
                0x080092f4       0xa4 CMakeFiles/FOC_Control.elf.dir/Middlewares/Third_Party/FreeRTOS/Source/tasks.c.obj
                0x080092f4                vTaskSwitchContext
 .text.vTaskPlaceOnEventList
                0x08009398       0x30 CMakeFiles/FOC_Control.elf.dir/Middlewares/Third_Party/FreeRTOS/Source/tasks.c.obj
                0x08009398                vTaskPlaceOnEventList
 .text.xTaskRemoveFromEventList
                0x080093c8       0x8c CMakeFiles/FOC_Control.elf.dir/Middlewares/Third_Party/FreeRTOS/Source/tasks.c.obj
                0x080093c8                xTaskRemoveFromEventList
 .text.vTaskInternalSetTimeOutState
                0x08009454       0x18 CMakeFiles/FOC_Control.elf.dir/Middlewares/Third_Party/FreeRTOS/Source/tasks.c.obj
                0x08009454                vTaskInternalSetTimeOutState
 .text.xTaskCheckForTimeOut
                0x0800946c       0x84 CMakeFiles/FOC_Control.elf.dir/Middlewares/Third_Party/FreeRTOS/Source/tasks.c.obj
                0x0800946c                xTaskCheckForTimeOut
 .text.vTaskMissedYield
                0x080094f0        0xc CMakeFiles/FOC_Control.elf.dir/Middlewares/Third_Party/FreeRTOS/Source/tasks.c.obj
                0x080094f0                vTaskMissedYield
 .text.xTaskGetSchedulerState
                0x080094fc       0x20 CMakeFiles/FOC_Control.elf.dir/Middlewares/Third_Party/FreeRTOS/Source/tasks.c.obj
                0x080094fc                xTaskGetSchedulerState
 .text.xTaskPriorityInherit
                0x0800951c       0xac CMakeFiles/FOC_Control.elf.dir/Middlewares/Third_Party/FreeRTOS/Source/tasks.c.obj
                0x0800951c                xTaskPriorityInherit
 .text.xTaskPriorityDisinherit
                0x080095c8       0xb4 CMakeFiles/FOC_Control.elf.dir/Middlewares/Third_Party/FreeRTOS/Source/tasks.c.obj
                0x080095c8                xTaskPriorityDisinherit
 .text.vTaskPriorityDisinheritAfterTimeout
                0x0800967c       0xb4 CMakeFiles/FOC_Control.elf.dir/Middlewares/Third_Party/FreeRTOS/Source/tasks.c.obj
                0x0800967c                vTaskPriorityDisinheritAfterTimeout
 .text.pvTaskIncrementMutexHeldCount
                0x08009730       0x1c CMakeFiles/FOC_Control.elf.dir/Middlewares/Third_Party/FreeRTOS/Source/tasks.c.obj
                0x08009730                pvTaskIncrementMutexHeldCount
 .text.DFOC_M0_VEL_PID
                0x0800974c       0x24 CMakeFiles/FOC_Control.elf.dir/UserApp/FOC/FOC.c.obj
                0x0800974c                DFOC_M0_VEL_PID
 .text.DFOC_M0_ANGLE_PID
                0x08009770       0x24 CMakeFiles/FOC_Control.elf.dir/UserApp/FOC/FOC.c.obj
                0x08009770                DFOC_M0_ANGLE_PID
 .text.FOC_Vbus
                0x08009794       0x34 CMakeFiles/FOC_Control.elf.dir/UserApp/FOC/FOC.c.obj
                0x08009794                FOC_Vbus
 .text.DFOC_M0_Velocity
                0x080097c8       0xfc CMakeFiles/FOC_Control.elf.dir/UserApp/FOC/FOC.c.obj
                0x080097c8                DFOC_M0_Velocity
 *fill*         0x080098c4        0x4 
 .text._normalizeAngle
                0x080098c8       0x50 CMakeFiles/FOC_Control.elf.dir/UserApp/FOC/FOC.c.obj
                0x080098c8                _normalizeAngle
 .text._electricalAngle
                0x08009918       0x30 CMakeFiles/FOC_Control.elf.dir/UserApp/FOC/FOC.c.obj
                0x08009918                _electricalAngle
 .text.setPWM   0x08009948      0x144 CMakeFiles/FOC_Control.elf.dir/UserApp/FOC/FOC.c.obj
                0x08009948                setPWM
 *fill*         0x08009a8c        0x4 
 .text.setTorque
                0x08009a90      0x114 CMakeFiles/FOC_Control.elf.dir/UserApp/FOC/FOC.c.obj
                0x08009a90                setTorque
 .text.FOC_alignSensor
                0x08009ba4       0x84 CMakeFiles/FOC_Control.elf.dir/UserApp/FOC/FOC.c.obj
                0x08009ba4                FOC_alignSensor
 .text.setPhaseVoltage
                0x08009c28      0x120 CMakeFiles/FOC_Control.elf.dir/UserApp/FOC/FOC.c.obj
                0x08009c28                setPhaseVoltage
 .text.velocityOpenLoop
                0x08009d48       0x84 CMakeFiles/FOC_Control.elf.dir/UserApp/FOC/FOC.c.obj
                0x08009d48                velocityOpenLoop
 *fill*         0x08009dcc        0x4 
 .text.FOC_M0_set_Velocity_Angle
                0x08009dd0      0x188 CMakeFiles/FOC_Control.elf.dir/UserApp/FOC/FOC.c.obj
                0x08009dd0                FOC_M0_set_Velocity_Angle
 .text.FOC_M0_setVelocity
                0x08009f58       0x80 CMakeFiles/FOC_Control.elf.dir/UserApp/FOC/FOC.c.obj
                0x08009f58                FOC_M0_setVelocity
 .text.Low_Pass_Filter
                0x08009fd8       0x74 CMakeFiles/FOC_Control.elf.dir/UserApp/FOC/Filter.c.obj
                0x08009fd8                Low_Pass_Filter
 .text.LowPassFilter_process
                0x0800a04c       0x34 CMakeFiles/FOC_Control.elf.dir/UserApp/FOC/lowpassFilter.c.obj
                0x0800a04c                LowPassFilter_process
 .text.Pid_Init
                0x0800a080        0xe CMakeFiles/FOC_Control.elf.dir/UserApp/FOC/my_PID.c.obj
                0x0800a080                Pid_Init
 *fill*         0x0800a08e        0x2 
 .text.Pid_Value_Init
                0x0800a090       0x28 CMakeFiles/FOC_Control.elf.dir/UserApp/FOC/my_PID.c.obj
                0x0800a090                Pid_Value_Init
 .text.Position_Pid_Calculate
                0x0800a0b8       0xea CMakeFiles/FOC_Control.elf.dir/UserApp/FOC/my_PID.c.obj
                0x0800a0b8                Position_Pid_Calculate
 *fill*         0x0800a1a2        0x2 
 .text.mt6701_read_reg
                0x0800a1a4       0x24 CMakeFiles/FOC_Control.elf.dir/UserApp/MT6701/MT6701.c.obj
                0x0800a1a4                mt6701_read_reg
 .text.i2c_mt6701_get_angle
                0x0800a1c8       0x70 CMakeFiles/FOC_Control.elf.dir/UserApp/MT6701/MT6701.c.obj
                0x0800a1c8                i2c_mt6701_get_angle
 .text.uart_printf
                0x0800a238       0x64 CMakeFiles/FOC_Control.elf.dir/UserApp/retarget/retarget.c.obj
                0x0800a238                uart_printf
 .text.ReformatBuffer
                0x0800a29c      0x1c4 CMakeFiles/FOC_Control.elf.dir/UserApp/retarget/retarget.c.obj
                0x0800a29c                ReformatBuffer
 .text.__errno  0x0800a460        0xc e:/compiler/bin/../lib/gcc/arm-none-eabi/10.2.1/../../../../arm-none-eabi/lib/thumb/v7e-m+fp/hard\libg.a(lib_a-errno.o)
                0x0800a460                __errno
 .text.__libc_init_array
                0x0800a46c       0x48 e:/compiler/bin/../lib/gcc/arm-none-eabi/10.2.1/../../../../arm-none-eabi/lib/thumb/v7e-m+fp/hard\libg.a(lib_a-init.o)
                0x0800a46c                __libc_init_array
 .text._malloc_r
                0x0800a4b4      0x560 e:/compiler/bin/../lib/gcc/arm-none-eabi/10.2.1/../../../../arm-none-eabi/lib/thumb/v7e-m+fp/hard\libg.a(lib_a-mallocr.o)
                0x0800a4b4                _malloc_r
 .text.memset   0x0800aa14       0xa4 e:/compiler/bin/../lib/gcc/arm-none-eabi/10.2.1/../../../../arm-none-eabi/lib/thumb/v7e-m+fp/hard\libg.a(lib_a-memset.o)
                0x0800aa14                memset
 .text.__malloc_lock
                0x0800aab8        0xc e:/compiler/bin/../lib/gcc/arm-none-eabi/10.2.1/../../../../arm-none-eabi/lib/thumb/v7e-m+fp/hard\libg.a(lib_a-mlock.o)
                0x0800aab8                __malloc_lock
 .text.__malloc_unlock
                0x0800aac4        0xc e:/compiler/bin/../lib/gcc/arm-none-eabi/10.2.1/../../../../arm-none-eabi/lib/thumb/v7e-m+fp/hard\libg.a(lib_a-mlock.o)
                0x0800aac4                __malloc_unlock
 .text.cleanup_glue
                0x0800aad0       0x48 e:/compiler/bin/../lib/gcc/arm-none-eabi/10.2.1/../../../../arm-none-eabi/lib/thumb/v7e-m+fp/hard\libg.a(lib_a-reent.o)
                0x0800aad0                cleanup_glue
 .text._reclaim_reent
                0x0800ab18       0x90 e:/compiler/bin/../lib/gcc/arm-none-eabi/10.2.1/../../../../arm-none-eabi/lib/thumb/v7e-m+fp/hard\libg.a(lib_a-reent.o)
                0x0800ab18                _reclaim_reent
 .text._sbrk_r  0x0800aba8       0x24 e:/compiler/bin/../lib/gcc/arm-none-eabi/10.2.1/../../../../arm-none-eabi/lib/thumb/v7e-m+fp/hard\libg.a(lib_a-sbrkr.o)
                0x0800aba8                _sbrk_r
 .text.strncpy  0x0800abcc       0x64 e:/compiler/bin/../lib/gcc/arm-none-eabi/10.2.1/../../../../arm-none-eabi/lib/thumb/v7e-m+fp/hard\libg.a(lib_a-strncpy.o)
                0x0800abcc                strncpy
 .text.vsnprintf
                0x0800ac30       0x70 e:/compiler/bin/../lib/gcc/arm-none-eabi/10.2.1/../../../../arm-none-eabi/lib/thumb/v7e-m+fp/hard\libg.a(lib_a-vsnprintf.o)
                0x0800ac30                vsnprintf
 .text.startup.register_fini
                0x0800aca0       0x14 e:/compiler/bin/../lib/gcc/arm-none-eabi/10.2.1/../../../../arm-none-eabi/lib/thumb/v7e-m+fp/hard\libg.a(lib_a-__call_atexit.o)
 .text.atexit   0x0800acb4        0xc e:/compiler/bin/../lib/gcc/arm-none-eabi/10.2.1/../../../../arm-none-eabi/lib/thumb/v7e-m+fp/hard\libg.a(lib_a-atexit.o)
                0x0800acb4                atexit
 .text.__libc_fini_array
                0x0800acc0       0x2c e:/compiler/bin/../lib/gcc/arm-none-eabi/10.2.1/../../../../arm-none-eabi/lib/thumb/v7e-m+fp/hard\libg.a(lib_a-fini.o)
                0x0800acc0                __libc_fini_array
 .text._malloc_trim_r
                0x0800acec       0xa0 e:/compiler/bin/../lib/gcc/arm-none-eabi/10.2.1/../../../../arm-none-eabi/lib/thumb/v7e-m+fp/hard\libg.a(lib_a-freer.o)
                0x0800acec                _malloc_trim_r
 .text._free_r  0x0800ad8c      0x20c e:/compiler/bin/../lib/gcc/arm-none-eabi/10.2.1/../../../../arm-none-eabi/lib/thumb/v7e-m+fp/hard\libg.a(lib_a-freer.o)
                0x0800ad8c                _free_r
 .text.__locale_mb_cur_max
                0x0800af98        0xc e:/compiler/bin/../lib/gcc/arm-none-eabi/10.2.1/../../../../arm-none-eabi/lib/thumb/v7e-m+fp/hard\libg.a(lib_a-locale.o)
                0x0800af98                __locale_mb_cur_max
 .text.__retarget_lock_init_recursive
                0x0800afa4        0x4 e:/compiler/bin/../lib/gcc/arm-none-eabi/10.2.1/../../../../arm-none-eabi/lib/thumb/v7e-m+fp/hard\libg.a(lib_a-lock.o)
                0x0800afa4                __retarget_lock_init_recursive
 .text.__retarget_lock_close_recursive
                0x0800afa8        0x4 e:/compiler/bin/../lib/gcc/arm-none-eabi/10.2.1/../../../../arm-none-eabi/lib/thumb/v7e-m+fp/hard\libg.a(lib_a-lock.o)
                0x0800afa8                __retarget_lock_close_recursive
 .text.__retarget_lock_acquire_recursive
                0x0800afac        0x4 e:/compiler/bin/../lib/gcc/arm-none-eabi/10.2.1/../../../../arm-none-eabi/lib/thumb/v7e-m+fp/hard\libg.a(lib_a-lock.o)
                0x0800afac                __retarget_lock_acquire_recursive
 .text.__retarget_lock_release_recursive
                0x0800afb0        0x4 e:/compiler/bin/../lib/gcc/arm-none-eabi/10.2.1/../../../../arm-none-eabi/lib/thumb/v7e-m+fp/hard\libg.a(lib_a-lock.o)
                0x0800afb0                __retarget_lock_release_recursive
 .text.__ascii_mbtowc
                0x0800afb4       0x2c e:/compiler/bin/../lib/gcc/arm-none-eabi/10.2.1/../../../../arm-none-eabi/lib/thumb/v7e-m+fp/hard\libg.a(lib_a-mbtowc_r.o)
                0x0800afb4                __ascii_mbtowc
 .text._Balloc  0x0800afe0       0x4c e:/compiler/bin/../lib/gcc/arm-none-eabi/10.2.1/../../../../arm-none-eabi/lib/thumb/v7e-m+fp/hard\libg.a(lib_a-mprec.o)
                0x0800afe0                _Balloc
 .text._Bfree   0x0800b02c       0x14 e:/compiler/bin/../lib/gcc/arm-none-eabi/10.2.1/../../../../arm-none-eabi/lib/thumb/v7e-m+fp/hard\libg.a(lib_a-mprec.o)
                0x0800b02c                _Bfree
 .text.__multadd
                0x0800b040       0xa8 e:/compiler/bin/../lib/gcc/arm-none-eabi/10.2.1/../../../../arm-none-eabi/lib/thumb/v7e-m+fp/hard\libg.a(lib_a-mprec.o)
                0x0800b040                __multadd
 .text.__hi0bits
                0x0800b0e8       0x40 e:/compiler/bin/../lib/gcc/arm-none-eabi/10.2.1/../../../../arm-none-eabi/lib/thumb/v7e-m+fp/hard\libg.a(lib_a-mprec.o)
                0x0800b0e8                __hi0bits
 .text.__lo0bits
                0x0800b128       0x60 e:/compiler/bin/../lib/gcc/arm-none-eabi/10.2.1/../../../../arm-none-eabi/lib/thumb/v7e-m+fp/hard\libg.a(lib_a-mprec.o)
                0x0800b128                __lo0bits
 .text.__i2b    0x0800b188       0x5c e:/compiler/bin/../lib/gcc/arm-none-eabi/10.2.1/../../../../arm-none-eabi/lib/thumb/v7e-m+fp/hard\libg.a(lib_a-mprec.o)
                0x0800b188                __i2b
 .text.__multiply
                0x0800b1e4      0x158 e:/compiler/bin/../lib/gcc/arm-none-eabi/10.2.1/../../../../arm-none-eabi/lib/thumb/v7e-m+fp/hard\libg.a(lib_a-mprec.o)
                0x0800b1e4                __multiply
 .text.__pow5mult
                0x0800b33c       0xc0 e:/compiler/bin/../lib/gcc/arm-none-eabi/10.2.1/../../../../arm-none-eabi/lib/thumb/v7e-m+fp/hard\libg.a(lib_a-mprec.o)
                0x0800b33c                __pow5mult
 .text.__lshift
                0x0800b3fc       0xf0 e:/compiler/bin/../lib/gcc/arm-none-eabi/10.2.1/../../../../arm-none-eabi/lib/thumb/v7e-m+fp/hard\libg.a(lib_a-mprec.o)
                0x0800b3fc                __lshift
 .text.__mcmp   0x0800b4ec       0x44 e:/compiler/bin/../lib/gcc/arm-none-eabi/10.2.1/../../../../arm-none-eabi/lib/thumb/v7e-m+fp/hard\libg.a(lib_a-mprec.o)
                0x0800b4ec                __mcmp
 .text.__mdiff  0x0800b530      0x14c e:/compiler/bin/../lib/gcc/arm-none-eabi/10.2.1/../../../../arm-none-eabi/lib/thumb/v7e-m+fp/hard\libg.a(lib_a-mprec.o)
                0x0800b530                __mdiff
 .text.__d2b    0x0800b67c       0xd0 e:/compiler/bin/../lib/gcc/arm-none-eabi/10.2.1/../../../../arm-none-eabi/lib/thumb/v7e-m+fp/hard\libg.a(lib_a-mprec.o)
                0x0800b67c                __d2b
 *fill*         0x0800b74c        0x4 
 .text._svfprintf_r
                0x0800b750     0x1adc e:/compiler/bin/../lib/gcc/arm-none-eabi/10.2.1/../../../../arm-none-eabi/lib/thumb/v7e-m+fp/hard\libg.a(lib_a-svfprintf.o)
                0x0800b750                _svfprintf_r
 .text.__ascii_wctomb
                0x0800d22c       0x1c e:/compiler/bin/../lib/gcc/arm-none-eabi/10.2.1/../../../../arm-none-eabi/lib/thumb/v7e-m+fp/hard\libg.a(lib_a-wctomb_r.o)
                0x0800d22c                __ascii_wctomb
 .text.__register_exitproc
                0x0800d248       0x8c e:/compiler/bin/../lib/gcc/arm-none-eabi/10.2.1/../../../../arm-none-eabi/lib/thumb/v7e-m+fp/hard\libg.a(lib_a-__atexit.o)
                0x0800d248                __register_exitproc
 .text.__assert_func
                0x0800d2d4       0x40 e:/compiler/bin/../lib/gcc/arm-none-eabi/10.2.1/../../../../arm-none-eabi/lib/thumb/v7e-m+fp/hard\libg.a(lib_a-assert.o)
                0x0800d2d4                __assert_func
 .text._calloc_r
                0x0800d314       0x60 e:/compiler/bin/../lib/gcc/arm-none-eabi/10.2.1/../../../../arm-none-eabi/lib/thumb/v7e-m+fp/hard\libg.a(lib_a-callocr.o)
                0x0800d314                _calloc_r
 .text.quorem   0x0800d374      0x128 e:/compiler/bin/../lib/gcc/arm-none-eabi/10.2.1/../../../../arm-none-eabi/lib/thumb/v7e-m+fp/hard\libg.a(lib_a-dtoa.o)
 *fill*         0x0800d49c        0x4 
 .text._dtoa_r  0x0800d4a0      0xf40 e:/compiler/bin/../lib/gcc/arm-none-eabi/10.2.1/../../../../arm-none-eabi/lib/thumb/v7e-m+fp/hard\libg.a(lib_a-dtoa.o)
                0x0800d4a0                _dtoa_r
 .text.fiprintf
                0x0800e3e0       0x28 e:/compiler/bin/../lib/gcc/arm-none-eabi/10.2.1/../../../../arm-none-eabi/lib/thumb/v7e-m+fp/hard\libg.a(lib_a-fiprintf.o)
                0x0800e3e0                fiprintf
 .text._localeconv_r
                0x0800e408        0x8 e:/compiler/bin/../lib/gcc/arm-none-eabi/10.2.1/../../../../arm-none-eabi/lib/thumb/v7e-m+fp/hard\libg.a(lib_a-localeconv.o)
                0x0800e408                _localeconv_r
 .text.frexp    0x0800e410       0x6c e:/compiler/bin/../lib/gcc/arm-none-eabi/10.2.1/../../../../arm-none-eabi/lib/thumb/v7e-m+fp/hard\libg.a(lib_a-s_frexp.o)
                0x0800e410                frexp
 .text.__ssprint_r
                0x0800e47c       0xf8 e:/compiler/bin/../lib/gcc/arm-none-eabi/10.2.1/../../../../arm-none-eabi/lib/thumb/v7e-m+fp/hard\libg.a(lib_a-svfiprintf.o)
                0x0800e47c                __ssprint_r
 .text.__sprint_r.part.0
                0x0800e574       0x78 e:/compiler/bin/../lib/gcc/arm-none-eabi/10.2.1/../../../../arm-none-eabi/lib/thumb/v7e-m+fp/hard\libg.a(lib_a-vfiprintf.o)
 .text._vfiprintf_r
                0x0800e5ec      0xdf4 e:/compiler/bin/../lib/gcc/arm-none-eabi/10.2.1/../../../../arm-none-eabi/lib/thumb/v7e-m+fp/hard\libg.a(lib_a-vfiprintf.o)
                0x0800e5ec                _vfiprintf_r
 .text.__sbprintf
                0x0800f3e0       0x80 e:/compiler/bin/../lib/gcc/arm-none-eabi/10.2.1/../../../../arm-none-eabi/lib/thumb/v7e-m+fp/hard\libg.a(lib_a-vfiprintf.o)
 .text.__swsetup_r
                0x0800f460       0xd4 e:/compiler/bin/../lib/gcc/arm-none-eabi/10.2.1/../../../../arm-none-eabi/lib/thumb/v7e-m+fp/hard\libg.a(lib_a-wsetup.o)
                0x0800f460                __swsetup_r
 .text.abort    0x0800f534       0x10 e:/compiler/bin/../lib/gcc/arm-none-eabi/10.2.1/../../../../arm-none-eabi/lib/thumb/v7e-m+fp/hard\libg.a(lib_a-abort.o)
                0x0800f534                abort
 .text.__sflush_r
                0x0800f544      0x130 e:/compiler/bin/../lib/gcc/arm-none-eabi/10.2.1/../../../../arm-none-eabi/lib/thumb/v7e-m+fp/hard\libg.a(lib_a-fflush.o)
                0x0800f544                __sflush_r
 .text._fflush_r
                0x0800f674       0x5c e:/compiler/bin/../lib/gcc/arm-none-eabi/10.2.1/../../../../arm-none-eabi/lib/thumb/v7e-m+fp/hard\libg.a(lib_a-fflush.o)
                0x0800f674                _fflush_r
 .text._cleanup_r
                0x0800f6d0        0xc e:/compiler/bin/../lib/gcc/arm-none-eabi/10.2.1/../../../../arm-none-eabi/lib/thumb/v7e-m+fp/hard\libg.a(lib_a-findfp.o)
                0x0800f6d0                _cleanup_r
 .text.__sinit  0x0800f6dc      0x10c e:/compiler/bin/../lib/gcc/arm-none-eabi/10.2.1/../../../../arm-none-eabi/lib/thumb/v7e-m+fp/hard\libg.a(lib_a-findfp.o)
                0x0800f6dc                __sinit
 .text.__sfp_lock_acquire
                0x0800f7e8        0xc e:/compiler/bin/../lib/gcc/arm-none-eabi/10.2.1/../../../../arm-none-eabi/lib/thumb/v7e-m+fp/hard\libg.a(lib_a-findfp.o)
                0x0800f7e8                __sfp_lock_acquire
 .text.__sfp_lock_release
                0x0800f7f4        0xc e:/compiler/bin/../lib/gcc/arm-none-eabi/10.2.1/../../../../arm-none-eabi/lib/thumb/v7e-m+fp/hard\libg.a(lib_a-findfp.o)
                0x0800f7f4                __sfp_lock_release
 .text.__fputwc
                0x0800f800       0xa8 e:/compiler/bin/../lib/gcc/arm-none-eabi/10.2.1/../../../../arm-none-eabi/lib/thumb/v7e-m+fp/hard\libg.a(lib_a-fputwc.o)
                0x0800f800                __fputwc
 .text._fputwc_r
                0x0800f8a8       0x68 e:/compiler/bin/../lib/gcc/arm-none-eabi/10.2.1/../../../../arm-none-eabi/lib/thumb/v7e-m+fp/hard\libg.a(lib_a-fputwc.o)
                0x0800f8a8                _fputwc_r
 .text.__sfvwrite_r
                0x0800f910      0x2f0 e:/compiler/bin/../lib/gcc/arm-none-eabi/10.2.1/../../../../arm-none-eabi/lib/thumb/v7e-m+fp/hard\libg.a(lib_a-fvwrite.o)
                0x0800f910                __sfvwrite_r
 .text._fwalk_reent
                0x0800fc00       0x48 e:/compiler/bin/../lib/gcc/arm-none-eabi/10.2.1/../../../../arm-none-eabi/lib/thumb/v7e-m+fp/hard\libg.a(lib_a-fwalk.o)
                0x0800fc00                _fwalk_reent
 .text.__smakebuf_r
                0x0800fc48       0xe0 e:/compiler/bin/../lib/gcc/arm-none-eabi/10.2.1/../../../../arm-none-eabi/lib/thumb/v7e-m+fp/hard\libg.a(lib_a-makebuf.o)
                0x0800fc48                __smakebuf_r
 .text.memmove  0x0800fd28       0xf8 e:/compiler/bin/../lib/gcc/arm-none-eabi/10.2.1/../../../../arm-none-eabi/lib/thumb/v7e-m+fp/hard\libg.a(lib_a-memmove.o)
                0x0800fd28                memmove
 .text._realloc_r
                0x0800fe20      0x3d8 e:/compiler/bin/../lib/gcc/arm-none-eabi/10.2.1/../../../../arm-none-eabi/lib/thumb/v7e-m+fp/hard\libg.a(lib_a-reallocr.o)
                0x0800fe20                _realloc_r
 .text.raise    0x080101f8       0x5c e:/compiler/bin/../lib/gcc/arm-none-eabi/10.2.1/../../../../arm-none-eabi/lib/thumb/v7e-m+fp/hard\libg.a(lib_a-signal.o)
                0x080101f8                raise
 .text._kill_r  0x08010254       0x2c e:/compiler/bin/../lib/gcc/arm-none-eabi/10.2.1/../../../../arm-none-eabi/lib/thumb/v7e-m+fp/hard\libg.a(lib_a-signalr.o)
                0x08010254                _kill_r
 .text._getpid_r
                0x08010280        0x4 e:/compiler/bin/../lib/gcc/arm-none-eabi/10.2.1/../../../../arm-none-eabi/lib/thumb/v7e-m+fp/hard\libg.a(lib_a-signalr.o)
                0x08010280                _getpid_r
 .text.__sread  0x08010284       0x24 e:/compiler/bin/../lib/gcc/arm-none-eabi/10.2.1/../../../../arm-none-eabi/lib/thumb/v7e-m+fp/hard\libg.a(lib_a-stdio.o)
                0x08010284                __sread
 .text.__swrite
                0x080102a8       0x40 e:/compiler/bin/../lib/gcc/arm-none-eabi/10.2.1/../../../../arm-none-eabi/lib/thumb/v7e-m+fp/hard\libg.a(lib_a-stdio.o)
                0x080102a8                __swrite
 .text.__sseek  0x080102e8       0x20 e:/compiler/bin/../lib/gcc/arm-none-eabi/10.2.1/../../../../arm-none-eabi/lib/thumb/v7e-m+fp/hard\libg.a(lib_a-stdio.o)
                0x080102e8                __sseek
 .text.__sclose
                0x08010308        0x8 e:/compiler/bin/../lib/gcc/arm-none-eabi/10.2.1/../../../../arm-none-eabi/lib/thumb/v7e-m+fp/hard\libg.a(lib_a-stdio.o)
                0x08010308                __sclose
 .text.__swbuf_r
                0x08010310       0xb0 e:/compiler/bin/../lib/gcc/arm-none-eabi/10.2.1/../../../../arm-none-eabi/lib/thumb/v7e-m+fp/hard\libg.a(lib_a-wbuf.o)
                0x08010310                __swbuf_r
 .text._wcrtomb_r
                0x080103c0       0x3c e:/compiler/bin/../lib/gcc/arm-none-eabi/10.2.1/../../../../arm-none-eabi/lib/thumb/v7e-m+fp/hard\libg.a(lib_a-wcrtomb.o)
                0x080103c0                _wcrtomb_r
 .text._write_r
                0x080103fc       0x2c e:/compiler/bin/../lib/gcc/arm-none-eabi/10.2.1/../../../../arm-none-eabi/lib/thumb/v7e-m+fp/hard\libg.a(lib_a-writer.o)
                0x080103fc                _write_r
 .text._close_r
                0x08010428       0x24 e:/compiler/bin/../lib/gcc/arm-none-eabi/10.2.1/../../../../arm-none-eabi/lib/thumb/v7e-m+fp/hard\libg.a(lib_a-closer.o)
                0x08010428                _close_r
 .text._fclose_r
                0x0801044c       0xcc e:/compiler/bin/../lib/gcc/arm-none-eabi/10.2.1/../../../../arm-none-eabi/lib/thumb/v7e-m+fp/hard\libg.a(lib_a-fclose.o)
                0x0801044c                _fclose_r
 .text._fstat_r
                0x08010518       0x2c e:/compiler/bin/../lib/gcc/arm-none-eabi/10.2.1/../../../../arm-none-eabi/lib/thumb/v7e-m+fp/hard\libg.a(lib_a-fstatr.o)
                0x08010518                _fstat_r
 .text._isatty_r
                0x08010544       0x24 e:/compiler/bin/../lib/gcc/arm-none-eabi/10.2.1/../../../../arm-none-eabi/lib/thumb/v7e-m+fp/hard\libg.a(lib_a-isattyr.o)
                0x08010544                _isatty_r
 .text._lseek_r
                0x08010568       0x2c e:/compiler/bin/../lib/gcc/arm-none-eabi/10.2.1/../../../../arm-none-eabi/lib/thumb/v7e-m+fp/hard\libg.a(lib_a-lseekr.o)
                0x08010568                _lseek_r
 .text._read_r  0x08010594       0x2c e:/compiler/bin/../lib/gcc/arm-none-eabi/10.2.1/../../../../arm-none-eabi/lib/thumb/v7e-m+fp/hard\libg.a(lib_a-readr.o)
                0x08010594                _read_r
 .text.cos      0x080105c0       0x90 e:/compiler/bin/../lib/gcc/arm-none-eabi/10.2.1/../../../../arm-none-eabi/lib/thumb/v7e-m+fp/hard\libm.a(lib_a-s_cos.o)
                0x080105c0                cos
 .text.sin      0x08010650       0x90 e:/compiler/bin/../lib/gcc/arm-none-eabi/10.2.1/../../../../arm-none-eabi/lib/thumb/v7e-m+fp/hard\libm.a(lib_a-s_sin.o)
                0x08010650                sin
 .text.fmod     0x080106e0       0x78 e:/compiler/bin/../lib/gcc/arm-none-eabi/10.2.1/../../../../arm-none-eabi/lib/thumb/v7e-m+fp/hard\libm.a(lib_a-w_fmod.o)
                0x080106e0                fmod
 .text.__ieee754_fmod
                0x08010758      0x27c e:/compiler/bin/../lib/gcc/arm-none-eabi/10.2.1/../../../../arm-none-eabi/lib/thumb/v7e-m+fp/hard\libm.a(lib_a-e_fmod.o)
                0x08010758                __ieee754_fmod
 *fill*         0x080109d4        0x4 
 .text.__ieee754_rem_pio2
                0x080109d8      0x44c e:/compiler/bin/../lib/gcc/arm-none-eabi/10.2.1/../../../../arm-none-eabi/lib/thumb/v7e-m+fp/hard\libm.a(lib_a-e_rem_pio2.o)
                0x080109d8                __ieee754_rem_pio2
 *fill*         0x08010e24        0x4 
 .text.__kernel_cos
                0x08010e28      0x27c e:/compiler/bin/../lib/gcc/arm-none-eabi/10.2.1/../../../../arm-none-eabi/lib/thumb/v7e-m+fp/hard\libm.a(lib_a-k_cos.o)
                0x08010e28                __kernel_cos
 *fill*         0x080110a4        0x4 
 .text.__kernel_rem_pio2
                0x080110a8      0x854 e:/compiler/bin/../lib/gcc/arm-none-eabi/10.2.1/../../../../arm-none-eabi/lib/thumb/v7e-m+fp/hard\libm.a(lib_a-k_rem_pio2.o)
                0x080110a8                __kernel_rem_pio2
 *fill*         0x080118fc        0x4 
 .text.__kernel_sin
                0x08011900      0x17c e:/compiler/bin/../lib/gcc/arm-none-eabi/10.2.1/../../../../arm-none-eabi/lib/thumb/v7e-m+fp/hard\libm.a(lib_a-k_sin.o)
                0x08011900                __kernel_sin
 .text.fabs     0x08011a7c       0x14 e:/compiler/bin/../lib/gcc/arm-none-eabi/10.2.1/../../../../arm-none-eabi/lib/thumb/v7e-m+fp/hard\libm.a(lib_a-s_fabs.o)
                0x08011a7c                fabs
 .text.floor    0x08011a90      0x108 e:/compiler/bin/../lib/gcc/arm-none-eabi/10.2.1/../../../../arm-none-eabi/lib/thumb/v7e-m+fp/hard\libm.a(lib_a-s_floor.o)
                0x08011a90                floor
 .text.scalbn   0x08011b98      0x124 e:/compiler/bin/../lib/gcc/arm-none-eabi/10.2.1/../../../../arm-none-eabi/lib/thumb/v7e-m+fp/hard\libm.a(lib_a-s_scalbn.o)
                0x08011b98                scalbn
 *(.glue_7)
 .glue_7        0x08011cbc        0x0 linker stubs
 *(.glue_7t)
 .glue_7t       0x08011cbc        0x0 linker stubs
 *(.eh_frame)
 .eh_frame      0x08011cbc        0x0 e:/compiler/bin/../lib/gcc/arm-none-eabi/10.2.1/thumb/v7e-m+fp/hard/crtbegin.o
 *(.init)
 .init          0x08011cbc        0x4 e:/compiler/bin/../lib/gcc/arm-none-eabi/10.2.1/thumb/v7e-m+fp/hard/crti.o
                0x08011cbc                _init
 .init          0x08011cc0        0x8 e:/compiler/bin/../lib/gcc/arm-none-eabi/10.2.1/thumb/v7e-m+fp/hard/crtn.o
 *(.fini)
 .fini          0x08011cc8        0x4 e:/compiler/bin/../lib/gcc/arm-none-eabi/10.2.1/thumb/v7e-m+fp/hard/crti.o
                0x08011cc8                _fini
 .fini          0x08011ccc        0x8 e:/compiler/bin/../lib/gcc/arm-none-eabi/10.2.1/thumb/v7e-m+fp/hard/crtn.o
                0x08011cd4                . = ALIGN (0x4)
                0x08011cd4                _etext = .

.vfp11_veneer   0x08011cd4        0x0
 .vfp11_veneer  0x08011cd4        0x0 linker stubs

.v4_bx          0x08011cd4        0x0
 .v4_bx         0x08011cd4        0x0 linker stubs

.iplt           0x08011cd4        0x0
 .iplt          0x08011cd4        0x0 e:/compiler/bin/../lib/gcc/arm-none-eabi/10.2.1/thumb/v7e-m+fp/hard/crtbegin.o

.rodata         0x08011cd8      0x968
                0x08011cd8                . = ALIGN (0x4)
 *(.rodata)
 .rodata        0x08011cd8       0x1c CMakeFiles/FOC_Control.elf.dir/Core/Src/main.c.obj
 *(.rodata*)
 .rodata.FOCTask.str1.4
                0x08011cf4       0x30 CMakeFiles/FOC_Control.elf.dir/Core/Src/freertos.c.obj
 .rodata.UARTTask.str1.4
                0x08011d24      0x20b CMakeFiles/FOC_Control.elf.dir/Core/Src/freertos.c.obj
 *fill*         0x08011f2f        0x1 
 .rodata.str1.4
                0x08011f30       0x39 CMakeFiles/FOC_Control.elf.dir/Core/Src/main.c.obj
 *fill*         0x08011f69        0x3 
 .rodata.StartDefaultTask.str1.4
                0x08011f6c        0xc CMakeFiles/FOC_Control.elf.dir/Core/Src/main.c.obj
 .rodata.os_mutex_def_printfMutex
                0x08011f78        0x8 CMakeFiles/FOC_Control.elf.dir/Core/Src/main.c.obj
                0x08011f78                os_mutex_def_printfMutex
 .rodata.os_thread_def_FOCTask
                0x08011f80       0x1c CMakeFiles/FOC_Control.elf.dir/Core/Src/main.c.obj
                0x08011f80                os_thread_def_FOCTask
 .rodata.os_thread_def_ModeSwitchTask
                0x08011f9c       0x1c CMakeFiles/FOC_Control.elf.dir/Core/Src/main.c.obj
                0x08011f9c                os_thread_def_ModeSwitchTask
 .rodata.os_thread_def_SensorTask
                0x08011fb8       0x1c CMakeFiles/FOC_Control.elf.dir/Core/Src/main.c.obj
                0x08011fb8                os_thread_def_SensorTask
 .rodata.os_thread_def_UARTTask
                0x08011fd4       0x1c CMakeFiles/FOC_Control.elf.dir/Core/Src/main.c.obj
                0x08011fd4                os_thread_def_UARTTask
 .rodata.D1CorePrescTable
                0x08011ff0       0x10 CMakeFiles/FOC_Control.elf.dir/Core/Src/system_stm32h7xx.c.obj
                0x08011ff0                D1CorePrescTable
 .rodata.flagBitshiftOffset.0
                0x08012000        0x8 CMakeFiles/FOC_Control.elf.dir/Drivers/STM32H7xx_HAL_Driver/Src/stm32h7xx_hal_dma.c.obj
 .rodata.UARTPrescTable
                0x08012008       0x18 CMakeFiles/FOC_Control.elf.dir/Drivers/STM32H7xx_HAL_Driver/Src/stm32h7xx_hal_uart.c.obj
                0x08012008                UARTPrescTable
 .rodata.denominator.0
                0x08012020        0x8 CMakeFiles/FOC_Control.elf.dir/Drivers/STM32H7xx_HAL_Driver/Src/stm32h7xx_hal_uart_ex.c.obj
 .rodata.numerator.1
                0x08012028        0x8 CMakeFiles/FOC_Control.elf.dir/Drivers/STM32H7xx_HAL_Driver/Src/stm32h7xx_hal_uart_ex.c.obj
 .rodata.vTaskStartScheduler.str1.4
                0x08012030        0x5 CMakeFiles/FOC_Control.elf.dir/Middlewares/Third_Party/FreeRTOS/Source/tasks.c.obj
 *fill*         0x08012035        0x3 
 .rodata.FOC_alignSensor.str1.4
                0x08012038       0x1a CMakeFiles/FOC_Control.elf.dir/UserApp/FOC/FOC.c.obj
 *fill*         0x08012052        0x2 
 .rodata._global_impure_ptr
                0x08012054        0x4 e:/compiler/bin/../lib/gcc/arm-none-eabi/10.2.1/../../../../arm-none-eabi/lib/thumb/v7e-m+fp/hard\libg.a(lib_a-impure.o)
                0x08012054                _global_impure_ptr
 .rodata._setlocale_r.str1.4
                0x08012058        0xa e:/compiler/bin/../lib/gcc/arm-none-eabi/10.2.1/../../../../arm-none-eabi/lib/thumb/v7e-m+fp/hard\libg.a(lib_a-locale.o)
                                  0xd (size before relaxing)
 *fill*         0x08012062        0x2 
 .rodata.str1.4
                0x08012064        0x2 e:/compiler/bin/../lib/gcc/arm-none-eabi/10.2.1/../../../../arm-none-eabi/lib/thumb/v7e-m+fp/hard\libg.a(lib_a-locale.o)
 *fill*         0x08012066        0x2 
 .rodata.__multadd.str1.4
                0x08012068       0x92 e:/compiler/bin/../lib/gcc/arm-none-eabi/10.2.1/../../../../arm-none-eabi/lib/thumb/v7e-m+fp/hard\libg.a(lib_a-mprec.o)
 *fill*         0x080120fa        0x6 
 .rodata.__mprec_bigtens
                0x08012100       0x28 e:/compiler/bin/../lib/gcc/arm-none-eabi/10.2.1/../../../../arm-none-eabi/lib/thumb/v7e-m+fp/hard\libg.a(lib_a-mprec.o)
                0x08012100                __mprec_bigtens
 .rodata.__mprec_tens
                0x08012128       0xc8 e:/compiler/bin/../lib/gcc/arm-none-eabi/10.2.1/../../../../arm-none-eabi/lib/thumb/v7e-m+fp/hard\libg.a(lib_a-mprec.o)
                0x08012128                __mprec_tens
 .rodata.p05.0  0x080121f0        0xc e:/compiler/bin/../lib/gcc/arm-none-eabi/10.2.1/../../../../arm-none-eabi/lib/thumb/v7e-m+fp/hard\libg.a(lib_a-mprec.o)
 .rodata._svfprintf_r.str1.4
                0x080121fc       0x42 e:/compiler/bin/../lib/gcc/arm-none-eabi/10.2.1/../../../../arm-none-eabi/lib/thumb/v7e-m+fp/hard\libg.a(lib_a-svfprintf.o)
 *fill*         0x0801223e        0x2 
 .rodata.blanks.1
                0x08012240       0x10 e:/compiler/bin/../lib/gcc/arm-none-eabi/10.2.1/../../../../arm-none-eabi/lib/thumb/v7e-m+fp/hard\libg.a(lib_a-svfprintf.o)
 .rodata.zeroes.0
                0x08012250       0x10 e:/compiler/bin/../lib/gcc/arm-none-eabi/10.2.1/../../../../arm-none-eabi/lib/thumb/v7e-m+fp/hard\libg.a(lib_a-svfprintf.o)
 .rodata.__assert_func.str1.4
                0x08012260       0x3f e:/compiler/bin/../lib/gcc/arm-none-eabi/10.2.1/../../../../arm-none-eabi/lib/thumb/v7e-m+fp/hard\libg.a(lib_a-assert.o)
                                 0x43 (size before relaxing)
 *fill*         0x0801229f        0x1 
 .rodata._ctype_
                0x080122a0      0x101 e:/compiler/bin/../lib/gcc/arm-none-eabi/10.2.1/../../../../arm-none-eabi/lib/thumb/v7e-m+fp/hard\libg.a(lib_a-ctype_.o)
                0x080122a0                _ctype_
 *fill*         0x080123a1        0x3 
 .rodata._dtoa_r.str1.4
                0x080123a4       0x8d e:/compiler/bin/../lib/gcc/arm-none-eabi/10.2.1/../../../../arm-none-eabi/lib/thumb/v7e-m+fp/hard\libg.a(lib_a-dtoa.o)
                                 0xa5 (size before relaxing)
 .rodata._vfiprintf_r.str1.4
                0x08012431       0x2f e:/compiler/bin/../lib/gcc/arm-none-eabi/10.2.1/../../../../arm-none-eabi/lib/thumb/v7e-m+fp/hard\libg.a(lib_a-vfiprintf.o)
 *fill*         0x08012431        0x3 
 .rodata.blanks.1
                0x08012434       0x10 e:/compiler/bin/../lib/gcc/arm-none-eabi/10.2.1/../../../../arm-none-eabi/lib/thumb/v7e-m+fp/hard\libg.a(lib_a-vfiprintf.o)
 .rodata.zeroes.0
                0x08012444       0x10 e:/compiler/bin/../lib/gcc/arm-none-eabi/10.2.1/../../../../arm-none-eabi/lib/thumb/v7e-m+fp/hard\libg.a(lib_a-vfiprintf.o)
 *fill*         0x08012454        0x4 
 .rodata.Zero   0x08012458       0x10 e:/compiler/bin/../lib/gcc/arm-none-eabi/10.2.1/../../../../arm-none-eabi/lib/thumb/v7e-m+fp/hard\libm.a(lib_a-e_fmod.o)
 .rodata.npio2_hw
                0x08012468       0x80 e:/compiler/bin/../lib/gcc/arm-none-eabi/10.2.1/../../../../arm-none-eabi/lib/thumb/v7e-m+fp/hard\libm.a(lib_a-e_rem_pio2.o)
 .rodata.two_over_pi
                0x080124e8      0x108 e:/compiler/bin/../lib/gcc/arm-none-eabi/10.2.1/../../../../arm-none-eabi/lib/thumb/v7e-m+fp/hard\libm.a(lib_a-e_rem_pio2.o)
 .rodata.PIo2   0x080125f0       0x40 e:/compiler/bin/../lib/gcc/arm-none-eabi/10.2.1/../../../../arm-none-eabi/lib/thumb/v7e-m+fp/hard\libm.a(lib_a-k_rem_pio2.o)
 .rodata.init_jk
                0x08012630       0x10 e:/compiler/bin/../lib/gcc/arm-none-eabi/10.2.1/../../../../arm-none-eabi/lib/thumb/v7e-m+fp/hard\libm.a(lib_a-k_rem_pio2.o)
                0x08012640                . = ALIGN (0x4)

.ARM.extab
 *(.ARM.extab* .gnu.linkonce.armextab.*)

.ARM            0x08012640        0x8
                0x08012640                __exidx_start = .
 *(.ARM.exidx*)
 .ARM.exidx     0x08012640        0x8 e:/compiler/bin/../lib/gcc/arm-none-eabi/10.2.1/thumb/v7e-m+fp/hard\libgcc.a(_udivmoddi4.o)
                0x08012648                __exidx_end = .

.rel.dyn        0x08012648        0x0
 .rel.iplt      0x08012648        0x0 e:/compiler/bin/../lib/gcc/arm-none-eabi/10.2.1/thumb/v7e-m+fp/hard/crtbegin.o

.preinit_array  0x08012648        0x0
                0x08012648                PROVIDE (__preinit_array_start = .)
 *(.preinit_array*)
                0x08012648                PROVIDE (__preinit_array_end = .)

.init_array     0x08012648        0x8