Archive member included to satisfy reference by file (symbol)

e:/compiler/bin/../lib/gcc/arm-none-eabi/10.2.1/thumb/v7e-m+fp/hard\libgcc.a(_arm_muldf3.o)
                              CMakeFiles/FOC_Control.elf.dir/Core/Src/freertos.c.obj (__aeabi_dmul)
e:/compiler/bin/../lib/gcc/arm-none-eabi/10.2.1/thumb/v7e-m+fp/hard\libgcc.a(_arm_addsubdf3.o)
                              CMakeFiles/FOC_Control.elf.dir/UserApp/FOC/FOC.c.obj (__aeabi_dsub)
e:/compiler/bin/../lib/gcc/arm-none-eabi/10.2.1/thumb/v7e-m+fp/hard\libgcc.a(_arm_muldivdf3.o)
                              CMakeFiles/FOC_Control.elf.dir/UserApp/FOC/FOC.c.obj (__aeabi_ddiv)
e:/compiler/bin/../lib/gcc/arm-none-eabi/10.2.1/thumb/v7e-m+fp/hard\libgcc.a(_arm_cmpdf2.o)
                              CMakeFiles/FOC_Control.elf.dir/UserApp/FOC/FOC.c.obj (__aeabi_dcmple)
e:/compiler/bin/../lib/gcc/arm-none-eabi/10.2.1/thumb/v7e-m+fp/hard\libgcc.a(_arm_fixdfsi.o)
                              CMakeFiles/FOC_Control.elf.dir/UserApp/FOC/FOC.c.obj (__aeabi_d2iz)
e:/compiler/bin/../lib/gcc/arm-none-eabi/10.2.1/thumb/v7e-m+fp/hard\libgcc.a(_arm_truncdfsf2.o)
                              CMakeFiles/FOC_Control.elf.dir/Core/Src/freertos.c.obj (__aeabi_d2f)
e:/compiler/bin/../lib/gcc/arm-none-eabi/10.2.1/thumb/v7e-m+fp/hard\libgcc.a(_aeabi_uldivmod.o)
                              CMakeFiles/FOC_Control.elf.dir/Drivers/STM32H7xx_HAL_Driver/Src/stm32h7xx_hal_uart.c.obj (__aeabi_uldivmod)
e:/compiler/bin/../lib/gcc/arm-none-eabi/10.2.1/thumb/v7e-m+fp/hard\libgcc.a(_udivmoddi4.o)
                              e:/compiler/bin/../lib/gcc/arm-none-eabi/10.2.1/thumb/v7e-m+fp/hard\libgcc.a(_aeabi_uldivmod.o) (__udivmoddi4)
e:/compiler/bin/../lib/gcc/arm-none-eabi/10.2.1/thumb/v7e-m+fp/hard\libgcc.a(_dvmd_tls.o)
                              e:/compiler/bin/../lib/gcc/arm-none-eabi/10.2.1/thumb/v7e-m+fp/hard\libgcc.a(_aeabi_uldivmod.o) (__aeabi_ldiv0)
e:/compiler/bin/../lib/gcc/arm-none-eabi/10.2.1/../../../../arm-none-eabi/lib/thumb/v7e-m+fp/hard\libg.a(lib_a-atof.o)
                              CMakeFiles/FOC_Control.elf.dir/UserApp/retarget/retarget.c.obj (atof)
e:/compiler/bin/../lib/gcc/arm-none-eabi/10.2.1/../../../../arm-none-eabi/lib/thumb/v7e-m+fp/hard\libg.a(lib_a-errno.o)
                              CMakeFiles/FOC_Control.elf.dir/Core/Src/syscalls.c.obj (__errno)
e:/compiler/bin/../lib/gcc/arm-none-eabi/10.2.1/../../../../arm-none-eabi/lib/thumb/v7e-m+fp/hard\libg.a(lib_a-exit.o)
                              e:/compiler/bin/../lib/gcc/arm-none-eabi/10.2.1/../../../../arm-none-eabi/lib/thumb/v7e-m+fp/hard/crt0.o (exit)
e:/compiler/bin/../lib/gcc/arm-none-eabi/10.2.1/../../../../arm-none-eabi/lib/thumb/v7e-m+fp/hard\libg.a(lib_a-impure.o)
                              e:/compiler/bin/../lib/gcc/arm-none-eabi/10.2.1/../../../../arm-none-eabi/lib/thumb/v7e-m+fp/hard\libg.a(lib_a-exit.o) (_global_impure_ptr)
e:/compiler/bin/../lib/gcc/arm-none-eabi/10.2.1/../../../../arm-none-eabi/lib/thumb/v7e-m+fp/hard\libg.a(lib_a-init.o)
                              e:/compiler/bin/../lib/gcc/arm-none-eabi/10.2.1/../../../../arm-none-eabi/lib/thumb/v7e-m+fp/hard/crt0.o (__libc_init_array)
e:/compiler/bin/../lib/gcc/arm-none-eabi/10.2.1/../../../../arm-none-eabi/lib/thumb/v7e-m+fp/hard\libg.a(lib_a-memcpy.o)
                              CMakeFiles/FOC_Control.elf.dir/Middlewares/Third_Party/FreeRTOS/Source/queue.c.obj (memcpy)
e:/compiler/bin/../lib/gcc/arm-none-eabi/10.2.1/../../../../arm-none-eabi/lib/thumb/v7e-m+fp/hard\libg.a(lib_a-memset.o)
                              e:/compiler/bin/../lib/gcc/arm-none-eabi/10.2.1/../../../../arm-none-eabi/lib/thumb/v7e-m+fp/hard/crt0.o (memset)
e:/compiler/bin/../lib/gcc/arm-none-eabi/10.2.1/../../../../arm-none-eabi/lib/thumb/v7e-m+fp/hard\libg.a(lib_a-reent.o)
                              CMakeFiles/FOC_Control.elf.dir/Middlewares/Third_Party/FreeRTOS/Source/tasks.c.obj (_reclaim_reent)
e:/compiler/bin/../lib/gcc/arm-none-eabi/10.2.1/../../../../arm-none-eabi/lib/thumb/v7e-m+fp/hard\libg.a(lib_a-strchr.o)
                              CMakeFiles/FOC_Control.elf.dir/UserApp/retarget/retarget.c.obj (strchr)
e:/compiler/bin/../lib/gcc/arm-none-eabi/10.2.1/../../../../arm-none-eabi/lib/thumb/v7e-m+fp/hard\libg.a(lib_a-strlen.o)
                              CMakeFiles/FOC_Control.elf.dir/UserApp/retarget/retarget.c.obj (strlen)
e:/compiler/bin/../lib/gcc/arm-none-eabi/10.2.1/../../../../arm-none-eabi/lib/thumb/v7e-m+fp/hard\libg.a(lib_a-strncpy.o)
                              CMakeFiles/FOC_Control.elf.dir/UserApp/retarget/retarget.c.obj (strncpy)
e:/compiler/bin/../lib/gcc/arm-none-eabi/10.2.1/../../../../arm-none-eabi/lib/thumb/v7e-m+fp/hard\libg.a(lib_a-strtod.o)
                              e:/compiler/bin/../lib/gcc/arm-none-eabi/10.2.1/../../../../arm-none-eabi/lib/thumb/v7e-m+fp/hard\libg.a(lib_a-atof.o) (strtod)
[...]
Memory Configuration

Name             Origin             Length             Attributes
FLASH            0x08000000         0x00020000         xr
DTCMRAM          0x20000000         0x00020000         xrw
RAM_D1           0x24000000         0x00080000         xrw
RAM_D2           0x30000000         0x00048000         xrw
RAM_D3           0x38000000         0x00010000         xrw
ITCMRAM          0x00000000         0x00010000         xrw
*default*        0x00000000         0xffffffff

Linker script and memory map

LOAD e:/compiler/bin/../lib/gcc/arm-none-eabi/10.2.1/thumb/v7e-m+fp/hard/crti.o
LOAD e:/compiler/bin/../lib/gcc/arm-none-eabi/10.2.1/thumb/v7e-m+fp/hard/crtbegin.o
LOAD e:/compiler/bin/../lib/gcc/arm-none-eabi/10.2.1/../../../../arm-none-eabi/lib/thumb/v7e-m+fp/hard/crt0.o
LOAD CMakeFiles/FOC_Control.elf.dir/Core/Src/freertos.c.obj
LOAD CMakeFiles/FOC_Control.elf.dir/Core/Src/main.c.obj
LOAD CMakeFiles/FOC_Control.elf.dir/Core/Src/stm32h7xx_hal_msp.c.obj
LOAD CMakeFiles/FOC_Control.elf.dir/Core/Src/stm32h7xx_it.c.obj
LOAD CMakeFiles/FOC_Control.elf.dir/Core/Src/syscalls.c.obj
LOAD CMakeFiles/FOC_Control.elf.dir/Core/Src/sysmem.c.obj
LOAD CMakeFiles/FOC_Control.elf.dir/Core/Src/system_stm32h7xx.c.obj
LOAD CMakeFiles/FOC_Control.elf.dir/Core/Startup/startup_stm32h750vbtx.s.obj
LOAD CMakeFiles/FOC_Control.elf.dir/Drivers/STM32H7xx_HAL_Driver/Src/stm32h7xx_hal.c.obj
LOAD CMakeFiles/FOC_Control.elf.dir/Drivers/STM32H7xx_HAL_Driver/Src/stm32h7xx_hal_cortex.c.obj
LOAD CMakeFiles/FOC_Control.elf.dir/Drivers/STM32H7xx_HAL_Driver/Src/stm32h7xx_hal_crc.c.obj
LOAD CMakeFiles/FOC_Control.elf.dir/Drivers/STM32H7xx_HAL_Driver/Src/stm32h7xx_hal_crc_ex.c.obj
LOAD CMakeFiles/FOC_Control.elf.dir/Drivers/STM32H7xx_HAL_Driver/Src/stm32h7xx_hal_dma.c.obj
LOAD CMakeFiles/FOC_Control.elf.dir/Drivers/STM32H7xx_HAL_Driver/Src/stm32h7xx_hal_dma_ex.c.obj
LOAD CMakeFiles/FOC_Control.elf.dir/Drivers/STM32H7xx_HAL_Driver/Src/stm32h7xx_hal_exti.c.obj
LOAD CMakeFiles/FOC_Control.elf.dir/Drivers/STM32H7xx_HAL_Driver/Src/stm32h7xx_hal_flash.c.obj
LOAD CMakeFiles/FOC_Control.elf.dir/Drivers/STM32H7xx_HAL_Driver/Src/stm32h7xx_hal_flash_ex.c.obj
LOAD CMakeFiles/FOC_Control.elf.dir/Drivers/STM32H7xx_HAL_Driver/Src/stm32h7xx_hal_gpio.c.obj
LOAD CMakeFiles/FOC_Control.elf.dir/Drivers/STM32H7xx_HAL_Driver/Src/stm32h7xx_hal_hsem.c.obj
LOAD CMakeFiles/FOC_Control.elf.dir/Drivers/STM32H7xx_HAL_Driver/Src/stm32h7xx_hal_i2c.c.obj
LOAD CMakeFiles/FOC_Control.elf.dir/Drivers/STM32H7xx_HAL_Driver/Src/stm32h7xx_hal_i2c_ex.c.obj
LOAD CMakeFiles/FOC_Control.elf.dir/Drivers/STM32H7xx_HAL_Driver/Src/stm32h7xx_hal_mdma.c.obj
LOAD CMakeFiles/FOC_Control.elf.dir/Drivers/STM32H7xx_HAL_Driver/Src/stm32h7xx_hal_pwr.c.obj
LOAD CMakeFiles/FOC_Control.elf.dir/Drivers/STM32H7xx_HAL_Driver/Src/stm32h7xx_hal_pwr_ex.c.obj
LOAD CMakeFiles/FOC_Control.elf.dir/Drivers/STM32H7xx_HAL_Driver/Src/stm32h7xx_hal_rcc.c.obj
LOAD CMakeFiles/FOC_Control.elf.dir/Drivers/STM32H7xx_HAL_Driver/Src/stm32h7xx_hal_rcc_ex.c.obj
LOAD CMakeFiles/FOC_Control.elf.dir/Drivers/STM32H7xx_HAL_Driver/Src/stm32h7xx_hal_spi.c.obj
LOAD CMakeFiles/FOC_Control.elf.dir/Drivers/STM32H7xx_HAL_Driver/Src/stm32h7xx_hal_spi_ex.c.obj
LOAD CMakeFiles/FOC_Control.elf.dir/Drivers/STM32H7xx_HAL_Driver/Src/stm32h7xx_hal_tim.c.obj
LOAD CMakeFiles/FOC_Control.elf.dir/Drivers/STM32H7xx_HAL_Driver/Src/stm32h7xx_hal_tim_ex.c.obj
LOAD CMakeFiles/FOC_Control.elf.dir/Drivers/STM32H7xx_HAL_Driver/Src/stm32h7xx_hal_uart.c.obj
LOAD CMakeFiles/FOC_Control.elf.dir/Drivers/STM32H7xx_HAL_Driver/Src/stm32h7xx_hal_uart_ex.c.obj
LOAD CMakeFiles/FOC_Control.elf.dir/Middlewares/Third_Party/FreeRTOS/Source/CMSIS_RTOS/cmsis_os.c.obj
LOAD CMakeFiles/FOC_Control.elf.dir/Middlewares/Third_Party/FreeRTOS/Source/croutine.c.obj
LOAD CMakeFiles/FOC_Control.elf.dir/Middlewares/Third_Party/FreeRTOS/Source/event_groups.c.obj
LOAD CMakeFiles/FOC_Control.elf.dir/Middlewares/Third_Party/FreeRTOS/Source/list.c.obj
LOAD CMakeFiles/FOC_Control.elf.dir/Middlewares/Third_Party/FreeRTOS/Source/portable/GCC/ARM_CM4F/port.c.obj
LOAD CMakeFiles/FOC_Control.elf.dir/Middlewares/Third_Party/FreeRTOS/Source/portable/MemMang/heap_4.c.obj
LOAD CMakeFiles/FOC_Control.elf.dir/Middlewares/Third_Party/FreeRTOS/Source/queue.c.obj
LOAD CMakeFiles/FOC_Control.elf.dir/Middlewares/Third_Party/FreeRTOS/Source/stream_buffer.c.obj
LOAD CMakeFiles/FOC_Control.elf.dir/Middlewares/Third_Party/FreeRTOS/Source/tasks.c.obj
LOAD CMakeFiles/FOC_Control.elf.dir/Middlewares/Third_Party/FreeRTOS/Source/timers.c.obj
LOAD CMakeFiles/FOC_Control.elf.dir/UserApp/FOC/FOC.c.obj
LOAD CMakeFiles/FOC_Control.elf.dir/UserApp/FOC/FOC_math.c.obj
LOAD CMakeFiles/FOC_Control.elf.dir/UserApp/FOC/Filter.c.obj
LOAD CMakeFiles/FOC_Control.elf.dir/UserApp/FOC/hardware_api.c.obj
LOAD CMakeFiles/FOC_Control.elf.dir/UserApp/FOC/my_PID.c.obj
LOAD CMakeFiles/FOC_Control.elf.dir/UserApp/MT6701/MT6701.c.obj
LOAD CMakeFiles/FOC_Control.elf.dir/UserApp/retarget/retarget.c.obj
START GROUP
LOAD e:/compiler/bin/../lib/gcc/arm-none-eabi/10.2.1/thumb/v7e-m+fp/hard\libgcc.a
LOAD e:/compiler/bin/../lib/gcc/arm-none-eabi/10.2.1/../../../../arm-none-eabi/lib/thumb/v7e-m+fp/hard\libg.a
LOAD e:/compiler/bin/../lib/gcc/arm-none-eabi/10.2.1/../../../../arm-none-eabi/lib/thumb/v7e-m+fp/hard\libc.a
END GROUP
LOAD e:/compiler/bin/../lib/gcc/arm-none-eabi/10.2.1/thumb/v7e-m+fp/hard/crtend.o
LOAD e:/compiler/bin/../lib/gcc/arm-none-eabi/10.2.1/thumb/v7e-m+fp/hard/crtn.o
                0x24080000                _estack = (ORIGIN (RAM_D1) + LENGTH (RAM_D1))
                0x00004000                _Min_Heap_Size = 0x4000
                0x00004000                _Min_Stack_Size = 0x4000

.isr_vector     0x08000000      0x298
                0x08000000                . = ALIGN (0x4)
 *(.isr_vector)
 .isr_vector    0x08000000      0x298 CMakeFiles/FOC_Control.elf.dir/Core/Startup/startup_stm32h750vbtx.s.obj
                0x08000000                g_pfnVectors
                0x08000298                . = ALIGN (0x4)

.text           0x080002c0    0x105b4
                0x080002c0                . = ALIGN (0x4)
 *(.text)
 .text          0x080002c0       0x40 e:/compiler/bin/../lib/gcc/arm-none-eabi/10.2.1/thumb/v7e-m+fp/hard/crtbegin.o
 .text          0x08000300      0x378 e:/compiler/bin/../lib/gcc/arm-none-eabi/10.2.1/thumb/v7e-m+fp/hard\libgcc.a(_arm_addsubdf3.o)
                0x08000300                __aeabi_drsub
                0x08000308                __aeabi_dsub
                0x08000308                __subdf3
                0x0800030c                __aeabi_dadd
                0x0800030c                __adddf3
                0x08000584                __floatunsidf
                0x08000584                __aeabi_ui2d
                0x080005a4                __floatsidf
                0x080005a4                __aeabi_i2d
                0x080005c8                __aeabi_f2d
                0x080005c8                __extendsfdf2
                0x0800060c                __floatundidf
                0x0800060c                __aeabi_ul2d
                0x0800061c                __floatdidf
                0x0800061c                __aeabi_l2d
 .text          0x08000678      0x424 e:/compiler/bin/../lib/gcc/arm-none-eabi/10.2.1/thumb/v7e-m+fp/hard\libgcc.a(_arm_muldivdf3.o)
                0x08000678                __aeabi_dmul
                0x08000678                __muldf3
                0x080008cc                __divdf3
                0x080008cc                __aeabi_ddiv
 .text          0x08000a9c      0x110 e:/compiler/bin/../lib/gcc/arm-none-eabi/10.2.1/thumb/v7e-m+fp/hard\libgcc.a(_arm_cmpdf2.o)
                0x08000a9c                __gtdf2
                0x08000a9c                __gedf2
                0x08000aa4                __ltdf2
                0x08000aa4                __ledf2
                0x08000aac                __nedf2
                0x08000aac                __eqdf2
                0x08000aac                __cmpdf2
                0x08000b28                __aeabi_cdrcmple
                0x08000b38                __aeabi_cdcmpeq
                0x08000b38                __aeabi_cdcmple
                0x08000b48                __aeabi_dcmpeq
                0x08000b5c                __aeabi_dcmplt
                0x08000b70                __aeabi_dcmple
                0x08000b84                __aeabi_dcmpge
                0x08000b98                __aeabi_dcmpgt
 .text          0x08000bac       0x50 e:/compiler/bin/../lib/gcc/arm-none-eabi/10.2.1/thumb/v7e-m+fp/hard\libgcc.a(_arm_fixdfsi.o)
                0x08000bac                __aeabi_d2iz
                0x08000bac                __fixdfsi
 .text          0x08000bfc       0xa0 e:/compiler/bin/../lib/gcc/arm-none-eabi/10.2.1/thumb/v7e-m+fp/hard\libgcc.a(_arm_truncdfsf2.o)
                0x08000bfc                __truncdfsf2
                0x08000bfc                __aeabi_d2f
 .text          0x08000c9c       0x30 e:/compiler/bin/../lib/gcc/arm-none-eabi/10.2.1/thumb/v7e-m+fp/hard\libgcc.a(_aeabi_uldivmod.o)
                0x08000c9c                __aeabi_uldivmod
 .text          0x08000ccc      0x2d0 e:/compiler/bin/../lib/gcc/arm-none-eabi/10.2.1/thumb/v7e-m+fp/hard\libgcc.a(_udivmoddi4.o)
                0x08000ccc                __udivmoddi4
 .text          0x08000f9c        0x4 e:/compiler/bin/../lib/gcc/arm-none-eabi/10.2.1/thumb/v7e-m+fp/hard\libgcc.a(_dvmd_tls.o)
                0x08000f9c                __aeabi_idiv0
                0x08000f9c                __aeabi_ldiv0
 .text          0x08000fa0      0x134 e:/compiler/bin/../lib/gcc/arm-none-eabi/10.2.1/../../../../arm-none-eabi/lib/thumb/v7e-m+fp/hard\libg.a(lib_a-memcpy.o)
                0x08000fa0                memcpy
 *fill*         0x080010d4       0x2c 
 .text          0x08001100       0xdc e:/compiler/bin/../lib/gcc/arm-none-eabi/10.2.1/../../../../arm-none-eabi/lib/thumb/v7e-m+fp/hard\libg.a(lib_a-strlen.o)
                0x08001100                strlen
 *fill*         0x080011dc        0x4 
 .text          0x080011e0       0xa0 e:/compiler/bin/../lib/gcc/arm-none-eabi/10.2.1/../../../../arm-none-eabi/lib/thumb/v7e-m+fp/hard\libg.a(lib_a-memchr.o)
                0x080011e0                memchr
 .text          0x08001280       0x2c e:/compiler/bin/../lib/gcc/arm-none-eabi/10.2.1/thumb/v7e-m+fp/hard\libgcc.a(_arm_unorddf2.o)
                0x08001280                __unorddf2
                0x08001280                __aeabi_dcmpun
 *(.text*)
 .text.vApplicationTickHook
                0x080012ac        0x2 CMakeFiles/FOC_Control.elf.dir/Core/Src/freertos.c.obj
                0x080012ac                vApplicationTickHook
 *fill*         0x080012ae        0x2 
 .text.vApplicationGetIdleTaskMemory
                0x080012b0       0x18 CMakeFiles/FOC_Control.elf.dir/Core/Src/freertos.c.obj
                0x080012b0                vApplicationGetIdleTaskMemory
 .text.FOCTask  0x080012c8      0x11c CMakeFiles/FOC_Control.elf.dir/Core/Src/freertos.c.obj
                0x080012c8                FOCTask
 .text.SensorTask
                0x080013e4        0xc CMakeFiles/FOC_Control.elf.dir/Core/Src/freertos.c.obj
                0x080013e4                SensorTask
 .text.ModeSwitchTask
                0x080013f0        0xc CMakeFiles/FOC_Control.elf.dir/Core/Src/freertos.c.obj
                0x080013f0                ModeSwitchTask
 *fill*         0x080013fc        0x4 
 .text.UARTTask
                0x08001400      0x134 CMakeFiles/FOC_Control.elf.dir/Core/Src/freertos.c.obj
                0x08001400                UARTTask
 .text.MX_GPIO_Init
                0x08001534      0x1a0 CMakeFiles/FOC_Control.elf.dir/Core/Src/main.c.obj
 .text.MX_DMA_Init
                0x080016d4       0x48 CMakeFiles/FOC_Control.elf.dir/Core/Src/main.c.obj
 .text.StartDefaultTask
                0x0800171c       0x7c CMakeFiles/FOC_Control.elf.dir/Core/Src/main.c.obj
                0x0800171c                StartDefaultTask
 .text.Error_Handler
                0x08001798        0x4 CMakeFiles/FOC_Control.elf.dir/Core/Src/main.c.obj
                0x08001798                Error_Handler
 .text.MX_CRC_Init
                0x0800179c       0x2c CMakeFiles/FOC_Control.elf.dir/Core/Src/main.c.obj
 .text.MX_SPI1_Init
                0x080017c8       0x60 CMakeFiles/FOC_Control.elf.dir/Core/Src/main.c.obj
 .text.MX_TIM3_Init
                0x08001828       0x80 CMakeFiles/FOC_Control.elf.dir/Core/Src/main.c.obj
 .text.MX_TIM4_Init
                0x080018a8       0x80 CMakeFiles/FOC_Control.elf.dir/Core/Src/main.c.obj
 .text.MX_TIM5_Init
                0x08001928       0x80 CMakeFiles/FOC_Control.elf.dir/Core/Src/main.c.obj
 .text.MX_USART1_UART_Init
                0x080019a8       0x60 CMakeFiles/FOC_Control.elf.dir/Core/Src/main.c.obj
 .text.MX_I2C2_Init
                0x08001a08       0x54 CMakeFiles/FOC_Control.elf.dir/Core/Src/main.c.obj
 .text.SystemClock_Config
                0x08001a5c       0xc8 CMakeFiles/FOC_Control.elf.dir/Core/Src/main.c.obj
                0x08001a5c                SystemClock_Config
 .text.main     0x08001b24       0x70 CMakeFiles/FOC_Control.elf.dir/Core/Src/main.c.obj
                0x08001b24                main
 .text.HAL_MspInit
                0x08001b94       0x34 CMakeFiles/FOC_Control.elf.dir/Core/Src/stm32h7xx_hal_msp.c.obj
                0x08001b94                HAL_MspInit
 .text.HAL_CRC_MspInit
                0x08001bc8       0x30 CMakeFiles/FOC_Control.elf.dir/Core/Src/stm32h7xx_hal_msp.c.obj
                0x08001bc8                HAL_CRC_MspInit
 .text.HAL_I2C_MspInit
                0x08001bf8       0x98 CMakeFiles/FOC_Control.elf.dir/Core/Src/stm32h7xx_hal_msp.c.obj
                0x08001bf8                HAL_I2C_MspInit
 .text.HAL_SPI_MspInit
                0x08001c90      0x104 CMakeFiles/FOC_Control.elf.dir/Core/Src/stm32h7xx_hal_msp.c.obj
                0x08001c90                HAL_SPI_MspInit
 .text.HAL_TIM_PWM_MspInit
                0x08001d94       0x80 CMakeFiles/FOC_Control.elf.dir/Core/Src/stm32h7xx_hal_msp.c.obj
                0x08001d94                HAL_TIM_PWM_MspInit
 .text.HAL_TIM_MspPostInit
                0x08001e14       0xd0 CMakeFiles/FOC_Control.elf.dir/Core/Src/stm32h7xx_hal_msp.c.obj
                0x08001e14                HAL_TIM_MspPostInit
 .text.HAL_UART_MspInit
                0x08001ee4       0xd8 CMakeFiles/FOC_Control.elf.dir/Core/Src/stm32h7xx_hal_msp.c.obj
                0x08001ee4                HAL_UART_MspInit
 .text.NMI_Handler
                0x08001fbc        0x2 CMakeFiles/FOC_Control.elf.dir/Core/Src/stm32h7xx_it.c.obj
                0x08001fbc                NMI_Handler
 .text.HardFault_Handler
                0x08001fbe        0x2 CMakeFiles/FOC_Control.elf.dir/Core/Src/stm32h7xx_it.c.obj
                0x08001fbe                HardFault_Handler
 .text.MemManage_Handler
                0x08001fc0        0x2 CMakeFiles/FOC_Control.elf.dir/Core/Src/stm32h7xx_it.c.obj
                0x08001fc0                MemManage_Handler
 .text.BusFault_Handler
                0x08001fc2        0x2 CMakeFiles/FOC_Control.elf.dir/Core/Src/stm32h7xx_it.c.obj
                0x08001fc2                BusFault_Handler
 .text.UsageFault_Handler
                0x08001fc4        0x2 CMakeFiles/FOC_Control.elf.dir/Core/Src/stm32h7xx_it.c.obj
                0x08001fc4                UsageFault_Handler
 .text.DebugMon_Handler
                0x08001fc6        0x2 CMakeFiles/FOC_Control.elf.dir/Core/Src/stm32h7xx_it.c.obj
                0x08001fc6                DebugMon_Handler
 .text.SysTick_Handler
                0x08001fc8       0x16 CMakeFiles/FOC_Control.elf.dir/Core/Src/stm32h7xx_it.c.obj
                0x08001fc8                SysTick_Handler
 .text.EXTI4_IRQHandler
                0x08001fde        0xa CMakeFiles/FOC_Control.elf.dir/Core/Src/stm32h7xx_it.c.obj
                0x08001fde                EXTI4_IRQHandler
 .text.DMA1_Stream0_IRQHandler
                0x08001fe8       0x10 CMakeFiles/FOC_Control.elf.dir/Core/Src/stm32h7xx_it.c.obj
                0x08001fe8                DMA1_Stream0_IRQHandler
 .text.DMA1_Stream3_IRQHandler
                0x08001ff8       0x10 CMakeFiles/FOC_Control.elf.dir/Core/Src/stm32h7xx_it.c.obj
                0x08001ff8                DMA1_Stream3_IRQHandler
 .text.SPI1_IRQHandler
                0x08002008       0x10 CMakeFiles/FOC_Control.elf.dir/Core/Src/stm32h7xx_it.c.obj
                0x08002008                SPI1_IRQHandler
 .text._getpid  0x08002018        0x4 CMakeFiles/FOC_Control.elf.dir/Core/Src/syscalls.c.obj
                0x08002018                _getpid
 .text._kill    0x0800201c       0x10 CMakeFiles/FOC_Control.elf.dir/Core/Src/syscalls.c.obj
                0x0800201c                _kill
 .text._exit    0x0800202c        0xc CMakeFiles/FOC_Control.elf.dir/Core/Src/syscalls.c.obj
                0x0800202c                _exit
 .text._read    0x08002038       0x20 CMakeFiles/FOC_Control.elf.dir/Core/Src/syscalls.c.obj
                0x08002038                _read
 .text._write   0x08002058       0x1c CMakeFiles/FOC_Control.elf.dir/Core/Src/syscalls.c.obj
                0x08002058                _write
 .text._close   0x08002074        0x6 CMakeFiles/FOC_Control.elf.dir/Core/Src/syscalls.c.obj
                0x08002074                _close
 .text._fstat   0x0800207a        0xa CMakeFiles/FOC_Control.elf.dir/Core/Src/syscalls.c.obj
                0x0800207a                _fstat
 .text._isatty  0x08002084        0x4 CMakeFiles/FOC_Control.elf.dir/Core/Src/syscalls.c.obj
                0x08002084                _isatty
 .text._lseek   0x08002088        0x4 CMakeFiles/FOC_Control.elf.dir/Core/Src/syscalls.c.obj
                0x08002088                _lseek
 .text._sbrk    0x0800208c       0x48 CMakeFiles/FOC_Control.elf.dir/Core/Src/sysmem.c.obj
                0x0800208c                _sbrk
 .text.SystemInit
                0x080020d4       0xcc CMakeFiles/FOC_Control.elf.dir/Core/Src/system_stm32h7xx.c.obj
                0x080020d4                SystemInit
 .text.Reset_Handler
                0x080021a0       0x50 CMakeFiles/FOC_Control.elf.dir/Core/Startup/startup_stm32h750vbtx.s.obj
                0x080021a0                Reset_Handler
 .text.Default_Handler
                0x080021f0        0x2 CMakeFiles/FOC_Control.elf.dir/Core/Startup/startup_stm32h750vbtx.s.obj
                0x080021f0                RTC_Alarm_IRQHandler
                0x080021f0                HASH_RNG_IRQHandler
                0x080021f0                EXTI2_IRQHandler
                0x080021f0                TIM8_CC_IRQHandler
                0x080021f0                HRTIM1_Master_IRQHandler
                0x080021f0                UART8_IRQHandler
                0x080021f0                SPI4_IRQHandler
                0x080021f0                TIM1_CC_IRQHandler
                0x080021f0                BDMA_Channel6_IRQHandler
                0x080021f0                DMA2_Stream5_IRQHandler
                0x080021f0                HRTIM1_FLT_IRQHandler
                0x080021f0                JPEG_IRQHandler
                0x080021f0                DMA1_Stream5_IRQHandler
                0x080021f0                BDMA_Channel1_IRQHandler
                0x080021f0                HRTIM1_TIMD_IRQHandler
                0x080021f0                TAMP_STAMP_IRQHandler
                0x080021f0                EXTI3_IRQHandler
                0x080021f0                LPTIM4_IRQHandler
                0x080021f0                TIM8_TRG_COM_TIM14_IRQHandler
                0x080021f0                LPTIM2_IRQHandler
                0x080021f0                DFSDM1_FLT1_IRQHandler
                0x080021f0                DMAMUX2_OVR_IRQHandler
                0x080021f0                TIM8_UP_TIM13_IRQHandler
                0x080021f0                I2C3_ER_IRQHandler
                0x080021f0                DFSDM1_FLT2_IRQHandler
                0x080021f0                MDMA_IRQHandler
                0x080021f0                LPTIM3_IRQHandler
                0x080021f0                HSEM1_IRQHandler
                0x080021f0                EXTI0_IRQHandler
                0x080021f0                I2C2_EV_IRQHandler
                0x080021f0                DMA1_Stream2_IRQHandler
                0x080021f0                FPU_IRQHandler
                0x080021f0                OTG_HS_WKUP_IRQHandler
                0x080021f0                FDCAN1_IT1_IRQHandler
                0x080021f0                LTDC_ER_IRQHandler
                0x080021f0                DMA2_Stream2_IRQHandler
                0x080021f0                HRTIM1_TIME_IRQHandler
                0x080021f0                TIM6_DAC_IRQHandler
                0x080021f0                DCMI_IRQHandler
                0x080021f0                HRTIM1_TIMC_IRQHandler
                0x080021f0                DMA2_Stream3_IRQHandler
                0x080021f0                SAI2_IRQHandler
                0x080021f0                DFSDM1_FLT3_IRQHandler
                0x080021f0                USART6_IRQHandler
                0x080021f0                TIM17_IRQHandler
                0x080021f0                USART3_IRQHandler
                0x080021f0                BDMA_Channel7_IRQHandler
                0x080021f0                CRYP_IRQHandler
                0x080021f0                LPTIM5_IRQHandler
                0x080021f0                UART5_IRQHandler
                0x080021f0                ADC3_IRQHandler
                0x080021f0                DMA2_Stream0_IRQHandler
                0x080021f0                TIM4_IRQHandler
                0x080021f0                BDMA_Channel2_IRQHandler
                0x080021f0                QUADSPI_IRQHandler
                0x080021f0                I2C1_EV_IRQHandler
                0x080021f0                DMA1_Stream6_IRQHandler
                0x080021f0                DMAMUX1_OVR_IRQHandler
                0x080021f0                DMA1_Stream1_IRQHandler
                0x080021f0                TIM16_IRQHandler
                0x080021f0                UART4_IRQHandler
                0x080021f0                BDMA_Channel5_IRQHandler
                0x080021f0                TIM3_IRQHandler
                0x080021f0                RCC_IRQHandler
                0x080021f0                TIM8_BRK_TIM12_IRQHandler
                0x080021f0                TIM1_TRG_COM_IRQHandler
                0x080021f0                Default_Handler
                0x080021f0                ECC_IRQHandler
                0x080021f0                CEC_IRQHandler
                0x080021f0                EXTI15_10_IRQHandler
                0x080021f0                BDMA_Channel0_IRQHandler
                0x080021f0                ADC_IRQHandler
                0x080021f0                DMA1_Stream7_IRQHandler
                0x080021f0                HRTIM1_TIMA_IRQHandler
                0x080021f0                SPI5_IRQHandler
                0x080021f0                TIM7_IRQHandler
                0x080021f0                SDMMC1_IRQHandler
                0x080021f0                TIM5_IRQHandler
                0x080021f0                DMA2_Stream7_IRQHandler
                0x080021f0                TIM15_IRQHandler
                0x080021f0                PVD_AVD_IRQHandler
                0x080021f0                I2C3_EV_IRQHandler
                0x080021f0                EXTI9_5_IRQHandler
                0x080021f0                RTC_WKUP_IRQHandler
                0x080021f0                LTDC_IRQHandler
                0x080021f0                SAI3_IRQHandler
                0x080021f0                ETH_WKUP_IRQHandler
                0x080021f0                SPDIF_RX_IRQHandler
                0x080021f0                SPI2_IRQHandler
                0x080021f0                OTG_HS_EP1_IN_IRQHandler
                0x080021f0                CRS_IRQHandler
                0x080021f0                HRTIM1_TIMB_IRQHandler
                0x080021f0                FDCAN2_IT1_IRQHandler
                0x080021f0                ETH_IRQHandler
                0x080021f0                TIM1_UP_IRQHandler
                0x080021f0                BDMA_Channel4_IRQHandler
                0x080021f0                OTG_HS_EP1_OUT_IRQHandler
                0x080021f0                WWDG_IRQHandler
                0x080021f0                SPI6_IRQHandler
                0x080021f0                MDIOS_IRQHandler
                0x080021f0                I2C4_EV_IRQHandler
                0x080021f0                FDCAN2_IT0_IRQHandler
                0x080021f0                LPUART1_IRQHandler
                0x080021f0                FDCAN1_IT0_IRQHandler
                0x080021f0                TIM2_IRQHandler
                0x080021f0                OTG_FS_WKUP_IRQHandler
                0x080021f0                OTG_HS_IRQHandler
                0x080021f0                DMA2D_IRQHandler
                0x080021f0                TIM1_BRK_IRQHandler
                0x080021f0                EXTI1_IRQHandler
                0x080021f0                SDMMC2_IRQHandler
                0x080021f0                OTG_FS_EP1_OUT_IRQHandler
                0x080021f0                BDMA_Channel3_IRQHandler
                0x080021f0                UART7_IRQHandler
                0x080021f0                MDIOS_WKUP_IRQHandler
                0x080021f0                USART2_IRQHandler
                0x080021f0                DFSDM1_FLT0_IRQHandler
                0x080021f0                SAI4_IRQHandler
                0x080021f0                I2C2_ER_IRQHandler
                0x080021f0                DMA2_Stream1_IRQHandler
                0x080021f0                FLASH_IRQHandler
                0x080021f0                DMA2_Stream4_IRQHandler
                0x080021f0                USART1_IRQHandler
                0x080021f0                OTG_FS_IRQHandler
                0x080021f0                SPI3_IRQHandler
                0x080021f0                WAKEUP_PIN_IRQHandler
                0x080021f0                DMA1_Stream4_IRQHandler
                0x080021f0                OTG_FS_EP1_IN_IRQHandler
                0x080021f0                I2C1_ER_IRQHandler
                0x080021f0                FMC_IRQHandler
                0x080021f0                FDCAN_CAL_IRQHandler
                0x080021f0                SWPMI1_IRQHandler
                0x080021f0                COMP1_IRQHandler
                0x080021f0                LPTIM1_IRQHandler
                0x080021f0                I2C4_ER_IRQHandler
                0x080021f0                DMA2_Stream6_IRQHandler
                0x080021f0                SAI1_IRQHandler
 *fill*         0x080021f2        0x2 
 .text.HAL_InitTick
                0x080021f4       0x50 CMakeFiles/FOC_Control.elf.dir/Drivers/STM32H7xx_HAL_Driver/Src/stm32h7xx_hal.c.obj
                0x080021f4                HAL_InitTick
 .text.HAL_Init
                0x08002244       0x5c CMakeFiles/FOC_Control.elf.dir/Drivers/STM32H7xx_HAL_Driver/Src/stm32h7xx_hal.c.obj
                0x08002244                HAL_Init
 .text.HAL_IncTick
                0x080022a0       0x18 CMakeFiles/FOC_Control.elf.dir/Drivers/STM32H7xx_HAL_Driver/Src/stm32h7xx_hal.c.obj
                0x080022a0                HAL_IncTick
 .text.HAL_GetTick
                0x080022b8        0xc CMakeFiles/FOC_Control.elf.dir/Drivers/STM32H7xx_HAL_Driver/Src/stm32h7xx_hal.c.obj
                0x080022b8                HAL_GetTick
 .text.HAL_Delay
                0x080022c4       0x28 CMakeFiles/FOC_Control.elf.dir/Drivers/STM32H7xx_HAL_Driver/Src/stm32h7xx_hal.c.obj
                0x080022c4                HAL_Delay
 .text.HAL_GetREVID
                0x080022ec        0xc CMakeFiles/FOC_Control.elf.dir/Drivers/STM32H7xx_HAL_Driver/Src/stm32h7xx_hal.c.obj
                0x080022ec                HAL_GetREVID
 .text.HAL_NVIC_SetPriorityGrouping
                0x080022f8       0x24 CMakeFiles/FOC_Control.elf.dir/Drivers/STM32H7xx_HAL_Driver/Src/stm32h7xx_hal_cortex.c.obj
                0x080022f8                HAL_NVIC_SetPriorityGrouping
 .text.HAL_NVIC_SetPriority
                0x0800231c       0x6c CMakeFiles/FOC_Control.elf.dir/Drivers/STM32H7xx_HAL_Driver/Src/stm32h7xx_hal_cortex.c.obj
                0x0800231c                HAL_NVIC_SetPriority
 .text.HAL_NVIC_EnableIRQ
                0x08002388       0x1c CMakeFiles/FOC_Control.elf.dir/Drivers/STM32H7xx_HAL_Driver/Src/stm32h7xx_hal_cortex.c.obj
                0x08002388                HAL_NVIC_EnableIRQ
 .text.HAL_SYSTICK_Config
                0x080023a4       0x28 CMakeFiles/FOC_Control.elf.dir/Drivers/STM32H7xx_HAL_Driver/Src/stm32h7xx_hal_cortex.c.obj
                0x080023a4                HAL_SYSTICK_Config
 .text.HAL_CRC_Init
                0x080023cc       0x80 CMakeFiles/FOC_Control.elf.dir/Drivers/STM32H7xx_HAL_Driver/Src/stm32h7xx_hal_crc.c.obj
                0x080023cc                HAL_CRC_Init
 .text.HAL_CRCEx_Polynomial_Set
                0x0800244c       0x78 CMakeFiles/FOC_Control.elf.dir/Drivers/STM32H7xx_HAL_Driver/Src/stm32h7xx_hal_crc_ex.c.obj
                0x0800244c                HAL_CRCEx_Polynomial_Set
 .text.DMA_SetConfig
                0x080024c4      0x1b4 CMakeFiles/FOC_Control.elf.dir/Drivers/STM32H7xx_HAL_Driver/Src/stm32h7xx_hal_dma.c.obj
 .text.DMA_CalcBaseAndBitshift
                0x08002678       0xb4 CMakeFiles/FOC_Control.elf.dir/Drivers/STM32H7xx_HAL_Driver/Src/stm32h7xx_hal_dma.c.obj
 .text.DMA_CheckFifoParam
                0x0800272c       0x92 CMakeFiles/FOC_Control.elf.dir/Drivers/STM32H7xx_HAL_Driver/Src/stm32h7xx_hal_dma.c.obj
 *fill*         0x080027be        0x2 
 .text.DMA_CalcDMAMUXChannelBaseAndMask
                0x080027c0       0xb0 CMakeFiles/FOC_Control.elf.dir/Drivers/STM32H7xx_HAL_Driver/Src/stm32h7xx_hal_dma.c.obj
 .text.DMA_CalcDMAMUXRequestGenBaseAndMask
                0x08002870       0x7c CMakeFiles/FOC_Control.elf.dir/Drivers/STM32H7xx_HAL_Driver/Src/stm32h7xx_hal_dma.c.obj
 .text.HAL_DMA_Init
                0x080028ec      0x3a4 CMakeFiles/FOC_Control.elf.dir/Drivers/STM32H7xx_HAL_Driver/Src/stm32h7xx_hal_dma.c.obj
                0x080028ec                HAL_DMA_Init
 .text.HAL_DMA_Start_IT
                0x08002c90      0x298 CMakeFiles/FOC_Control.elf.dir/Drivers/STM32H7xx_HAL_Driver/Src/stm32h7xx_hal_dma.c.obj
                0x08002c90                HAL_DMA_Start_IT
 .text.HAL_DMA_Abort
                0x08002f28      0x340 CMakeFiles/FOC_Control.elf.dir/Drivers/STM32H7xx_HAL_Driver/Src/stm32h7xx_hal_dma.c.obj
                0x08002f28                HAL_DMA_Abort
 .text.HAL_DMA_Abort_IT
                0x08003268      0x270 CMakeFiles/FOC_Control.elf.dir/Drivers/STM32H7xx_HAL_Driver/Src/stm32h7xx_hal_dma.c.obj
                0x08003268                HAL_DMA_Abort_IT
 .text.HAL_DMA_IRQHandler
                0x080034d8      0x738 CMakeFiles/FOC_Control.elf.dir/Drivers/STM32H7xx_HAL_Driver/Src/stm32h7xx_hal_dma.c.obj
                0x080034d8                HAL_DMA_IRQHandler
 .text.HAL_DMA_GetError
                0x08003c10        0x4 CMakeFiles/FOC_Control.elf.dir/Drivers/STM32H7xx_HAL_Driver/Src/stm32h7xx_hal_dma.c.obj
                0x08003c10                HAL_DMA_GetError
 .text.HAL_GPIO_Init
                0x08003c14      0x220 CMakeFiles/FOC_Control.elf.dir/Drivers/STM32H7xx_HAL_Driver/Src/stm32h7xx_hal_gpio.c.obj
                0x08003c14                HAL_GPIO_Init
 .text.HAL_GPIO_WritePin
                0x08003e34        0xc CMakeFiles/FOC_Control.elf.dir/Drivers/STM32H7xx_HAL_Driver/Src/stm32h7xx_hal_gpio.c.obj
                0x08003e34                HAL_GPIO_WritePin
 .text.HAL_GPIO_TogglePin
                0x08003e40       0x12 CMakeFiles/FOC_Control.elf.dir/Drivers/STM32H7xx_HAL_Driver/Src/stm32h7xx_hal_gpio.c.obj
                0x08003e40                HAL_GPIO_TogglePin
 .text.HAL_GPIO_EXTI_Callback
                0x08003e52        0x2 CMakeFiles/FOC_Control.elf.dir/Drivers/STM32H7xx_HAL_Driver/Src/stm32h7xx_hal_gpio.c.obj
                0x08003e52                HAL_GPIO_EXTI_Callback
 .text.HAL_GPIO_EXTI_IRQHandler
                0x08003e54       0x1e CMakeFiles/FOC_Control.elf.dir/Drivers/STM32H7xx_HAL_Driver/Src/stm32h7xx_hal_gpio.c.obj
                0x08003e54                HAL_GPIO_EXTI_IRQHandler
 .text.I2C_Flush_TXDR
                0x08003e72       0x22 CMakeFiles/FOC_Control.elf.dir/Drivers/STM32H7xx_HAL_Driver/Src/stm32h7xx_hal_i2c.c.obj
 .text.I2C_TransferConfig
                0x08003e94       0x3c CMakeFiles/FOC_Control.elf.dir/Drivers/STM32H7xx_HAL_Driver/Src/stm32h7xx_hal_i2c.c.obj
 .text.I2C_IsErrorOccurred
                0x08003ed0      0x118 CMakeFiles/FOC_Control.elf.dir/Drivers/STM32H7xx_HAL_Driver/Src/stm32h7xx_hal_i2c.c.obj
 .text.I2C_WaitOnTXISFlagUntilTimeout
                0x08003fe8       0x60 CMakeFiles/FOC_Control.elf.dir/Drivers/STM32H7xx_HAL_Driver/Src/stm32h7xx_hal_i2c.c.obj
 .text.I2C_WaitOnFlagUntilTimeout
                0x08004048       0x6e CMakeFiles/FOC_Control.elf.dir/Drivers/STM32H7xx_HAL_Driver/Src/stm32h7xx_hal_i2c.c.obj
 *fill*         0x080040b6        0x2 
 .text.I2C_RequestMemoryRead
                0x080040b8       0x78 CMakeFiles/FOC_Control.elf.dir/Drivers/STM32H7xx_HAL_Driver/Src/stm32h7xx_hal_i2c.c.obj
 .text.I2C_WaitOnSTOPFlagUntilTimeout
                0x08004130       0x5e CMakeFiles/FOC_Control.elf.dir/Drivers/STM32H7xx_HAL_Driver/Src/stm32h7xx_hal_i2c.c.obj
 *fill*         0x0800418e        0x2 
 .text.HAL_I2C_Init
                0x08004190       0xbc CMakeFiles/FOC_Control.elf.dir/Drivers/STM32H7xx_HAL_Driver/Src/stm32h7xx_hal_i2c.c.obj
                0x08004190                HAL_I2C_Init
 .text.HAL_I2C_Mem_Read
                0x0800424c      0x1b0 CMakeFiles/FOC_Control.elf.dir/Drivers/STM32H7xx_HAL_Driver/Src/stm32h7xx_hal_i2c.c.obj
                0x0800424c                HAL_I2C_Mem_Read
 .text.HAL_I2CEx_ConfigAnalogFilter
                0x080043fc       0x5c CMakeFiles/FOC_Control.elf.dir/Drivers/STM32H7xx_HAL_Driver/Src/stm32h7xx_hal_i2c_ex.c.obj
                0x080043fc                HAL_I2CEx_ConfigAnalogFilter
 .text.HAL_I2CEx_ConfigDigitalFilter
                0x08004458       0x58 CMakeFiles/FOC_Control.elf.dir/Drivers/STM32H7xx_HAL_Driver/Src/stm32h7xx_hal_i2c_ex.c.obj
                0x08004458                HAL_I2CEx_ConfigDigitalFilter
 .text.HAL_PWREx_ConfigSupply
                0x080044b0       0x54 CMakeFiles/FOC_Control.elf.dir/Drivers/STM32H7xx_HAL_Driver/Src/stm32h7xx_hal_pwr_ex.c.obj
                0x080044b0                HAL_PWREx_ConfigSupply
 .text.HAL_RCC_OscConfig
                0x08004504      0x6b4 CMakeFiles/FOC_Control.elf.dir/Drivers/STM32H7xx_HAL_Driver/Src/stm32h7xx_hal_rcc.c.obj
                0x08004504                HAL_RCC_OscConfig
 .text.HAL_RCC_GetSysClockFreq
                0x08004bb8      0x1f4 CMakeFiles/FOC_Control.elf.dir/Drivers/STM32H7xx_HAL_Driver/Src/stm32h7xx_hal_rcc.c.obj
                0x08004bb8                HAL_RCC_GetSysClockFreq
 .text.HAL_RCC_ClockConfig
                0x08004dac      0x294 CMakeFiles/FOC_Control.elf.dir/Drivers/STM32H7xx_HAL_Driver/Src/stm32h7xx_hal_rcc.c.obj
                0x08004dac                HAL_RCC_ClockConfig
 .text.HAL_RCC_GetHCLKFreq
                0x08005040       0x44 CMakeFiles/FOC_Control.elf.dir/Drivers/STM32H7xx_HAL_Driver/Src/stm32h7xx_hal_rcc.c.obj
                0x08005040                HAL_RCC_GetHCLKFreq
 .text.HAL_RCC_GetPCLK1Freq
                0x08005084       0x24 CMakeFiles/FOC_Control.elf.dir/Drivers/STM32H7xx_HAL_Driver/Src/stm32h7xx_hal_rcc.c.obj
                0x08005084                HAL_RCC_GetPCLK1Freq
 .text.HAL_RCC_GetPCLK2Freq
                0x080050a8       0x24 CMakeFiles/FOC_Control.elf.dir/Drivers/STM32H7xx_HAL_Driver/Src/stm32h7xx_hal_rcc.c.obj
                0x080050a8                HAL_RCC_GetPCLK2Freq
 .text.RCCEx_PLL2_Config
                0x080050cc      0x10c CMakeFiles/FOC_Control.elf.dir/Drivers/STM32H7xx_HAL_Driver/Src/stm32h7xx_hal_rcc_ex.c.obj
 .text.RCCEx_PLL3_Config
                0x080051d8      0x10c CMakeFiles/FOC_Control.elf.dir/Drivers/STM32H7xx_HAL_Driver/Src/stm32h7xx_hal_rcc_ex.c.obj
 .text.HAL_RCCEx_PeriphCLKConfig
                0x080052e4      0xa8c CMakeFiles/FOC_Control.elf.dir/Drivers/STM32H7xx_HAL_Driver/Src/stm32h7xx_hal_rcc_ex.c.obj
                0x080052e4                HAL_RCCEx_PeriphCLKConfig
 .text.HAL_RCCEx_GetD3PCLK1Freq
                0x08005d70       0x24 CMakeFiles/FOC_Control.elf.dir/Drivers/STM32H7xx_HAL_Driver/Src/stm32h7xx_hal_rcc_ex.c.obj
                0x08005d70                HAL_RCCEx_GetD3PCLK1Freq
 .text.HAL_RCCEx_GetPLL2ClockFreq
                0x08005d94      0x1f8 CMakeFiles/FOC_Control.elf.dir/Drivers/STM32H7xx_HAL_Driver/Src/stm32h7xx_hal_rcc_ex.c.obj
                0x08005d94                HAL_RCCEx_GetPLL2ClockFreq
 .text.HAL_RCCEx_GetPLL3ClockFreq
                0x08005f8c      0x1f8 CMakeFiles/FOC_Control.elf.dir/Drivers/STM32H7xx_HAL_Driver/Src/stm32h7xx_hal_rcc_ex.c.obj
                0x08005f8c                HAL_RCCEx_GetPLL3ClockFreq
 .text.SPI_CloseTransfer
                0x08006184       0xd0 CMakeFiles/FOC_Control.elf.dir/Drivers/STM32H7xx_HAL_Driver/Src/stm32h7xx_hal_spi.c.obj
 .text.SPI_GetPacketSize
                0x08006254       0x10 CMakeFiles/FOC_Control.elf.dir/Drivers/STM32H7xx_HAL_Driver/Src/stm32h7xx_hal_spi.c.obj
 .text.HAL_SPI_Init
                0x08006264      0x190 CMakeFiles/FOC_Control.elf.dir/Drivers/STM32H7xx_HAL_Driver/Src/stm32h7xx_hal_spi.c.obj
                0x08006264                HAL_SPI_Init
 .text.HAL_SPI_TxCpltCallback
                0x080063f4        0x2 CMakeFiles/FOC_Control.elf.dir/Drivers/STM32H7xx_HAL_Driver/Src/stm32h7xx_hal_spi.c.obj
                0x080063f4                HAL_SPI_TxCpltCallback
 .text.HAL_SPI_RxCpltCallback
                0x080063f6        0x2 CMakeFiles/FOC_Control.elf.dir/Drivers/STM32H7xx_HAL_Driver/Src/stm32h7xx_hal_spi.c.obj
                0x080063f6                HAL_SPI_RxCpltCallback
 .text.HAL_SPI_TxRxCpltCallback
                0x080063f8        0x2 CMakeFiles/FOC_Control.elf.dir/Drivers/STM32H7xx_HAL_Driver/Src/stm32h7xx_hal_spi.c.obj
                0x080063f8                HAL_SPI_TxRxCpltCallback
 .text.HAL_SPI_ErrorCallback
                0x080063fa        0x2 CMakeFiles/FOC_Control.elf.dir/Drivers/STM32H7xx_HAL_Driver/Src/stm32h7xx_hal_spi.c.obj
                0x080063fa                HAL_SPI_ErrorCallback
 .text.SPI_DMAAbortOnError
                0x080063fc       0x1a CMakeFiles/FOC_Control.elf.dir/Drivers/STM32H7xx_HAL_Driver/Src/stm32h7xx_hal_spi.c.obj
 .text.HAL_SPI_SuspendCallback
                0x08006416        0x2 CMakeFiles/FOC_Control.elf.dir/Drivers/STM32H7xx_HAL_Driver/Src/stm32h7xx_hal_spi.c.obj
                0x08006416                HAL_SPI_SuspendCallback
 .text.HAL_SPI_IRQHandler
                0x08006418      0x240 CMakeFiles/FOC_Control.elf.dir/Drivers/STM32H7xx_HAL_Driver/Src/stm32h7xx_hal_spi.c.obj
                0x08006418                HAL_SPI_IRQHandler
 .text.TIM_OC1_SetConfig
                0x08006658       0xa8 CMakeFiles/FOC_Control.elf.dir/Drivers/STM32H7xx_HAL_Driver/Src/stm32h7xx_hal_tim.c.obj
 .text.TIM_OC3_SetConfig
                0x08006700       0x94 CMakeFiles/FOC_Control.elf.dir/Drivers/STM32H7xx_HAL_Driver/Src/stm32h7xx_hal_tim.c.obj
 .text.TIM_OC4_SetConfig
                0x08006794       0x74 CMakeFiles/FOC_Control.elf.dir/Drivers/STM32H7xx_HAL_Driver/Src/stm32h7xx_hal_tim.c.obj
 .text.TIM_OC5_SetConfig
                0x08006808       0x74 CMakeFiles/FOC_Control.elf.dir/Drivers/STM32H7xx_HAL_Driver/Src/stm32h7xx_hal_tim.c.obj
 .text.TIM_OC6_SetConfig
                0x0800687c       0x74 CMakeFiles/FOC_Control.elf.dir/Drivers/STM32H7xx_HAL_Driver/Src/stm32h7xx_hal_tim.c.obj
 .text.TIM_Base_SetConfig
                0x080068f0      0x104 CMakeFiles/FOC_Control.elf.dir/Drivers/STM32H7xx_HAL_Driver/Src/stm32h7xx_hal_tim.c.obj
                0x080068f0                TIM_Base_SetConfig
 .text.HAL_TIM_PWM_Init
                0x080069f4       0x60 CMakeFiles/FOC_Control.elf.dir/Drivers/STM32H7xx_HAL_Driver/Src/stm32h7xx_hal_tim.c.obj
                0x080069f4                HAL_TIM_PWM_Init
 .text.TIM_OC2_SetConfig
                0x08006a54       0x94 CMakeFiles/FOC_Control.elf.dir/Drivers/STM32H7xx_HAL_Driver/Src/stm32h7xx_hal_tim.c.obj
                0x08006a54                TIM_OC2_SetConfig
 .text.HAL_TIM_PWM_ConfigChannel
                0x08006ae8      0x13a CMakeFiles/FOC_Control.elf.dir/Drivers/STM32H7xx_HAL_Driver/Src/stm32h7xx_hal_tim.c.obj
                0x08006ae8                HAL_TIM_PWM_ConfigChannel
 .text.TIM_CCxChannelCmd
                0x08006c22       0x1e CMakeFiles/FOC_Control.elf.dir/Drivers/STM32H7xx_HAL_Driver/Src/stm32h7xx_hal_tim.c.obj
                0x08006c22                TIM_CCxChannelCmd
 .text.HAL_TIM_PWM_Start
                0x08006c40      0x168 CMakeFiles/FOC_Control.elf.dir/Drivers/STM32H7xx_HAL_Driver/Src/stm32h7xx_hal_tim.c.obj
                0x08006c40                HAL_TIM_PWM_Start
 .text.HAL_TIMEx_MasterConfigSynchronization
                0x08006da8       0xa0 CMakeFiles/FOC_Control.elf.dir/Drivers/STM32H7xx_HAL_Driver/Src/stm32h7xx_hal_tim_ex.c.obj
                0x08006da8                HAL_TIMEx_MasterConfigSynchronization
 .text.UART_EndTxTransfer
                0x08006e48       0x32 CMakeFiles/FOC_Control.elf.dir/Drivers/STM32H7xx_HAL_Driver/Src/stm32h7xx_hal_uart.c.obj
 *fill*         0x08006e7a        0x2 
 .text.UART_EndRxTransfer
                0x08006e7c       0x58 CMakeFiles/FOC_Control.elf.dir/Drivers/STM32H7xx_HAL_Driver/Src/stm32h7xx_hal_uart.c.obj
 .text.HAL_UART_DMAStop
                0x08006ed4       0xb2 CMakeFiles/FOC_Control.elf.dir/Drivers/STM32H7xx_HAL_Driver/Src/stm32h7xx_hal_uart.c.obj
                0x08006ed4                HAL_UART_DMAStop
 .text.HAL_UART_RxCpltCallback
                0x08006f86        0x2 CMakeFiles/FOC_Control.elf.dir/Drivers/STM32H7xx_HAL_Driver/Src/stm32h7xx_hal_uart.c.obj
                0x08006f86                HAL_UART_RxCpltCallback
 .text.HAL_UART_RxHalfCpltCallback
                0x08006f88        0x2 CMakeFiles/FOC_Control.elf.dir/Drivers/STM32H7xx_HAL_Driver/Src/stm32h7xx_hal_uart.c.obj
                0x08006f88                HAL_UART_RxHalfCpltCallback
 .text.HAL_UART_ErrorCallback
                0x08006f8a        0x2 CMakeFiles/FOC_Control.elf.dir/Drivers/STM32H7xx_HAL_Driver/Src/stm32h7xx_hal_uart.c.obj
                0x08006f8a                HAL_UART_ErrorCallback
 .text.UART_DMAError
                0x08006f8c       0x58 CMakeFiles/FOC_Control.elf.dir/Drivers/STM32H7xx_HAL_Driver/Src/stm32h7xx_hal_uart.c.obj
 .text.HAL_UARTEx_RxEventCallback
                0x08006fe4        0x2 CMakeFiles/FOC_Control.elf.dir/Drivers/STM32H7xx_HAL_Driver/Src/stm32h7xx_hal_uart.c.obj
                0x08006fe4                HAL_UARTEx_RxEventCallback
 .text.UART_DMARxHalfCplt
                0x08006fe6       0x20 CMakeFiles/FOC_Control.elf.dir/Drivers/STM32H7xx_HAL_Driver/Src/stm32h7xx_hal_uart.c.obj
 .text.UART_DMAReceiveCplt
                0x08007006       0x90 CMakeFiles/FOC_Control.elf.dir/Drivers/STM32H7xx_HAL_Driver/Src/stm32h7xx_hal_uart.c.obj
 *fill*         0x08007096        0x2 
 .text.UART_SetConfig
                0x08007098      0x5f4 CMakeFiles/FOC_Control.elf.dir/Drivers/STM32H7xx_HAL_Driver/Src/stm32h7xx_hal_uart.c.obj
                0x08007098                UART_SetConfig
 .text.UART_AdvFeatureConfig
                0x0800768c       0xca CMakeFiles/FOC_Control.elf.dir/Drivers/STM32H7xx_HAL_Driver/Src/stm32h7xx_hal_uart.c.obj
                0x0800768c                UART_AdvFeatureConfig
 .text.UART_WaitOnFlagUntilTimeout
                0x08007756       0x9a CMakeFiles/FOC_Control.elf.dir/Drivers/STM32H7xx_HAL_Driver/Src/stm32h7xx_hal_uart.c.obj
                0x08007756                UART_WaitOnFlagUntilTimeout
 .text.HAL_UART_Transmit
                0x080077f0       0xd0 CMakeFiles/FOC_Control.elf.dir/Drivers/STM32H7xx_HAL_Driver/Src/stm32h7xx_hal_uart.c.obj
                0x080077f0                HAL_UART_Transmit
 .text.UART_CheckIdleState
                0x080078c0       0xca CMakeFiles/FOC_Control.elf.dir/Drivers/STM32H7xx_HAL_Driver/Src/stm32h7xx_hal_uart.c.obj
                0x080078c0                UART_CheckIdleState
 .text.HAL_UART_Init
                0x0800798a       0x66 CMakeFiles/FOC_Control.elf.dir/Drivers/STM32H7xx_HAL_Driver/Src/stm32h7xx_hal_uart.c.obj
                0x0800798a                HAL_UART_Init
 .text.UART_Start_Receive_DMA
                0x080079f0       0xb0 CMakeFiles/FOC_Control.elf.dir/Drivers/STM32H7xx_HAL_Driver/Src/stm32h7xx_hal_uart.c.obj
                0x080079f0                UART_Start_Receive_DMA
 .text.HAL_UART_Receive_DMA
                0x08007aa0       0x4c CMakeFiles/FOC_Control.elf.dir/Drivers/STM32H7xx_HAL_Driver/Src/stm32h7xx_hal_uart.c.obj
                0x08007aa0                HAL_UART_Receive_DMA
 .text.UARTEx_SetNbDataToProcess
                0x08007aec       0x4c CMakeFiles/FOC_Control.elf.dir/Drivers/STM32H7xx_HAL_Driver/Src/stm32h7xx_hal_uart_ex.c.obj
 .text.HAL_UARTEx_DisableFifoMode
                0x08007b38       0x3e CMakeFiles/FOC_Control.elf.dir/Drivers/STM32H7xx_HAL_Driver/Src/stm32h7xx_hal_uart_ex.c.obj
                0x08007b38                HAL_UARTEx_DisableFifoMode
 .text.HAL_UARTEx_SetTxFifoThreshold
                0x08007b76       0x4a CMakeFiles/FOC_Control.elf.dir/Drivers/STM32H7xx_HAL_Driver/Src/stm32h7xx_hal_uart_ex.c.obj
                0x08007b76                HAL_UARTEx_SetTxFifoThreshold
 .text.HAL_UARTEx_SetRxFifoThreshold
                0x08007bc0       0x4a CMakeFiles/FOC_Control.elf.dir/Drivers/STM32H7xx_HAL_Driver/Src/stm32h7xx_hal_uart_ex.c.obj
                0x08007bc0                HAL_UARTEx_SetRxFifoThreshold
 .text.makeFreeRtosPriority
                0x08007c0a        0xc CMakeFiles/FOC_Control.elf.dir/Middlewares/Third_Party/FreeRTOS/Source/CMSIS_RTOS/cmsis_os.c.obj
 .text.inHandlerMode
                0x08007c16        0xc CMakeFiles/FOC_Control.elf.dir/Middlewares/Third_Party/FreeRTOS/Source/CMSIS_RTOS/cmsis_os.c.obj
 .text.osKernelStart
                0x08007c22        0xa CMakeFiles/FOC_Control.elf.dir/Middlewares/Third_Party/FreeRTOS/Source/CMSIS_RTOS/cmsis_os.c.obj
                0x08007c22                osKernelStart
 .text.osKernelSysTick
                0x08007c2c       0x14 CMakeFiles/FOC_Control.elf.dir/Middlewares/Third_Party/FreeRTOS/Source/CMSIS_RTOS/cmsis_os.c.obj
                0x08007c2c                osKernelSysTick
 .text.osThreadCreate
                0x08007c40       0x6a CMakeFiles/FOC_Control.elf.dir/Middlewares/Third_Party/FreeRTOS/Source/CMSIS_RTOS/cmsis_os.c.obj
                0x08007c40                osThreadCreate
 .text.osDelay  0x08007caa        0xe CMakeFiles/FOC_Control.elf.dir/Middlewares/Third_Party/FreeRTOS/Source/CMSIS_RTOS/cmsis_os.c.obj
                0x08007caa                osDelay
 .text.osMutexCreate
                0x08007cb8       0x16 CMakeFiles/FOC_Control.elf.dir/Middlewares/Third_Party/FreeRTOS/Source/CMSIS_RTOS/cmsis_os.c.obj
                0x08007cb8                osMutexCreate
 .text.osMutexWait
                0x08007cce       0x60 CMakeFiles/FOC_Control.elf.dir/Middlewares/Third_Party/FreeRTOS/Source/CMSIS_RTOS/cmsis_os.c.obj
                0x08007cce                osMutexWait
 .text.osMutexRelease
                0x08007d2e       0x5a CMakeFiles/FOC_Control.elf.dir/Middlewares/Third_Party/FreeRTOS/Source/CMSIS_RTOS/cmsis_os.c.obj
                0x08007d2e                osMutexRelease
 .text.vListInitialise
                0x08007d88       0x16 CMakeFiles/FOC_Control.elf.dir/Middlewares/Third_Party/FreeRTOS/Source/list.c.obj
                0x08007d88                vListInitialise
 .text.vListInitialiseItem
                0x08007d9e        0x6 CMakeFiles/FOC_Control.elf.dir/Middlewares/Third_Party/FreeRTOS/Source/list.c.obj
                0x08007d9e                vListInitialiseItem
 .text.vListInsertEnd
                0x08007da4       0x16 CMakeFiles/FOC_Control.elf.dir/Middlewares/Third_Party/FreeRTOS/Source/list.c.obj
                0x08007da4                vListInsertEnd
 .text.vListInsert
                0x08007dba       0x32 CMakeFiles/FOC_Control.elf.dir/Middlewares/Third_Party/FreeRTOS/Source/list.c.obj
                0x08007dba                vListInsert
 .text.uxListRemove
                0x08007dec       0x26 CMakeFiles/FOC_Control.elf.dir/Middlewares/Third_Party/FreeRTOS/Source/list.c.obj
                0x08007dec                uxListRemove
 *fill*         0x08007e12        0x2 
 .text.prvTaskExitError
                0x08007e14       0x40 CMakeFiles/FOC_Control.elf.dir/Middlewares/Third_Party/FreeRTOS/Source/portable/GCC/ARM_CM4F/port.c.obj
 .text.prvPortStartFirstTask
                0x08007e54       0x28 CMakeFiles/FOC_Control.elf.dir/Middlewares/Third_Party/FreeRTOS/Source/portable/GCC/ARM_CM4F/port.c.obj
 .text.vPortEnableVFP
                0x08007e7c       0x14 CMakeFiles/FOC_Control.elf.dir/Middlewares/Third_Party/FreeRTOS/Source/portable/GCC/ARM_CM4F/port.c.obj
 .text.pxPortInitialiseStack
                0x08007e90       0x2c CMakeFiles/FOC_Control.elf.dir/Middlewares/Third_Party/FreeRTOS/Source/portable/GCC/ARM_CM4F/port.c.obj
                0x08007e90                pxPortInitialiseStack
 *fill*         0x08007ebc        0x4 
 .text.SVC_Handler
                0x08007ec0       0x24 CMakeFiles/FOC_Control.elf.dir/Middlewares/Third_Party/FreeRTOS/Source/portable/GCC/ARM_CM4F/port.c.obj
                0x08007ec0                SVC_Handler
 .text.vPortEnterCritical
                0x08007ee4       0x44 CMakeFiles/FOC_Control.elf.dir/Middlewares/Third_Party/FreeRTOS/Source/portable/GCC/ARM_CM4F/port.c.obj
                0x08007ee4                vPortEnterCritical
 .text.vPortExitCritical
                0x08007f28       0x2c CMakeFiles/FOC_Control.elf.dir/Middlewares/Third_Party/FreeRTOS/Source/portable/GCC/ARM_CM4F/port.c.obj
                0x08007f28                vPortExitCritical
 *fill*         0x08007f54        0xc 
 .text.PendSV_Handler
                0x08007f60       0x64 CMakeFiles/FOC_Control.elf.dir/Middlewares/Third_Party/FreeRTOS/Source/portable/GCC/ARM_CM4F/port.c.obj
                0x08007f60                PendSV_Handler
 .text.xPortSysTickHandler
                0x08007fc4       0x2c CMakeFiles/FOC_Control.elf.dir/Middlewares/Third_Party/FreeRTOS/Source/portable/GCC/ARM_CM4F/port.c.obj
                0x08007fc4                xPortSysTickHandler
 .text.vPortSetupTimerInterrupt
                0x08007ff0       0x28 CMakeFiles/FOC_Control.elf.dir/Middlewares/Third_Party/FreeRTOS/Source/portable/GCC/ARM_CM4F/port.c.obj
                0x08007ff0                vPortSetupTimerInterrupt
 .text.xPortStartScheduler
                0x08008018      0x118 CMakeFiles/FOC_Control.elf.dir/Middlewares/Third_Party/FreeRTOS/Source/portable/GCC/ARM_CM4F/port.c.obj
                0x08008018                xPortStartScheduler
 .text.vPortValidateInterruptPriority
                0x08008130       0x5c CMakeFiles/FOC_Control.elf.dir/Middlewares/Third_Party/FreeRTOS/Source/portable/GCC/ARM_CM4F/port.c.obj
                0x08008130                vPortValidateInterruptPriority
 .text.prvHeapInit
                0x0800818c       0x64 CMakeFiles/FOC_Control.elf.dir/Middlewares/Third_Party/FreeRTOS/Source/portable/MemMang/heap_4.c.obj
 .text.prvInsertBlockIntoFreeList
                0x080081f0       0x64 CMakeFiles/FOC_Control.elf.dir/Middlewares/Third_Party/FreeRTOS/Source/portable/MemMang/heap_4.c.obj
 .text.pvPortMalloc
                0x08008254       0xfc CMakeFiles/FOC_Control.elf.dir/Middlewares/Third_Party/FreeRTOS/Source/portable/MemMang/heap_4.c.obj
                0x08008254                pvPortMalloc
 .text.vPortFree
                0x08008350       0x7c CMakeFiles/FOC_Control.elf.dir/Middlewares/Third_Party/FreeRTOS/Source/portable/MemMang/heap_4.c.obj
                0x08008350                vPortFree
 .text.prvGetDisinheritPriorityAfterTimeout
                0x080083cc       0x10 CMakeFiles/FOC_Control.elf.dir/Middlewares/Third_Party/FreeRTOS/Source/queue.c.obj
 .text.prvIsQueueFull
                0x080083dc       0x1e CMakeFiles/FOC_Control.elf.dir/Middlewares/Third_Party/FreeRTOS/Source/queue.c.obj
 .text.prvIsQueueEmpty
                0x080083fa       0x1a CMakeFiles/FOC_Control.elf.dir/Middlewares/Third_Party/FreeRTOS/Source/queue.c.obj
 .text.prvCopyDataToQueue
                0x08008414       0x76 CMakeFiles/FOC_Control.elf.dir/Middlewares/Third_Party/FreeRTOS/Source/queue.c.obj
 .text.prvCopyDataFromQueue
                0x0800848a       0x24 CMakeFiles/FOC_Control.elf.dir/Middlewares/Third_Party/FreeRTOS/Source/queue.c.obj
 .text.prvUnlockQueue
                0x080084ae       0x6e CMakeFiles/FOC_Control.elf.dir/Middlewares/Third_Party/FreeRTOS/Source/queue.c.obj
 .text.xQueueGenericReset
                0x0800851c       0x84 CMakeFiles/FOC_Control.elf.dir/Middlewares/Third_Party/FreeRTOS/Source/queue.c.obj
                0x0800851c                xQueueGenericReset
 .text.prvInitialiseNewQueue
                0x080085a0       0x1c CMakeFiles/FOC_Control.elf.dir/Middlewares/Third_Party/FreeRTOS/Source/queue.c.obj
 .text.xQueueGenericCreateStatic
                0x080085bc       0xa6 CMakeFiles/FOC_Control.elf.dir/Middlewares/Third_Party/FreeRTOS/Source/queue.c.obj
                0x080085bc                xQueueGenericCreateStatic
 .text.xQueueGenericCreate
                0x08008662       0x48 CMakeFiles/FOC_Control.elf.dir/Middlewares/Third_Party/FreeRTOS/Source/queue.c.obj
                0x08008662                xQueueGenericCreate
 .text.xQueueGenericSend
                0x080086aa      0x188 CMakeFiles/FOC_Control.elf.dir/Middlewares/Third_Party/FreeRTOS/Source/queue.c.obj
                0x080086aa                xQueueGenericSend
 .text.prvInitialiseMutex
                0x08008832       0x18 CMakeFiles/FOC_Control.elf.dir/Middlewares/Third_Party/FreeRTOS/Source/queue.c.obj
 .text.xQueueCreateMutex
                0x0800884a       0x16 CMakeFiles/FOC_Control.elf.dir/Middlewares/Third_Party/FreeRTOS/Source/queue.c.obj
                0x0800884a                xQueueCreateMutex
 .text.xQueueCreateMutexStatic
                0x08008860       0x1e CMakeFiles/FOC_Control.elf.dir/Middlewares/Third_Party/FreeRTOS/Source/queue.c.obj
                0x08008860                xQueueCreateMutexStatic
 .text.xQueueGiveFromISR
                0x0800887e       0xb2 CMakeFiles/FOC_Control.elf.dir/Middlewares/Third_Party/FreeRTOS/Source/queue.c.obj
                0x0800887e                xQueueGiveFromISR
 .text.xQueueSemaphoreTake
                0x08008930      0x1a6 CMakeFiles/FOC_Control.elf.dir/Middlewares/Third_Party/FreeRTOS/Source/queue.c.obj
                0x08008930                xQueueSemaphoreTake
 .text.xQueueReceiveFromISR
                0x08008ad6       0xa8 CMakeFiles/FOC_Control.elf.dir/Middlewares/Third_Party/FreeRTOS/Source/queue.c.obj
                0x08008ad6                xQueueReceiveFromISR
 *fill*         0x08008b7e        0x2 
 .text.prvResetNextTaskUnblockTime
                0x08008b80       0x2c CMakeFiles/FOC_Control.elf.dir/Middlewares/Third_Party/FreeRTOS/Source/tasks.c.obj
 .text.prvInitialiseNewTask
                0x08008bac       0xfe CMakeFiles/FOC_Control.elf.dir/Middlewares/Third_Party/FreeRTOS/Source/tasks.c.obj
 *fill*         0x08008caa        0x2 
 .text.prvInitialiseTaskLists
                0x08008cac       0x68 CMakeFiles/FOC_Control.elf.dir/Middlewares/Third_Party/FreeRTOS/Source/tasks.c.obj
 .text.prvAddNewTaskToReadyList
                0x08008d14       0xa8 CMakeFiles/FOC_Control.elf.dir/Middlewares/Third_Party/FreeRTOS/Source/tasks.c.obj
 .text.prvDeleteTCB
                0x08008dbc       0x40 CMakeFiles/FOC_Control.elf.dir/Middlewares/Third_Party/FreeRTOS/Source/tasks.c.obj
 .text.prvCheckTasksWaitingTermination
                0x08008dfc       0x4c CMakeFiles/FOC_Control.elf.dir/Middlewares/Third_Party/FreeRTOS/Source/tasks.c.obj
 .text.prvIdleTask
                0x08008e48       0x28 CMakeFiles/FOC_Control.elf.dir/Middlewares/Third_Party/FreeRTOS/Source/tasks.c.obj
 .text.prvAddCurrentTaskToDelayedList
                0x08008e70       0xa0 CMakeFiles/FOC_Control.elf.dir/Middlewares/Third_Party/FreeRTOS/Source/tasks.c.obj
 .text.xTaskCreateStatic
                0x08008f10       0x7a CMakeFiles/FOC_Control.elf.dir/Middlewares/Third_Party/FreeRTOS/Source/tasks.c.obj
                0x08008f10                xTaskCreateStatic
 .text.xTaskCreate
                0x08008f8a       0x6a CMakeFiles/FOC_Control.elf.dir/Middlewares/Third_Party/FreeRTOS/Source/tasks.c.obj
                0x08008f8a                xTaskCreate
 .text.vTaskStartScheduler
                0x08008ff4       0x84 CMakeFiles/FOC_Control.elf.dir/Middlewares/Third_Party/FreeRTOS/Source/tasks.c.obj
                0x08008ff4                vTaskStartScheduler
 .text.vTaskSuspendAll
                0x08009078       0x10 CMakeFiles/FOC_Control.elf.dir/Middlewares/Third_Party/FreeRTOS/Source/tasks.c.obj
                0x08009078                vTaskSuspendAll
 .text.xTaskGetTickCount
                0x08009088        0xc CMakeFiles/FOC_Control.elf.dir/Middlewares/Third_Party/FreeRTOS/Source/tasks.c.obj
                0x08009088                xTaskGetTickCount
 .text.xTaskGetTickCountFromISR
                0x08009094       0x10 CMakeFiles/FOC_Control.elf.dir/Middlewares/Third_Party/FreeRTOS/Source/tasks.c.obj
                0x08009094                xTaskGetTickCountFromISR
 .text.xTaskIncrementTick
                0x080090a4      0x12c CMakeFiles/FOC_Control.elf.dir/Middlewares/Third_Party/FreeRTOS/Source/tasks.c.obj
                0x080090a4                xTaskIncrementTick
 .text.xTaskResumeAll
                0x080091d0       0xf8 CMakeFiles/FOC_Control.elf.dir/Middlewares/Third_Party/FreeRTOS/Source/tasks.c.obj
                0x080091d0                xTaskResumeAll
 .text.vTaskDelay
                0x080092c8       0x4c CMakeFiles/FOC_Control.elf.dir/Middlewares/Third_Party/FreeRTOS/Source/tasks.c.obj
                0x080092c8                vTaskDelay
 .text.vTaskSwitchContext
                0x08009314       0xa4 CMakeFiles/FOC_Control.elf.dir/Middlewares/Third_Party/FreeRTOS/Source/tasks.c.obj
                0x08009314                vTaskSwitchContext
 .text.vTaskPlaceOnEventList
                0x080093b8       0x30 CMakeFiles/FOC_Control.elf.dir/Middlewares/Third_Party/FreeRTOS/Source/tasks.c.obj
                0x080093b8                vTaskPlaceOnEventList
 .text.xTaskRemoveFromEventList
                0x080093e8       0x8c CMakeFiles/FOC_Control.elf.dir/Middlewares/Third_Party/FreeRTOS/Source/tasks.c.obj
                0x080093e8                xTaskRemoveFromEventList
 .text.vTaskInternalSetTimeOutState
                0x08009474       0x18 CMakeFiles/FOC_Control.elf.dir/Middlewares/Third_Party/FreeRTOS/Source/tasks.c.obj
                0x08009474                vTaskInternalSetTimeOutState
 .text.xTaskCheckForTimeOut
                0x0800948c       0x84 CMakeFiles/FOC_Control.elf.dir/Middlewares/Third_Party/FreeRTOS/Source/tasks.c.obj
                0x0800948c                xTaskCheckForTimeOut
 .text.vTaskMissedYield
                0x08009510        0xc CMakeFiles/FOC_Control.elf.dir/Middlewares/Third_Party/FreeRTOS/Source/tasks.c.obj
                0x08009510                vTaskMissedYield
 .text.xTaskGetSchedulerState
                0x0800951c       0x20 CMakeFiles/FOC_Control.elf.dir/Middlewares/Third_Party/FreeRTOS/Source/tasks.c.obj
                0x0800951c                xTaskGetSchedulerState
 .text.xTaskPriorityInherit
                0x0800953c       0xac CMakeFiles/FOC_Control.elf.dir/Middlewares/Third_Party/FreeRTOS/Source/tasks.c.obj
                0x0800953c                xTaskPriorityInherit
 .text.xTaskPriorityDisinherit
                0x080095e8       0xb4 CMakeFiles/FOC_Control.elf.dir/Middlewares/Third_Party/FreeRTOS/Source/tasks.c.obj
                0x080095e8                xTaskPriorityDisinherit
 .text.vTaskPriorityDisinheritAfterTimeout
                0x0800969c       0xb4 CMakeFiles/FOC_Control.elf.dir/Middlewares/Third_Party/FreeRTOS/Source/tasks.c.obj
                0x0800969c                vTaskPriorityDisinheritAfterTimeout
 .text.pvTaskIncrementMutexHeldCount
                0x08009750       0x1c CMakeFiles/FOC_Control.elf.dir/Middlewares/Third_Party/FreeRTOS/Source/tasks.c.obj
                0x08009750                pvTaskIncrementMutexHeldCount
 .text.FOC_M0_VEL_PID
                0x0800976c       0x24 CMakeFiles/FOC_Control.elf.dir/UserApp/FOC/FOC.c.obj
                0x0800976c                FOC_M0_VEL_PID
 .text.FOC_M0_ANGLE_PID
                0x08009790       0x24 CMakeFiles/FOC_Control.elf.dir/UserApp/FOC/FOC.c.obj
                0x08009790                FOC_M0_ANGLE_PID
 .text.FOC_Vbus
                0x080097b4       0x18 CMakeFiles/FOC_Control.elf.dir/UserApp/FOC/FOC.c.obj
                0x080097b4                FOC_Vbus
 *fill*         0x080097cc        0x4 
 .text._normalizeAngle
                0x080097d0       0x44 CMakeFiles/FOC_Control.elf.dir/UserApp/FOC/FOC.c.obj
                0x080097d0                _normalizeAngle
 .text._electricalAngle
                0x08009814       0x30 CMakeFiles/FOC_Control.elf.dir/UserApp/FOC/FOC.c.obj
                0x08009814                _electricalAngle
 .text.setPWM   0x08009844       0xf4 CMakeFiles/FOC_Control.elf.dir/UserApp/FOC/FOC.c.obj
                0x08009844                setPWM
 .text.setTorque
                0x08009938       0xa4 CMakeFiles/FOC_Control.elf.dir/UserApp/FOC/FOC.c.obj
                0x08009938                setTorque
 .text.FOC_alignSensor
                0x080099dc       0x84 CMakeFiles/FOC_Control.elf.dir/UserApp/FOC/FOC.c.obj
                0x080099dc                FOC_alignSensor
 .text.setPhaseVoltage
                0x08009a60       0x78 CMakeFiles/FOC_Control.elf.dir/UserApp/FOC/FOC.c.obj
                0x08009a60                setPhaseVoltage
 .text.velocityOpenLoop
                0x08009ad8       0x84 CMakeFiles/FOC_Control.elf.dir/UserApp/FOC/FOC.c.obj
                0x08009ad8                velocityOpenLoop
 *fill*         0x08009b5c        0x4 
 .text.FOC_M0_set_Velocity_Angle
                0x08009b60      0x11c CMakeFiles/FOC_Control.elf.dir/UserApp/FOC/FOC.c.obj
                0x08009b60                FOC_M0_set_Velocity_Angle
 *fill*         0x08009c7c        0x4 
 .text.FOC_M0_Velocity
                0x08009c80      0x108 CMakeFiles/FOC_Control.elf.dir/UserApp/FOC/FOC.c.obj
                0x08009c80                FOC_M0_Velocity
 .text.FOC_M0_setVelocity
                0x08009d88       0x64 CMakeFiles/FOC_Control.elf.dir/UserApp/FOC/FOC.c.obj
                0x08009d88                FOC_M0_setVelocity
 .text._sin     0x08009dec       0xd0 CMakeFiles/FOC_Control.elf.dir/UserApp/FOC/FOC_math.c.obj
                0x08009dec                _sin
 .text._cos     0x08009ebc       0x2c CMakeFiles/FOC_Control.elf.dir/UserApp/FOC/FOC_math.c.obj
                0x08009ebc                _cos
 .text.Low_Pass_Filter
                0x08009ee8       0x74 CMakeFiles/FOC_Control.elf.dir/UserApp/FOC/Filter.c.obj
                0x08009ee8                Low_Pass_Filter
 .text._init3PWM
                0x08009f5c       0x28 CMakeFiles/FOC_Control.elf.dir/UserApp/FOC/hardware_api.c.obj
                0x08009f5c                _init3PWM
 .text._writeDutyCycle3PWM
                0x08009f84       0x58 CMakeFiles/FOC_Control.elf.dir/UserApp/FOC/hardware_api.c.obj
                0x08009f84                _writeDutyCycle3PWM
 .text._initCurrentSample
                0x08009fdc        0x2 CMakeFiles/FOC_Control.elf.dir/UserApp/FOC/hardware_api.c.obj
                0x08009fdc                _initCurrentSample
 .text.Pid_Init
                0x08009fde        0xe CMakeFiles/FOC_Control.elf.dir/UserApp/FOC/my_PID.c.obj
                0x08009fde                Pid_Init
 .text.Pid_Value_Init
                0x08009fec       0x88 CMakeFiles/FOC_Control.elf.dir/UserApp/FOC/my_PID.c.obj
                0x08009fec                Pid_Value_Init
 .text.Position_Pid_Calculate
                0x0800a074       0xea CMakeFiles/FOC_Control.elf.dir/UserApp/FOC/my_PID.c.obj
                0x0800a074                Position_Pid_Calculate
 *fill*         0x0800a15e        0x2 
 .text.mt6701_read_reg
                0x0800a160       0x24 CMakeFiles/FOC_Control.elf.dir/UserApp/MT6701/MT6701.c.obj
                0x0800a160                mt6701_read_reg
 .text.i2c_mt6701_get_angle
                0x0800a184       0x60 CMakeFiles/FOC_Control.elf.dir/UserApp/MT6701/MT6701.c.obj
                0x0800a184                i2c_mt6701_get_angle
 .text.uart_printf
                0x0800a1e4       0x64 CMakeFiles/FOC_Control.elf.dir/UserApp/retarget/retarget.c.obj
                0x0800a1e4                uart_printf
 .text.ReformatBuffer
                0x0800a248      0x1c4 CMakeFiles/FOC_Control.elf.dir/UserApp/retarget/retarget.c.obj
                0x0800a248                ReformatBuffer
 .text.__errno  0x0800a40c        0xc e:/compiler/bin/../lib/gcc/arm-none-eabi/10.2.1/../../../../arm-none-eabi/lib/thumb/v7e-m+fp/hard\libg.a(lib_a-errno.o)
                0x0800a40c                __errno
 .text.__libc_init_array
                0x0800a418       0x48 e:/compiler/bin/../lib/gcc/arm-none-eabi/10.2.1/../../../../arm-none-eabi/lib/thumb/v7e-m+fp/hard\libg.a(lib_a-init.o)
                0x0800a418                __libc_init_array
 .text.memset   0x0800a460       0xa4 e:/compiler/bin/../lib/gcc/arm-none-eabi/10.2.1/../../../../arm-none-eabi/lib/thumb/v7e-m+fp/hard\libg.a(lib_a-memset.o)
                0x0800a460                memset
 .text.cleanup_glue
                0x0800a504       0x48 e:/compiler/bin/../lib/gcc/arm-none-eabi/10.2.1/../../../../arm-none-eabi/lib/thumb/v7e-m+fp/hard\libg.a(lib_a-reent.o)
                0x0800a504                cleanup_glue
 .text._reclaim_reent
                0x0800a54c       0x90 e:/compiler/bin/../lib/gcc/arm-none-eabi/10.2.1/../../../../arm-none-eabi/lib/thumb/v7e-m+fp/hard\libg.a(lib_a-reent.o)
                0x0800a54c                _reclaim_reent
 .text.strncpy  0x0800a5dc       0x64 e:/compiler/bin/../lib/gcc/arm-none-eabi/10.2.1/../../../../arm-none-eabi/lib/thumb/v7e-m+fp/hard\libg.a(lib_a-strncpy.o)
                0x0800a5dc                strncpy
 .text.vsnprintf
                0x0800a640       0x70 e:/compiler/bin/../lib/gcc/arm-none-eabi/10.2.1/../../../../arm-none-eabi/lib/thumb/v7e-m+fp/hard\libg.a(lib_a-vsnprintf.o)
                0x0800a640                vsnprintf
 .text.startup.register_fini
                0x0800a6b0       0x14 e:/compiler/bin/../lib/gcc/arm-none-eabi/10.2.1/../../../../arm-none-eabi/lib/thumb/v7e-m+fp/hard\libg.a(lib_a-__call_atexit.o)
 .text.atexit   0x0800a6c4        0xc e:/compiler/bin/../lib/gcc/arm-none-eabi/10.2.1/../../../../arm-none-eabi/lib/thumb/v7e-m+fp/hard\libg.a(lib_a-atexit.o)
                0x0800a6c4                atexit
 .text.__libc_fini_array
                0x0800a6d0       0x2c e:/compiler/bin/../lib/gcc/arm-none-eabi/10.2.1/../../../../arm-none-eabi/lib/thumb/v7e-m+fp/hard\libg.a(lib_a-fini.o)
                0x0800a6d0                __libc_fini_array
 .text._malloc_trim_r
                0x0800a6fc       0xa0 e:/compiler/bin/../lib/gcc/arm-none-eabi/10.2.1/../../../../arm-none-eabi/lib/thumb/v7e-m+fp/hard\libg.a(lib_a-freer.o)
                0x0800a6fc                _malloc_trim_r
 .text._free_r  0x0800a79c      0x20c e:/compiler/bin/../lib/gcc/arm-none-eabi/10.2.1/../../../../arm-none-eabi/lib/thumb/v7e-m+fp/hard\libg.a(lib_a-freer.o)
                0x0800a79c                _free_r
 .text.__locale_mb_cur_max
                0x0800a9a8        0xc e:/compiler/bin/../lib/gcc/arm-none-eabi/10.2.1/../../../../arm-none-eabi/lib/thumb/v7e-m+fp/hard\libg.a(lib_a-locale.o)
                0x0800a9a8                __locale_mb_cur_max
 .text.__retarget_lock_init_recursive
                0x0800a9b4        0x4 e:/compiler/bin/../lib/gcc/arm-none-eabi/10.2.1/../../../../arm-none-eabi/lib/thumb/v7e-m+fp/hard\libg.a(lib_a-lock.o)
                0x0800a9b4                __retarget_lock_init_recursive
 .text.__retarget_lock_close_recursive
                0x0800a9b8        0x4 e:/compiler/bin/../lib/gcc/arm-none-eabi/10.2.1/../../../../arm-none-eabi/lib/thumb/v7e-m+fp/hard\libg.a(lib_a-lock.o)
                0x0800a9b8                __retarget_lock_close_recursive
 .text.__retarget_lock_acquire_recursive
                0x0800a9bc        0x4 e:/compiler/bin/../lib/gcc/arm-none-eabi/10.2.1/../../../../arm-none-eabi/lib/thumb/v7e-m+fp/hard\libg.a(lib_a-lock.o)
                0x0800a9bc                __retarget_lock_acquire_recursive
 .text.__retarget_lock_release_recursive
                0x0800a9c0        0x4 e:/compiler/bin/../lib/gcc/arm-none-eabi/10.2.1/../../../../arm-none-eabi/lib/thumb/v7e-m+fp/hard\libg.a(lib_a-lock.o)
                0x0800a9c0                __retarget_lock_release_recursive
 .text._malloc_r
                0x0800a9c4      0x560 e:/compiler/bin/../lib/gcc/arm-none-eabi/10.2.1/../../../../arm-none-eabi/lib/thumb/v7e-m+fp/hard\libg.a(lib_a-mallocr.o)
                0x0800a9c4                _malloc_r
 .text.__ascii_mbtowc
                0x0800af24       0x2c e:/compiler/bin/../lib/gcc/arm-none-eabi/10.2.1/../../../../arm-none-eabi/lib/thumb/v7e-m+fp/hard\libg.a(lib_a-mbtowc_r.o)
                0x0800af24                __ascii_mbtowc
 .text.__malloc_lock
                0x0800af50        0xc e:/compiler/bin/../lib/gcc/arm-none-eabi/10.2.1/../../../../arm-none-eabi/lib/thumb/v7e-m+fp/hard\libg.a(lib_a-mlock.o)
                0x0800af50                __malloc_lock
 .text.__malloc_unlock
                0x0800af5c        0xc e:/compiler/bin/../lib/gcc/arm-none-eabi/10.2.1/../../../../arm-none-eabi/lib/thumb/v7e-m+fp/hard\libg.a(lib_a-mlock.o)
                0x0800af5c                __malloc_unlock
 .text._Balloc  0x0800af68       0x4c e:/compiler/bin/../lib/gcc/arm-none-eabi/10.2.1/../../../../arm-none-eabi/lib/thumb/v7e-m+fp/hard\libg.a(lib_a-mprec.o)
                0x0800af68                _Balloc
 .text._Bfree   0x0800afb4       0x14 e:/compiler/bin/../lib/gcc/arm-none-eabi/10.2.1/../../../../arm-none-eabi/lib/thumb/v7e-m+fp/hard\libg.a(lib_a-mprec.o)
                0x0800afb4                _Bfree
 .text.__multadd
                0x0800afc8       0xa8 e:/compiler/bin/../lib/gcc/arm-none-eabi/10.2.1/../../../../arm-none-eabi/lib/thumb/v7e-m+fp/hard\libg.a(lib_a-mprec.o)
                0x0800afc8                __multadd
 .text.__hi0bits
                0x0800b070       0x40 e:/compiler/bin/../lib/gcc/arm-none-eabi/10.2.1/../../../../arm-none-eabi/lib/thumb/v7e-m+fp/hard\libg.a(lib_a-mprec.o)
                0x0800b070                __hi0bits
 .text.__lo0bits
                0x0800b0b0       0x60 e:/compiler/bin/../lib/gcc/arm-none-eabi/10.2.1/../../../../arm-none-eabi/lib/thumb/v7e-m+fp/hard\libg.a(lib_a-mprec.o)
                0x0800b0b0                __lo0bits
 .text.__i2b    0x0800b110       0x5c e:/compiler/bin/../lib/gcc/arm-none-eabi/10.2.1/../../../../arm-none-eabi/lib/thumb/v7e-m+fp/hard\libg.a(lib_a-mprec.o)
                0x0800b110                __i2b
 .text.__multiply
                0x0800b16c      0x158 e:/compiler/bin/../lib/gcc/arm-none-eabi/10.2.1/../../../../arm-none-eabi/lib/thumb/v7e-m+fp/hard\libg.a(lib_a-mprec.o)
                0x0800b16c                __multiply
 .text.__pow5mult
                0x0800b2c4       0xc0 e:/compiler/bin/../lib/gcc/arm-none-eabi/10.2.1/../../../../arm-none-eabi/lib/thumb/v7e-m+fp/hard\libg.a(lib_a-mprec.o)
                0x0800b2c4                __pow5mult
 .text.__lshift
                0x0800b384       0xf0 e:/compiler/bin/../lib/gcc/arm-none-eabi/10.2.1/../../../../arm-none-eabi/lib/thumb/v7e-m+fp/hard\libg.a(lib_a-mprec.o)
                0x0800b384                __lshift
 .text.__mcmp   0x0800b474       0x44 e:/compiler/bin/../lib/gcc/arm-none-eabi/10.2.1/../../../../arm-none-eabi/lib/thumb/v7e-m+fp/hard\libg.a(lib_a-mprec.o)
                0x0800b474                __mcmp
 .text.__mdiff  0x0800b4b8      0x14c e:/compiler/bin/../lib/gcc/arm-none-eabi/10.2.1/../../../../arm-none-eabi/lib/thumb/v7e-m+fp/hard\libg.a(lib_a-mprec.o)
                0x0800b4b8                __mdiff
 .text.__d2b    0x0800b604       0xd0 e:/compiler/bin/../lib/gcc/arm-none-eabi/10.2.1/../../../../arm-none-eabi/lib/thumb/v7e-m+fp/hard\libg.a(lib_a-mprec.o)
                0x0800b604                __d2b
 .text._sbrk_r  0x0800b6d4       0x24 e:/compiler/bin/../lib/gcc/arm-none-eabi/10.2.1/../../../../arm-none-eabi/lib/thumb/v7e-m+fp/hard\libg.a(lib_a-sbrkr.o)
                0x0800b6d4                _sbrk_r
 .text._svfprintf_r
                0x0800b6f8     0x1adc e:/compiler/bin/../lib/gcc/arm-none-eabi/10.2.1/../../../../arm-none-eabi/lib/thumb/v7e-m+fp/hard\libg.a(lib_a-svfprintf.o)
                0x0800b6f8                _svfprintf_r
 .text.__ascii_wctomb
                0x0800d1d4       0x1c e:/compiler/bin/../lib/gcc/arm-none-eabi/10.2.1/../../../../arm-none-eabi/lib/thumb/v7e-m+fp/hard\libg.a(lib_a-wctomb_r.o)
                0x0800d1d4                __ascii_wctomb
 .text.__register_exitproc
                0x0800d1f0       0x8c e:/compiler/bin/../lib/gcc/arm-none-eabi/10.2.1/../../../../arm-none-eabi/lib/thumb/v7e-m+fp/hard\libg.a(lib_a-__atexit.o)
                0x0800d1f0                __register_exitproc
 .text.__assert_func
                0x0800d27c       0x40 e:/compiler/bin/../lib/gcc/arm-none-eabi/10.2.1/../../../../arm-none-eabi/lib/thumb/v7e-m+fp/hard\libg.a(lib_a-assert.o)
                0x0800d27c                __assert_func
 .text._calloc_r
                0x0800d2bc       0x60 e:/compiler/bin/../lib/gcc/arm-none-eabi/10.2.1/../../../../arm-none-eabi/lib/thumb/v7e-m+fp/hard\libg.a(lib_a-callocr.o)
                0x0800d2bc                _calloc_r
 .text.quorem   0x0800d31c      0x128 e:/compiler/bin/../lib/gcc/arm-none-eabi/10.2.1/../../../../arm-none-eabi/lib/thumb/v7e-m+fp/hard\libg.a(lib_a-dtoa.o)
 *fill*         0x0800d444        0x4 
 .text._dtoa_r  0x0800d448      0xf40 e:/compiler/bin/../lib/gcc/arm-none-eabi/10.2.1/../../../../arm-none-eabi/lib/thumb/v7e-m+fp/hard\libg.a(lib_a-dtoa.o)
                0x0800d448                _dtoa_r
 .text.fiprintf
                0x0800e388       0x28 e:/compiler/bin/../lib/gcc/arm-none-eabi/10.2.1/../../../../arm-none-eabi/lib/thumb/v7e-m+fp/hard\libg.a(lib_a-fiprintf.o)
                0x0800e388                fiprintf
 .text._localeconv_r
                0x0800e3b0        0x8 e:/compiler/bin/../lib/gcc/arm-none-eabi/10.2.1/../../../../arm-none-eabi/lib/thumb/v7e-m+fp/hard\libg.a(lib_a-localeconv.o)
                0x0800e3b0                _localeconv_r
 .text.frexp    0x0800e3b8       0x6c e:/compiler/bin/../lib/gcc/arm-none-eabi/10.2.1/../../../../arm-none-eabi/lib/thumb/v7e-m+fp/hard\libg.a(lib_a-s_frexp.o)
                0x0800e3b8                frexp
 .text.__ssprint_r
                0x0800e424       0xf8 e:/compiler/bin/../lib/gcc/arm-none-eabi/10.2.1/../../../../arm-none-eabi/lib/thumb/v7e-m+fp/hard\libg.a(lib_a-svfiprintf.o)
                0x0800e424                __ssprint_r
 .text.__sprint_r.part.0
                0x0800e51c       0x78 e:/compiler/bin/../lib/gcc/arm-none-eabi/10.2.1/../../../../arm-none-eabi/lib/thumb/v7e-m+fp/hard\libg.a(lib_a-vfiprintf.o)
 .text._vfiprintf_r
                0x0800e594      0xdf4 e:/compiler/bin/../lib/gcc/arm-none-eabi/10.2.1/../../../../arm-none-eabi/lib/thumb/v7e-m+fp/hard\libg.a(lib_a-vfiprintf.o)
                0x0800e594                _vfiprintf_r
 .text.__sbprintf
                0x0800f388       0x80 e:/compiler/bin/../lib/gcc/arm-none-eabi/10.2.1/../../../../arm-none-eabi/lib/thumb/v7e-m+fp/hard\libg.a(lib_a-vfiprintf.o)
 .text.__swsetup_r
                0x0800f408       0xd4 e:/compiler/bin/../lib/gcc/arm-none-eabi/10.2.1/../../../../arm-none-eabi/lib/thumb/v7e-m+fp/hard\libg.a(lib_a-wsetup.o)
                0x0800f408                __swsetup_r
 .text.abort    0x0800f4dc       0x10 e:/compiler/bin/../lib/gcc/arm-none-eabi/10.2.1/../../../../arm-none-eabi/lib/thumb/v7e-m+fp/hard\libg.a(lib_a-abort.o)
                0x0800f4dc                abort
 .text.__sflush_r
                0x0800f4ec      0x130 e:/compiler/bin/../lib/gcc/arm-none-eabi/10.2.1/../../../../arm-none-eabi/lib/thumb/v7e-m+fp/hard\libg.a(lib_a-fflush.o)
                0x0800f4ec                __sflush_r
 .text._fflush_r
                0x0800f61c       0x5c e:/compiler/bin/../lib/gcc/arm-none-eabi/10.2.1/../../../../arm-none-eabi/lib/thumb/v7e-m+fp/hard\libg.a(lib_a-fflush.o)
                0x0800f61c                _fflush_r
 .text._cleanup_r
                0x0800f678        0xc e:/compiler/bin/../lib/gcc/arm-none-eabi/10.2.1/../../../../arm-none-eabi/lib/thumb/v7e-m+fp/hard\libg.a(lib_a-findfp.o)
                0x0800f678                _cleanup_r
 .text.__sinit  0x0800f684      0x10c e:/compiler/bin/../lib/gcc/arm-none-eabi/10.2.1/../../../../arm-none-eabi/lib/thumb/v7e-m+fp/hard\libg.a(lib_a-findfp.o)
                0x0800f684                __sinit
 .text.__sfp_lock_acquire
                0x0800f790        0xc e:/compiler/bin/../lib/gcc/arm-none-eabi/10.2.1/../../../../arm-none-eabi/lib/thumb/v7e-m+fp/hard\libg.a(lib_a-findfp.o)
                0x0800f790                __sfp_lock_acquire
 .text.__sfp_lock_release
                0x0800f79c        0xc e:/compiler/bin/../lib/gcc/arm-none-eabi/10.2.1/../../../../arm-none-eabi/lib/thumb/v7e-m+fp/hard\libg.a(lib_a-findfp.o)
                0x0800f79c                __sfp_lock_release
 .text.__fputwc
                0x0800f7a8       0xa8 e:/compiler/bin/../lib/gcc/arm-none-eabi/10.2.1/../../../../arm-none-eabi/lib/thumb/v7e-m+fp/hard\libg.a(lib_a-fputwc.o)
                0x0800f7a8                __fputwc
 .text._fputwc_r
                0x0800f850       0x68 e:/compiler/bin/../lib/gcc/arm-none-eabi/10.2.1/../../../../arm-none-eabi/lib/thumb/v7e-m+fp/hard\libg.a(lib_a-fputwc.o)
                0x0800f850                _fputwc_r
 .text.__sfvwrite_r
                0x0800f8b8      0x2f0 e:/compiler/bin/../lib/gcc/arm-none-eabi/10.2.1/../../../../arm-none-eabi/lib/thumb/v7e-m+fp/hard\libg.a(lib_a-fvwrite.o)
                0x0800f8b8                __sfvwrite_r
 .text._fwalk_reent
                0x0800fba8       0x48 e:/compiler/bin/../lib/gcc/arm-none-eabi/10.2.1/../../../../arm-none-eabi/lib/thumb/v7e-m+fp/hard\libg.a(lib_a-fwalk.o)
                0x0800fba8                _fwalk_reent
 .text.__smakebuf_r
                0x0800fbf0       0xe0 e:/compiler/bin/../lib/gcc/arm-none-eabi/10.2.1/../../../../arm-none-eabi/lib/thumb/v7e-m+fp/hard\libg.a(lib_a-makebuf.o)
                0x0800fbf0                __smakebuf_r
 .text.memmove  0x0800fcd0       0xf8 e:/compiler/bin/../lib/gcc/arm-none-eabi/10.2.1/../../../../arm-none-eabi/lib/thumb/v7e-m+fp/hard\libg.a(lib_a-memmove.o)
                0x0800fcd0                memmove
 .text._realloc_r
                0x0800fdc8      0x3d8 e:/compiler/bin/../lib/gcc/arm-none-eabi/10.2.1/../../../../arm-none-eabi/lib/thumb/v7e-m+fp/hard\libg.a(lib_a-reallocr.o)
                0x0800fdc8                _realloc_r
 .text.raise    0x080101a0       0x5c e:/compiler/bin/../lib/gcc/arm-none-eabi/10.2.1/../../../../arm-none-eabi/lib/thumb/v7e-m+fp/hard\libg.a(lib_a-signal.o)
                0x080101a0                raise
 .text._kill_r  0x080101fc       0x2c e:/compiler/bin/../lib/gcc/arm-none-eabi/10.2.1/../../../../arm-none-eabi/lib/thumb/v7e-m+fp/hard\libg.a(lib_a-signalr.o)
                0x080101fc                _kill_r
 .text._getpid_r
                0x08010228        0x4 e:/compiler/bin/../lib/gcc/arm-none-eabi/10.2.1/../../../../arm-none-eabi/lib/thumb/v7e-m+fp/hard\libg.a(lib_a-signalr.o)
                0x08010228                _getpid_r
 .text.__sread  0x0801022c       0x24 e:/compiler/bin/../lib/gcc/arm-none-eabi/10.2.1/../../../../arm-none-eabi/lib/thumb/v7e-m+fp/hard\libg.a(lib_a-stdio.o)
                0x0801022c                __sread
 .text.__swrite
                0x08010250       0x40 e:/compiler/bin/../lib/gcc/arm-none-eabi/10.2.1/../../../../arm-none-eabi/lib/thumb/v7e-m+fp/hard\libg.a(lib_a-stdio.o)
                0x08010250                __swrite
 .text.__sseek  0x08010290       0x20 e:/compiler/bin/../lib/gcc/arm-none-eabi/10.2.1/../../../../arm-none-eabi/lib/thumb/v7e-m+fp/hard\libg.a(lib_a-stdio.o)
                0x08010290                __sseek
 .text.__sclose
                0x080102b0        0x8 e:/compiler/bin/../lib/gcc/arm-none-eabi/10.2.1/../../../../arm-none-eabi/lib/thumb/v7e-m+fp/hard\libg.a(lib_a-stdio.o)
                0x080102b0                __sclose
 .text.__swbuf_r
                0x080102b8       0xb0 e:/compiler/bin/../lib/gcc/arm-none-eabi/10.2.1/../../../../arm-none-eabi/lib/thumb/v7e-m+fp/hard\libg.a(lib_a-wbuf.o)
                0x080102b8                __swbuf_r
 .text._wcrtomb_r
                0x08010368       0x3c e:/compiler/bin/../lib/gcc/arm-none-eabi/10.2.1/../../../../arm-none-eabi/lib/thumb/v7e-m+fp/hard\libg.a(lib_a-wcrtomb.o)
                0x08010368                _wcrtomb_r
 .text._write_r
                0x080103a4       0x2c e:/compiler/bin/../lib/gcc/arm-none-eabi/10.2.1/../../../../arm-none-eabi/lib/thumb/v7e-m+fp/hard\libg.a(lib_a-writer.o)
                0x080103a4                _write_r
 .text._close_r
                0x080103d0       0x24 e:/compiler/bin/../lib/gcc/arm-none-eabi/10.2.1/../../../../arm-none-eabi/lib/thumb/v7e-m+fp/hard\libg.a(lib_a-closer.o)
                0x080103d0                _close_r
 .text._fclose_r
                0x080103f4       0xcc e:/compiler/bin/../lib/gcc/arm-none-eabi/10.2.1/../../../../arm-none-eabi/lib/thumb/v7e-m+fp/hard\libg.a(lib_a-fclose.o)
                0x080103f4                _fclose_r
 .text._fstat_r
                0x080104c0       0x2c e:/compiler/bin/../lib/gcc/arm-none-eabi/10.2.1/../../../../arm-none-eabi/lib/thumb/v7e-m+fp/hard\libg.a(lib_a-fstatr.o)
                0x080104c0                _fstat_r
 .text._isatty_r
                0x080104ec       0x24 e:/compiler/bin/../lib/gcc/arm-none-eabi/10.2.1/../../../../arm-none-eabi/lib/thumb/v7e-m+fp/hard\libg.a(lib_a-isattyr.o)
                0x080104ec                _isatty_r
 .text._lseek_r
                0x08010510       0x2c e:/compiler/bin/../lib/gcc/arm-none-eabi/10.2.1/../../../../arm-none-eabi/lib/thumb/v7e-m+fp/hard\libg.a(lib_a-lseekr.o)
                0x08010510                _lseek_r
 .text._read_r  0x0801053c       0x2c e:/compiler/bin/../lib/gcc/arm-none-eabi/10.2.1/../../../../arm-none-eabi/lib/thumb/v7e-m+fp/hard\libg.a(lib_a-readr.o)
                0x0801053c                _read_r
 .text.fmod     0x08010568       0x78 e:/compiler/bin/../lib/gcc/arm-none-eabi/10.2.1/../../../../arm-none-eabi/lib/thumb/v7e-m+fp/hard\libm.a(lib_a-w_fmod.o)
                0x08010568                fmod
 .text.__ieee754_fmod
                0x080105e0      0x27c e:/compiler/bin/../lib/gcc/arm-none-eabi/10.2.1/../../../../arm-none-eabi/lib/thumb/v7e-m+fp/hard\libm.a(lib_a-e_fmod.o)
                0x080105e0                __ieee754_fmod
 *(.glue_7)
 .glue_7        0x0801085c        0x0 linker stubs
 *(.glue_7t)
 .glue_7t       0x0801085c        0x0 linker stubs
 *(.eh_frame)
 .eh_frame      0x0801085c        0x0 e:/compiler/bin/../lib/gcc/arm-none-eabi/10.2.1/thumb/v7e-m+fp/hard/crtbegin.o
 *(.init)
 .init          0x0801085c        0x4 e:/compiler/bin/../lib/gcc/arm-none-eabi/10.2.1/thumb/v7e-m+fp/hard/crti.o
                0x0801085c                _init
 .init          0x08010860        0x8 e:/compiler/bin/../lib/gcc/arm-none-eabi/10.2.1/thumb/v7e-m+fp/hard/crtn.o
 *(.fini)
 .fini          0x08010868        0x4 e:/compiler/bin/../lib/gcc/arm-none-eabi/10.2.1/thumb/v7e-m+fp/hard/crti.o
                0x08010868                _fini
 .fini          0x0801086c        0x8 e:/compiler/bin/../lib/gcc/arm-none-eabi/10.2.1/thumb/v7e-m+fp/hard/crtn.o
                0x08010874                . = ALIGN (0x4)
                0x08010874                _etext = .

.vfp11_veneer   0x08010874        0x0
 .vfp11_veneer  0x08010874        0x0 linker stubs

.v4_bx          0x08010874        0x0
 .v4_bx         0x08010874        0x0 linker stubs

.iplt           0x08010874        0x0
 .iplt          0x08010874        0x0 e:/compiler/bin/../lib/gcc/arm-none-eabi/10.2.1/thumb/v7e-m+fp/hard/crtbegin.o

.rodata         0x08010878      0xab0
                0x08010878                . = ALIGN (0x4)
 *(.rodata)
 .rodata        0x08010878       0x1c CMakeFiles/FOC_Control.elf.dir/Core/Src/main.c.obj
 *(.rodata*)
 .rodata.FOCTask.str1.4
                0x08010894       0x30 CMakeFiles/FOC_Control.elf.dir/Core/Src/freertos.c.obj
 .rodata.UARTTask.str1.4
                0x080108c4      0x20b CMakeFiles/FOC_Control.elf.dir/Core/Src/freertos.c.obj
 *fill*         0x08010acf        0x1 
 .rodata.str1.4
                0x08010ad0       0x39 CMakeFiles/FOC_Control.elf.dir/Core/Src/main.c.obj
 *fill*         0x08010b09        0x3 
 .rodata.StartDefaultTask.str1.4
                0x08010b0c        0xc CMakeFiles/FOC_Control.elf.dir/Core/Src/main.c.obj
 .rodata.os_mutex_def_printfMutex
                0x08010b18        0x8 CMakeFiles/FOC_Control.elf.dir/Core/Src/main.c.obj
                0x08010b18                os_mutex_def_printfMutex
 .rodata.os_thread_def_FOCTask
                0x08010b20       0x1c CMakeFiles/FOC_Control.elf.dir/Core/Src/main.c.obj
                0x08010b20                os_thread_def_FOCTask
 .rodata.os_thread_def_ModeSwitchTask
                0x08010b3c       0x1c CMakeFiles/FOC_Control.elf.dir/Core/Src/main.c.obj
                0x08010b3c                os_thread_def_ModeSwitchTask
 .rodata.os_thread_def_SensorTask
                0x08010b58       0x1c CMakeFiles/FOC_Control.elf.dir/Core/Src/main.c.obj
                0x08010b58                os_thread_def_SensorTask
 .rodata.os_thread_def_UARTTask
                0x08010b74       0x1c CMakeFiles/FOC_Control.elf.dir/Core/Src/main.c.obj
                0x08010b74                os_thread_def_UARTTask
 .rodata.D1CorePrescTable
                0x08010b90       0x10 CMakeFiles/FOC_Control.elf.dir/Core/Src/system_stm32h7xx.c.obj
                0x08010b90                D1CorePrescTable
 .rodata.flagBitshiftOffset.0
                0x08010ba0        0x8 CMakeFiles/FOC_Control.elf.dir/Drivers/STM32H7xx_HAL_Driver/Src/stm32h7xx_hal_dma.c.obj
 .rodata.UARTPrescTable
                0x08010ba8       0x18 CMakeFiles/FOC_Control.elf.dir/Drivers/STM32H7xx_HAL_Driver/Src/stm32h7xx_hal_uart.c.obj
                0x08010ba8                UARTPrescTable
 .rodata.denominator.0
                0x08010bc0        0x8 CMakeFiles/FOC_Control.elf.dir/Drivers/STM32H7xx_HAL_Driver/Src/stm32h7xx_hal_uart_ex.c.obj
 .rodata.numerator.1
                0x08010bc8        0x8 CMakeFiles/FOC_Control.elf.dir/Drivers/STM32H7xx_HAL_Driver/Src/stm32h7xx_hal_uart_ex.c.obj
 .rodata.vTaskStartScheduler.str1.4
                0x08010bd0        0x5 CMakeFiles/FOC_Control.elf.dir/Middlewares/Third_Party/FreeRTOS/Source/tasks.c.obj
 *fill*         0x08010bd5        0x3 
 .rodata.FOC_alignSensor.str1.4
                0x08010bd8       0x1a CMakeFiles/FOC_Control.elf.dir/UserApp/FOC/FOC.c.obj
 *fill*         0x08010bf2        0x2 
 .rodata.sine_array
                0x08010bf4      0x320 CMakeFiles/FOC_Control.elf.dir/UserApp/FOC/FOC_math.c.obj
                0x08010bf4                sine_array
 .rodata._global_impure_ptr
                0x08010f14        0x4 e:/compiler/bin/../lib/gcc/arm-none-eabi/10.2.1/../../../../arm-none-eabi/lib/thumb/v7e-m+fp/hard\libg.a(lib_a-impure.o)
                0x08010f14                _global_impure_ptr
 .rodata._setlocale_r.str1.4
                0x08010f18        0xa e:/compiler/bin/../lib/gcc/arm-none-eabi/10.2.1/../../../../arm-none-eabi/lib/thumb/v7e-m+fp/hard\libg.a(lib_a-locale.o)
                                  0xd (size before relaxing)
 *fill*         0x08010f22        0x2 
 .rodata.str1.4
                0x08010f24        0x2 e:/compiler/bin/../lib/gcc/arm-none-eabi/10.2.1/../../../../arm-none-eabi/lib/thumb/v7e-m+fp/hard\libg.a(lib_a-locale.o)
 *fill*         0x08010f26        0x2 
 .rodata.__multadd.str1.4
                0x08010f28       0x92 e:/compiler/bin/../lib/gcc/arm-none-eabi/10.2.1/../../../../arm-none-eabi/lib/thumb/v7e-m+fp/hard\libg.a(lib_a-mprec.o)
 *fill*         0x08010fba        0x6 
 .rodata.__mprec_bigtens
                0x08010fc0       0x28 e:/compiler/bin/../lib/gcc/arm-none-eabi/10.2.1/../../../../arm-none-eabi/lib/thumb/v7e-m+fp/hard\libg.a(lib_a-mprec.o)
                0x08010fc0                __mprec_bigtens
 .rodata.__mprec_tens
                0x08010fe8       0xc8 e:/compiler/bin/../lib/gcc/arm-none-eabi/10.2.1/../../../../arm-none-eabi/lib/thumb/v7e-m+fp/hard\libg.a(lib_a-mprec.o)
                0x08010fe8                __mprec_tens
 .rodata.p05.0  0x080110b0        0xc e:/compiler/bin/../lib/gcc/arm-none-eabi/10.2.1/../../../../arm-none-eabi/lib/thumb/v7e-m+fp/hard\libg.a(lib_a-mprec.o)
 .rodata._svfprintf_r.str1.4
                0x080110bc       0x42 e:/compiler/bin/../lib/gcc/arm-none-eabi/10.2.1/../../../../arm-none-eabi/lib/thumb/v7e-m+fp/hard\libg.a(lib_a-svfprintf.o)
 *fill*         0x080110fe        0x2 
 .rodata.blanks.1
                0x08011100       0x10 e:/compiler/bin/../lib/gcc/arm-none-eabi/10.2.1/../../../../arm-none-eabi/lib/thumb/v7e-m+fp/hard\libg.a(lib_a-svfprintf.o)
 .rodata.zeroes.0
                0x08011110       0x10 e:/compiler/bin/../lib/gcc/arm-none-eabi/10.2.1/../../../../arm-none-eabi/lib/thumb/v7e-m+fp/hard\libg.a(lib_a-svfprintf.o)
 .rodata.__assert_func.str1.4
                0x08011120       0x3f e:/compiler/bin/../lib/gcc/arm-none-eabi/10.2.1/../../../../arm-none-eabi/lib/thumb/v7e-m+fp/hard\libg.a(lib_a-assert.o)
                                 0x43 (size before relaxing)
 *fill*         0x0801115f        0x1 
 .rodata._ctype_
                0x08011160      0x101 e:/compiler/bin/../lib/gcc/arm-none-eabi/10.2.1/../../../../arm-none-eabi/lib/thumb/v7e-m+fp/hard\libg.a(lib_a-ctype_.o)
                0x08011160                _ctype_
 *fill*         0x08011261        0x3 
 .rodata._dtoa_r.str1.4
                0x08011264       0x8d e:/compiler/bin/../lib/gcc/arm-none-eabi/10.2.1/../../../../arm-none-eabi/lib/thumb/v7e-m+fp/hard\libg.a(lib_a-dtoa.o)
                                 0xa5 (size before relaxing)
 .rodata._vfiprintf_r.str1.4
                0x080112f1       0x2f e:/compiler/bin/../lib/gcc/arm-none-eabi/10.2.1/../../../../arm-none-eabi/lib/thumb/v7e-m+fp/hard\libg.a(lib_a-vfiprintf.o)
 *fill*         0x080112f1        0x3 
 .rodata.blanks.1
                0x080112f4       0x10 e:/compiler/bin/../lib/gcc/arm-none-eabi/10.2.1/../../../../arm-none-eabi/lib/thumb/v7e-m+fp/hard\libg.a(lib_a-vfiprintf.o)
 .rodata.zeroes.0
                0x08011304       0x10 e:/compiler/bin/../lib/gcc/arm-none-eabi/10.2.1/../../../../arm-none-eabi/lib/thumb/v7e-m+fp/hard\libg.a(lib_a-vfiprintf.o)
 *fill*         0x08011314        0x4 
 .rodata.Zero   0x08011318       0x10 e:/compiler/bin/../lib/gcc/arm-none-eabi/10.2.1/../../../../arm-none-eabi/lib/thumb/v7e-m+fp/hard\libm.a(lib_a-e_fmod.o)
                0x08011328                . = ALIGN (0x4)

.ARM.extab
 *(.ARM.extab* .gnu.linkonce.armextab.*)

.ARM            0x08011328        0x8
                0x08011328                __exidx_start = .
 *(.ARM.exidx*)
 .ARM.exidx     0x08011328        0x8 e:/compiler/bin/../lib/gcc/arm-none-eabi/10.2.1/thumb/v7e-m+fp/hard\libgcc.a(_udivmoddi4.o)
                0x08011330                __exidx_end = .

.rel.dyn        0x08011330        0x0
 .rel.iplt      0x08011330        0x0 e:/compiler/bin/../lib/gcc/arm-none-eabi/10.2.1/thumb/v7e-m+fp/hard/crtbegin.o

.preinit_array  0x08011330        0x0
                0x08011330                PROVIDE (__preinit_array_start = .)
 *(.preinit_array*)
                0x08011330                PROVIDE (__preinit_array_end = .)

.init_array     0x08011330        0x8
                0x08011330                PROVIDE (__init_array_start = .)
 *(SORT_BY_NAME(.init_array.*))
 .init_array.00000
                0x08011330        0x4 e:/compiler/bin/../lib/gcc/arm-none-eabi/10.2.1/../../../../arm-none-eabi/lib/thumb/v7e-m+fp/hard\libg.a(lib_a-__call_atexit.o)
 *(.init_array*)
 .init_array    0x08011334        0x4 e:/compiler/bin/../lib/gcc/arm-none-eabi/10.2.1/thumb/v7e-m+fp/hard/crtbegin.o
                0x08011338                PROVIDE (__init_array_end = .)

.fini_array     0x08011338        0x4
                0x08011338                PROVIDE (__fini_array_start = .)
 *(SORT_BY_NAME(.fini_array.*))
 *(.fini_array*)
 .fini_array    0x08011338        0x4 e:/compiler/bin/../lib/gcc/arm-none-eabi/10.2.1/thumb/v7e-m+fp/hard/crtbegin.o
                0x0801133c                PROVIDE (__fini_array_end = .)
                0x0801133c                _sidata = LOADADDR (.data)

.data           0x24000000      0x9cc load address 0x0801133c
                0x24000000                . = ALIGN (0x4)
                0x24000000                _sdata = .
 *(.data)
 *(.data*)
 .data.SystemCoreClock
                0x24000000        0x4 CMakeFiles/FOC_Control.elf.dir/Core/Src/system_stm32h7xx.c.obj
                0x24000000                SystemCoreClock
 .data.SystemD2Clock
                0x24000004        0x4 CMakeFiles/FOC_Control.elf.dir/Core/Src/system_stm32h7xx.c.obj
                0x24000004                SystemD2Clock
 .data.uwTickFreq
                0x24000008        0x1 CMakeFiles/FOC_Control.elf.dir/Drivers/STM32H7xx_HAL_Driver/Src/stm32h7xx_hal.c.obj
                0x24000008                uwTickFreq
 *fill*         0x24000009        0x3 
 .data.uwTickPrio
                0x2400000c        0x4 CMakeFiles/FOC_Control.elf.dir/Drivers/STM32H7xx_HAL_Driver/Src/stm32h7xx_hal.c.obj
                0x2400000c                uwTickPrio
 .data.uxCriticalNesting